******************************************************************************
                  TI ARM Linker PC v20.2.7                     
******************************************************************************
>> Linked Wed Jun 26 13:15:18 2024

OUTPUT FILE NAME:   <OSLAB4.out>
ENTRY POINT SYMBOL: "_c_int00_noargs"  address: 00002c21


MEMORY CONFIGURATION

         name            origin    length      used     unused   attr    fill
----------------------  --------  ---------  --------  --------  ----  --------
  FLASH                 00000000   00100000  00003576  000fca8a  R  X
  SRAM                  20000000   00040000  0000238c  0003dc74  RW X


SEGMENT ALLOCATION MAP

run origin  load origin   length   init length attrs members
----------  ----------- ---------- ----------- ----- -------
00000000    00000000    00003578   00003578    r-x
  00000000    00000000    00000200   00000200    r-- .intvecs
  00000200    00000200    00002b04   00002b04    r-x .text
  00002d04    00002d04    00000004   00000004    r-- .const
  00002d08    00002d08    00000250   00000250    r-x .text.SysCtlClockFreqSet
  00002f58    00002f58    000001b0   000001b0    r-- .rodata.g_pppui32XTALtoVCO
  00003108    00003108    00000170   00000170    r-x .text.GPIOPadConfigSet
  00003278    00003278    00000090   00000090    r-- .rodata.g_pui32GPIOBaseAddrs
  00003308    00003308    0000006c   0000006c    r-- .rodata.g_pui32Xtals
  00003374    00003374    0000004c   0000004c    r-x .text.GPIOPinConfigure
  000033c0    000033c0    00000030   00000030    r-- .rodata.g_sXTALtoMEMTIM
  000033f0    000033f0    0000002e   0000002e    r-x .text.GPIODirModeSet
  0000341e    0000341e    00000026   00000026    r-x .text.SysCtlPeripheralReady
  00003444    00003444    00000024   00000024    r-x .text._SysCtlMemTimingGet
  00003468    00003468    00000022   00000022    r-x .text.SysCtlPeripheralEnable
  0000348a    0000348a    0000001c   0000001c    r-x .text.GPIOPinTypeEthernetLED
  000034a6    000034a6    0000001c   0000001c    r-x .text.GPIOPinTypeGPIOInput
  000034c2    000034c2    0000001c   0000001c    r-x .text.GPIOPinTypeGPIOOutput
  000034de    000034de    0000001c   0000001c    r-x .text.GPIOPinTypeUART
  000034fa    000034fa    0000001c   0000001c    r-x .text.GPIOPinTypeUSBAnalog
  00003516    00003516    0000001c   0000001c    r-x .text.GPIOPinTypeUSBDigital
  00003534    00003534    00000008   00000008    r-- .rodata.g_pui32VCOFrequencies
  0000353c    0000353c    00000006   00000006    r-x .text.GPIOPinRead
  00003542    00003542    00000006   00000006    r-x .text.GPIOPinWrite
  00003548    00003548    00000030   00000030    r-- .cinit
20000000    20000000    00002390   00000000    rw-
  20000000    20000000    0000214c   00000000    rw- .bss
  20002150    20002150    00000200   00000000    rw- .stack
  20002350    20002350    00000040   00000000    rw- .data


SECTION ALLOCATION MAP

 output                                  attributes/
section   page    origin      length       input sections
--------  ----  ----------  ----------   ----------------
.intvecs   0    00000000    00000200     
                  00000000    00000200     tm4c1294ncpdt_startup_ccs.obj (.intvecs)

.text      0    00000200    00002b04     
                  00000200    00001264     tasks.obj (.text)
                  00001464    00000b16     queue.obj (.text)
                  00001f7a    00000002     --HOLE-- [fill = 0]
                  00001f7c    000003e8     main.obj (.text)
                  00002364    00000290     pinout.obj (.text)
                  000025f4    0000013c     port.obj (.text)
                  00002730    0000012a     list.obj (.text)
                  0000285a    00000002     --HOLE-- [fill = 0]
                  0000285c    000000da     portasm.obj (.text)
                  00002936    00000002     --HOLE-- [fill = 0]
                  00002938    0000009c     heap_1.obj (.text)
                  000029d4    0000009c     rtsv7M4_T_le_v4SPD16_eabi.lib : memcpy_t2.asm.obj (.text)
                  00002a70    00000088     isr.obj (.text)
                  00002af8    0000007a     rtsv7M4_T_le_v4SPD16_eabi.lib : memset_t2.asm.obj (.text)
                  00002b72    00000068                                   : copy_decompress_lzss.c.obj (.text:decompress:lzss:__TI_decompress_lzss)
                  00002bda    00000002     --HOLE-- [fill = 0]
                  00002bdc    00000044                                   : autoinit.c.obj (.text:__TI_auto_init_nobinit_nopinit:__TI_auto_init_nobinit_nopinit)
                  00002c20    00000034                                   : boot_cortex_m.c.obj (.text:_c_int00_noargs:_c_int00_noargs)
                  00002c54    00000018                                   : strcmp.c.obj (.text:strcmp)
                  00002c6c    0000000e                                   : copy_decompress_none.c.obj (.text:decompress:none:__TI_decompress_none)
                  00002c7a    0000000c                                   : copy_zero_init.c.obj (.text:decompress:ZI:__TI_zero_init)
                  00002c86    0000000c     tm4c1294ncpdt_startup_ccs.obj (.text)
                  00002c92    00000004     rtsv7M4_T_le_v4SPD16_eabi.lib : pre_init.c.obj (.text:_system_pre_init)
                  00002c96    00000004                                   : exit.c.obj (.text:abort:abort)
                  00002c9a    00000002     --HOLE-- [fill = 0]
                  00002c9c    00000008     libdriver.a : gpio.o (.tramp.GPIOPinTypeEthernetLED.1)
                  00002ca4    00000008                 : gpio.o (.tramp.GPIOPadConfigSet.1)
                  00002cac    00000008                 : gpio.o (.tramp.GPIOPinTypeUSBDigital.1)
                  00002cb4    00000008                 : gpio.o (.tramp.GPIOPinTypeUSBAnalog.1)
                  00002cbc    00000008                 : gpio.o (.tramp.GPIOPinTypeUART.1)
                  00002cc4    00000008                 : gpio.o (.tramp.GPIOPinConfigure.1)
                  00002ccc    00000008                 : gpio.o (.tramp.GPIOPinTypeGPIOInput.1)
                  00002cd4    00000008                 : gpio.o (.tramp.GPIOPinTypeGPIOOutput.1)
                  00002cdc    00000008                 : sysctl.o (.tramp.SysCtlPeripheralReady.1)
                  00002ce4    00000008                 : sysctl.o (.tramp.SysCtlPeripheralEnable.1)
                  00002cec    00000008                 : sysctl.o (.tramp.SysCtlClockFreqSet.1)
                  00002cf4    00000008                 : gpio.o (.tramp.GPIOPinRead.1)
                  00002cfc    00000008                 : gpio.o (.tramp.GPIOPinWrite.1)

.const     0    00002d04    00000004     
                  00002d04    00000004     port.obj (.const)

.text.SysCtlClockFreqSet 
*          0    00002d08    00000250     
                  00002d08    00000248     libdriver.a : sysctl.o (.text.SysCtlClockFreqSet)
                  00002f50    00000008                 : sysctl.o (.tramp._SysCtlMemTimingGet.1)

.rodata.g_pppui32XTALtoVCO 
*          0    00002f58    000001b0     
                  00002f58    000001b0     libdriver.a : sysctl.o (.rodata.g_pppui32XTALtoVCO)

.text.GPIOPadConfigSet 
*          0    00003108    00000170     
                  00003108    00000170     libdriver.a : gpio.o (.text.GPIOPadConfigSet)

.rodata.g_pui32GPIOBaseAddrs 
*          0    00003278    00000090     
                  00003278    00000090     libdriver.a : gpio.o (.rodata.g_pui32GPIOBaseAddrs)

.rodata.g_pui32Xtals 
*          0    00003308    0000006c     
                  00003308    0000006c     libdriver.a : sysctl.o (.rodata.g_pui32Xtals)

.text.GPIOPinConfigure 
*          0    00003374    0000004c     
                  00003374    0000004c     libdriver.a : gpio.o (.text.GPIOPinConfigure)

.rodata.g_sXTALtoMEMTIM 
*          0    000033c0    00000030     
                  000033c0    00000030     libdriver.a : sysctl.o (.rodata.g_sXTALtoMEMTIM)

.text.SysCtlPeripheralReady 
*          0    0000341e    00000026     
                  0000341e    00000026     libdriver.a : sysctl.o (.text.SysCtlPeripheralReady)

.text._SysCtlMemTimingGet 
*          0    00003444    00000024     
                  00003444    00000024     libdriver.a : sysctl.o (.text._SysCtlMemTimingGet)

.text.SysCtlPeripheralEnable 
*          0    00003468    00000022     
                  00003468    00000022     libdriver.a : sysctl.o (.text.SysCtlPeripheralEnable)

.text.GPIOPinTypeEthernetLED 
*          0    0000348a    0000001c     
                  0000348a    0000001c     libdriver.a : gpio.o (.text.GPIOPinTypeEthernetLED)

.text.GPIOPinTypeGPIOInput 
*          0    000034a6    0000001c     
                  000034a6    0000001c     libdriver.a : gpio.o (.text.GPIOPinTypeGPIOInput)

.text.GPIOPinTypeGPIOOutput 
*          0    000034c2    0000001c     
                  000034c2    0000001c     libdriver.a : gpio.o (.text.GPIOPinTypeGPIOOutput)

.text.GPIOPinTypeUART 
*          0    000034de    0000001c     
                  000034de    0000001c     libdriver.a : gpio.o (.text.GPIOPinTypeUART)

.text.GPIOPinTypeUSBAnalog 
*          0    000034fa    0000001c     
                  000034fa    0000001c     libdriver.a : gpio.o (.text.GPIOPinTypeUSBAnalog)

.text.GPIOPinTypeUSBDigital 
*          0    00003516    0000001c     
                  00003516    0000001c     libdriver.a : gpio.o (.text.GPIOPinTypeUSBDigital)

.rodata.g_pui32VCOFrequencies 
*          0    00003534    00000008     
                  00003534    00000008     libdriver.a : sysctl.o (.rodata.g_pui32VCOFrequencies)

.cinit     0    00003548    00000030     
                  00003548    0000000c     (__TI_handler_table)
                  00003554    0000000b     (.cinit..data.load) [load image, compression = lzss]
                  0000355f    00000001     --HOLE-- [fill = 0]
                  00003560    00000008     (.cinit..bss.load) [load image, compression = zero_init]
                  00003568    00000010     (__TI_cinit_table)

.init_array 
*          0    00000000    00000000     UNINITIALIZED

.bss       0    20000000    0000214c     UNINITIALIZED
                  20000000    00002000     heap_1.obj (.bss:ucHeap)
                  20002000    000000a0     tasks.obj (.bss:pxReadyTasksLists)
                  200020a0    0000001c     (.common:adcTP0_)
                  200020bc    0000001c     (.common:adcTP1_)
                  200020d8    00000014     tasks.obj (.bss:xDelayedTaskList1)
                  200020ec    00000014     tasks.obj (.bss:xDelayedTaskList2)
                  20002100    00000014     tasks.obj (.bss:xPendingReadyList)
                  20002114    00000014     tasks.obj (.bss:xSuspendedTaskList)
                  20002128    00000010     (.common:buttonServiceTP_)
                  20002138    0000000c     isr.obj (.bss)
                  20002144    00000008     tasks.obj (.bss)

.data      0    20002350    00000040     UNINITIALIZED
                  20002350    00000030     tasks.obj (.data)
                  20002380    00000008     heap_1.obj (.data)
                  20002388    00000004     main.obj (.data)
                  2000238c    00000004     port.obj (.data)

.stack     0    20002150    00000200     UNINITIALIZED
                  20002150    00000004     rtsv7M4_T_le_v4SPD16_eabi.lib : boot_cortex_m.c.obj (.stack)
                  20002154    000001fc     --HOLE--

__llvm_prf_cnts 
*          0    20000000    00000000     UNINITIALIZED

.text.GPIODirModeSet 
*          0    000033f0    0000002e     
                  000033f0    0000002e     libdriver.a : gpio.o (.text.GPIODirModeSet)

.text.GPIOPinRead 
*          0    0000353c    00000006     
                  0000353c    00000006     libdriver.a : gpio.o (.text.GPIOPinRead)

.text.GPIOPinWrite 
*          0    00003542    00000006     
                  00003542    00000006     libdriver.a : gpio.o (.text.GPIOPinWrite)

MODULE SUMMARY

       Module                          code    ro data   rw data
       ------                          ----    -------   -------
    .\
       main.obj                        1000    0         76     
       pinout.obj                      656     0         0      
       tm4c1294ncpdt_startup_ccs.obj   12      512       0      
       isr.obj                         136     0         12     
    +--+-------------------------------+-------+---------+---------+
       Total:                          1804    512       88     
                                                                
    .\rtos\FreeRTOS\source\
       tasks.obj                       4708    0         296    
       queue.obj                       2838    0         0      
       list.obj                        298     0         0      
    +--+-------------------------------+-------+---------+---------+
       Total:                          7844    0         296    
                                                                
    .\rtos\FreeRTOS\source\portable\CCS\ARM_CM4F\
       port.obj                        316     4         4      
       portasm.obj                     218     0         0      
    +--+-------------------------------+-------+---------+---------+
       Total:                          534     4         4      
                                                                
    .\rtos\FreeRTOS\source\portable\MemMang\
       heap_1.obj                      156     0         8200   
    +--+-------------------------------+-------+---------+---------+
       Total:                          156     0         8200   
                                                                
    C:/ti/TivaWare_C_Series-2.2.0.295/driverlib/gcc/libdriver.a
       sysctl.o                        724     596       0      
       gpio.o                          750     144       0      
    +--+-------------------------------+-------+---------+---------+
       Total:                          1474    740       0      
                                                                
    C:\ti\ccs1250\ccs\tools\compiler\ti-cgt-arm_20.2.7.LTS\lib\rtsv7M4_T_le_v4SPD16_eabi.lib
       memcpy_t2.asm.obj               156     0         0      
       memset_t2.asm.obj               122     0         0      
       copy_decompress_lzss.c.obj      104     0         0      
       autoinit.c.obj                  68      0         0      
       boot_cortex_m.c.obj             52      0         0      
       strcmp.c.obj                    24      0         0      
       copy_decompress_none.c.obj      14      0         0      
       copy_zero_init.c.obj            12      0         0      
       exit.c.obj                      4       0         0      
       pre_init.c.obj                  4       0         0      
    +--+-------------------------------+-------+---------+---------+
       Total:                          560     0         0      
                                                                
       Stack:                          0       0         512    
       Linker Generated:               0       47        0      
    +--+-------------------------------+-------+---------+---------+
       Grand Total:                    12372   1303      9100   


LINKER GENERATED COPY TABLES

__TI_cinit_table @ 00003568 records: 2, size/record: 8, table size: 16
	.data: load addr=00003554, load size=0000000b bytes, run addr=20002350, run size=00000040 bytes, compression=lzss
	.bss: load addr=00003560, load size=00000008 bytes, run addr=20000000, run size=0000214c bytes, compression=zero_init


LINKER GENERATED HANDLER TABLE

__TI_handler_table @ 00003548 records: 3, size/record: 4, table size: 12
	index: 0, handler: __TI_decompress_lzss
	index: 1, handler: __TI_decompress_none
	index: 2, handler: __TI_zero_init


FAR CALL TRAMPOLINES

callee name               trampoline name
   callee addr  tramp addr   call addr  call info
--------------  -----------  ---------  ----------------
GPIOPinTypeEthernetLED    $Tramp$TT$S$$GPIOPinTypeEthernetLED
   0000348b     00002c9c     00002446   pinout.obj (.text)
GPIOPadConfigSet          $Tramp$TT$S$$GPIOPadConfigSet
   00003109     00002ca4     0000242a   pinout.obj (.text)
                             00002466   pinout.obj (.text)
                             0000248c   pinout.obj (.text)
GPIOPinTypeUSBDigital     $Tramp$TT$S$$GPIOPinTypeUSBDigital
   00003517     00002cac     00002404   pinout.obj (.text)
GPIOPinTypeUSBAnalog      $Tramp$TT$S$$GPIOPinTypeUSBAnalog
   000034fb     00002cb4     000023fc   pinout.obj (.text)
                             0000240c   pinout.obj (.text)
GPIOPinTypeUART           $Tramp$TT$S$$GPIOPinTypeUART
   000034df     00002cbc     000023dc   pinout.obj (.text)
GPIOPinConfigure          $Tramp$TT$S$$GPIOPinConfigure
   00003375     00002cc4     000023ca   pinout.obj (.text)
                             000023d2   pinout.obj (.text)
                             000023f4   pinout.obj (.text)
                             00002438   pinout.obj (.text)
                             0000243e   pinout.obj (.text)
GPIOPinTypeGPIOInput      $Tramp$TT$S$$GPIOPinTypeGPIOInput
   000034a7     00002ccc     00002286   main.obj (.text)
                             00002414   pinout.obj (.text)
                             0000241e   pinout.obj (.text)
                             0000246e   pinout.obj (.text)
GPIOPinTypeGPIOOutput     $Tramp$TT$S$$GPIOPinTypeGPIOOutput
   000034c3     00002cd4     00002276   main.obj (.text)
                             0000227e   main.obj (.text)
                             00002450   pinout.obj (.text)
                             00002480   pinout.obj (.text)
SysCtlPeripheralReady     $Tramp$TT$S$$SysCtlPeripheralReady
   0000341f     00002cdc     00002256   main.obj (.text)
                             00002260   main.obj (.text)
                             0000226a   main.obj (.text)
SysCtlPeripheralEnable    $Tramp$TT$S$$SysCtlPeripheralEnable
   00003469     00002ce4     0000223c   main.obj (.text)
                             00002242   main.obj (.text)
                             00002248   main.obj (.text)
                             00002370   pinout.obj (.text)
                             00002376   pinout.obj (.text)
                             0000237c   pinout.obj (.text)
                             00002382   pinout.obj (.text)
                             00002388   pinout.obj (.text)
                             0000238e   pinout.obj (.text)
                             00002394   pinout.obj (.text)
                             0000239a   pinout.obj (.text)
                             000023a0   pinout.obj (.text)
                             000023a6   pinout.obj (.text)
                             000023ac   pinout.obj (.text)
                             000023b2   pinout.obj (.text)
                             000023b8   pinout.obj (.text)
                             000023be   pinout.obj (.text)
                             000023c4   pinout.obj (.text)
SysCtlClockFreqSet        $Tramp$TT$S$$SysCtlClockFreqSet
   00002d09     00002cec     00002236   main.obj (.text)
GPIOPinRead               $Tramp$TT$S$$GPIOPinRead
   0000353d     00002cf4     00002182   main.obj (.text)
                             0000253a   pinout.obj (.text)
                             0000254e   pinout.obj (.text)
                             00002562   pinout.obj (.text)
                             00002576   pinout.obj (.text)
GPIOPinWrite              $Tramp$TT$S$$GPIOPinWrite
   00003543     00002cfc     00002118   main.obj (.text)
                             0000212a   main.obj (.text)
                             0000245a   pinout.obj (.text)
                             00002478   pinout.obj (.text)
                             00002496   pinout.obj (.text)
                             000024b4   pinout.obj (.text)
                             000024c0   pinout.obj (.text)
                             000024d6   pinout.obj (.text)
                             000024e2   pinout.obj (.text)
                             000024f8   pinout.obj (.text)
                             00002504   pinout.obj (.text)
                             0000251a   pinout.obj (.text)
                             00002526   pinout.obj (.text)
_SysCtlMemTimingGet       $Tramp$TT$S$$_SysCtlMemTimingGet
   00003445     00002f50     00002dac   libdriver.a : sysctl.o (.text.SysCtlClockFreqSet)
                             00002e56               : sysctl.o (.text.SysCtlClockFreqSet)
                             00002e92               : sysctl.o (.text.SysCtlClockFreqSet)
                             00002ec8               : sysctl.o (.text.SysCtlClockFreqSet)

[14 trampolines]
[65 trampoline calls]


GLOBAL SYMBOLS: SORTED ALPHABETICALLY BY Name 

address   name                               
-------   ----                               
00002c97  C$$EXIT                            
000033f1  GPIODirModeSet                     
00003109  GPIOPadConfigSet                   
00003375  GPIOPinConfigure                   
0000353d  GPIOPinRead                        
0000348b  GPIOPinTypeEthernetLED             
000034a7  GPIOPinTypeGPIOInput               
000034c3  GPIOPinTypeGPIOOutput              
000034df  GPIOPinTypeUART                    
000034fb  GPIOPinTypeUSBAnalog               
00003517  GPIOPinTypeUSBDigital              
00003543  GPIOPinWrite                       
0000252d  LEDRead                            
0000249d  LEDWrite                           
00002365  PinoutSet                          
00002c87  ResetISR                           
00002d09  SysCtlClockFreqSet                 
00003469  SysCtlPeripheralEnable             
0000341f  SysCtlPeripheralReady              
20002350  __STACK_END                        
00000200  __STACK_SIZE                       
20002350  __STACK_TOP                        
00003568  __TI_CINIT_Base                    
00003578  __TI_CINIT_Limit                   
00003548  __TI_Handler_Table_Base            
00003554  __TI_Handler_Table_Limit           
00002bdd  __TI_auto_init_nobinit_nopinit     
00002b73  __TI_decompress_lzss               
00002c6d  __TI_decompress_none               
ffffffff  __TI_pprof_out_hndl                
ffffffff  __TI_prof_data_size                
ffffffff  __TI_prof_data_start               
00000000  __TI_static_base__                 
00002c7b  __TI_zero_init                     
00002af9  __aeabi_memclr                     
00002af9  __aeabi_memclr4                    
00002af9  __aeabi_memclr8                    
000029d5  __aeabi_memcpy                     
000029d5  __aeabi_memcpy4                    
000029d5  __aeabi_memcpy8                    
00002afb  __aeabi_memset                     
00002afb  __aeabi_memset4                    
00002afb  __aeabi_memset8                    
ffffffff  __binit__                          
ffffffff  __c_args__                         
UNDEFED   __mpu_init                         
20002150  __stack                            
20000000  __start___llvm_prf_cnts            
20000000  __stop___llvm_prf_cnts             
00002c21  _c_int00_noargs                    
UNDEFED   _system_post_cinit                 
00002c93  _system_pre_init                   
00002c97  abort                              
20002388  activationCounterJ1_               
200020a0  adcTP0_                            
200020bc  adcTP1_                            
ffffffff  binit                              
20002128  buttonServiceTP_                   
00002a71  configureISR                       
00000000  g_pfnVectors                       
00002a91  gpioPortJIsr                       
00001f7d  main                               
000029d5  memcpy                             
00002b01  memset                             
00000863  pcTaskGetName                      
00002939  pvPortMalloc                       
00000f91  pvTaskIncrementMutexHeldCount      
20002350  pxCurrentTCB                       
000025f5  pxPortInitialiseStack              
00002c55  strcmp                             
00002d04  ulMaxSyscallInterruptPriority      
0000286d  ulPortGetIPSR                      
00000fa9  ulTaskNotifyTake                   
00002813  uxListRemove                       
00001cc5  uxQueueMessagesWaiting             
00001cfb  uxQueueMessagesWaitingFromISR      
00001cdb  uxQueueSpacesAvailable             
0000085d  uxTaskGetNumberOfTasks             
00000f69  uxTaskResetEventItemValue          
00002731  vListInitialise                    
00002761  vListInitialiseItem                
000027ad  vListInsert                        
00002771  vListInsertEnd                     
00002929  vPortEnableVFP                     
00002695  vPortEndScheduler                  
00002697  vPortEnterCritical                 
000026b7  vPortExitCritical                  
000029a9  vPortFree                          
000029b3  vPortInitialiseBlocks              
000028e5  vPortSVCHandler                    
000026f3  vPortSetupTimerInterrupt           
00002905  vPortStartFirstTask                
00001d11  vQueueDelete                       
0000047f  vTaskDelay                         
000003ef  vTaskDelayUntil                    
00000729  vTaskEndScheduler                  
00000b85  vTaskInternalSetTimeOutState       
00000c27  vTaskMissedYield                   
000012bd  vTaskNotifyGiveFromISR             
00000a2d  vTaskPlaceOnEventList              
00000a4d  vTaskPlaceOnUnorderedEventList     
00000e95  vTaskPriorityDisinheritAfterTimeout
00000af9  vTaskRemoveFromUnorderedEventList  
000005cd  vTaskResume                        
00000b5b  vTaskSetTimeOutState               
000006df  vTaskStartScheduler                
000004b5  vTaskSuspend                       
00000745  vTaskSuspendAll                    
000009c5  vTaskSwitchContext                 
000029bb  xPortGetFreeHeapSize               
00002885  xPortPendSVHandler                 
0000265f  xPortStartScheduler                
000026cd  xPortSysTickHandler                
000015b9  xQueueCreateMutex                  
00001505  xQueueGenericCreate                
00001465  xQueueGenericReset                 
000015e5  xQueueGenericSend                  
00001715  xQueueGenericSendFromISR           
000017b1  xQueueGiveFromISR                  
00001f0f  xQueueIsQueueEmptyFromISR          
00001f55  xQueueIsQueueFullFromISR           
00001ab7  xQueuePeek                         
00001c73  xQueuePeekFromISR                  
00001845  xQueueReceive                      
00001bd9  xQueueReceiveFromISR               
0000195d  xQueueSemaphoreTake                
00000ba9  xTaskCheckForTimeOut               
00000201  xTaskCreate                        
000010c5  xTaskGenericNotify                 
000011b5  xTaskGenericNotifyFromISR          
00000ce1  xTaskGetCurrentTaskHandle          
00000833  xTaskGetTickCount                  
00000849  xTaskGetTickCountFromISR           
00000895  xTaskIncrementTick                 
00001369  xTaskNotifyStateClear              
00001025  xTaskNotifyWait                    
00000ddd  xTaskPriorityDisinherit            
00000cf9  xTaskPriorityInherit               
00000a81  xTaskRemoveFromEventList           
00000755  xTaskResumeAll                     
00000659  xTaskResumeFromISR                 


GLOBAL SYMBOLS: SORTED BY Symbol Address 

address   name                               
-------   ----                               
00000000  __TI_static_base__                 
00000000  g_pfnVectors                       
00000200  __STACK_SIZE                       
00000201  xTaskCreate                        
000003ef  vTaskDelayUntil                    
0000047f  vTaskDelay                         
000004b5  vTaskSuspend                       
000005cd  vTaskResume                        
00000659  xTaskResumeFromISR                 
000006df  vTaskStartScheduler                
00000729  vTaskEndScheduler                  
00000745  vTaskSuspendAll                    
00000755  xTaskResumeAll                     
00000833  xTaskGetTickCount                  
00000849  xTaskGetTickCountFromISR           
0000085d  uxTaskGetNumberOfTasks             
00000863  pcTaskGetName                      
00000895  xTaskIncrementTick                 
000009c5  vTaskSwitchContext                 
00000a2d  vTaskPlaceOnEventList              
00000a4d  vTaskPlaceOnUnorderedEventList     
00000a81  xTaskRemoveFromEventList           
00000af9  vTaskRemoveFromUnorderedEventList  
00000b5b  vTaskSetTimeOutState               
00000b85  vTaskInternalSetTimeOutState       
00000ba9  xTaskCheckForTimeOut               
00000c27  vTaskMissedYield                   
00000ce1  xTaskGetCurrentTaskHandle          
00000cf9  xTaskPriorityInherit               
00000ddd  xTaskPriorityDisinherit            
00000e95  vTaskPriorityDisinheritAfterTimeout
00000f69  uxTaskResetEventItemValue          
00000f91  pvTaskIncrementMutexHeldCount      
00000fa9  ulTaskNotifyTake                   
00001025  xTaskNotifyWait                    
000010c5  xTaskGenericNotify                 
000011b5  xTaskGenericNotifyFromISR          
000012bd  vTaskNotifyGiveFromISR             
00001369  xTaskNotifyStateClear              
00001465  xQueueGenericReset                 
00001505  xQueueGenericCreate                
000015b9  xQueueCreateMutex                  
000015e5  xQueueGenericSend                  
00001715  xQueueGenericSendFromISR           
000017b1  xQueueGiveFromISR                  
00001845  xQueueReceive                      
0000195d  xQueueSemaphoreTake                
00001ab7  xQueuePeek                         
00001bd9  xQueueReceiveFromISR               
00001c73  xQueuePeekFromISR                  
00001cc5  uxQueueMessagesWaiting             
00001cdb  uxQueueSpacesAvailable             
00001cfb  uxQueueMessagesWaitingFromISR      
00001d11  vQueueDelete                       
00001f0f  xQueueIsQueueEmptyFromISR          
00001f55  xQueueIsQueueFullFromISR           
00001f7d  main                               
00002365  PinoutSet                          
0000249d  LEDWrite                           
0000252d  LEDRead                            
000025f5  pxPortInitialiseStack              
0000265f  xPortStartScheduler                
00002695  vPortEndScheduler                  
00002697  vPortEnterCritical                 
000026b7  vPortExitCritical                  
000026cd  xPortSysTickHandler                
000026f3  vPortSetupTimerInterrupt           
00002731  vListInitialise                    
00002761  vListInitialiseItem                
00002771  vListInsertEnd                     
000027ad  vListInsert                        
00002813  uxListRemove                       
0000286d  ulPortGetIPSR                      
00002885  xPortPendSVHandler                 
000028e5  vPortSVCHandler                    
00002905  vPortStartFirstTask                
00002929  vPortEnableVFP                     
00002939  pvPortMalloc                       
000029a9  vPortFree                          
000029b3  vPortInitialiseBlocks              
000029bb  xPortGetFreeHeapSize               
000029d5  __aeabi_memcpy                     
000029d5  __aeabi_memcpy4                    
000029d5  __aeabi_memcpy8                    
000029d5  memcpy                             
00002a71  configureISR                       
00002a91  gpioPortJIsr                       
00002af9  __aeabi_memclr                     
00002af9  __aeabi_memclr4                    
00002af9  __aeabi_memclr8                    
00002afb  __aeabi_memset                     
00002afb  __aeabi_memset4                    
00002afb  __aeabi_memset8                    
00002b01  memset                             
00002b73  __TI_decompress_lzss               
00002bdd  __TI_auto_init_nobinit_nopinit     
00002c21  _c_int00_noargs                    
00002c55  strcmp                             
00002c6d  __TI_decompress_none               
00002c7b  __TI_zero_init                     
00002c87  ResetISR                           
00002c93  _system_pre_init                   
00002c97  C$$EXIT                            
00002c97  abort                              
00002d04  ulMaxSyscallInterruptPriority      
00002d09  SysCtlClockFreqSet                 
00003109  GPIOPadConfigSet                   
00003375  GPIOPinConfigure                   
000033f1  GPIODirModeSet                     
0000341f  SysCtlPeripheralReady              
00003469  SysCtlPeripheralEnable             
0000348b  GPIOPinTypeEthernetLED             
000034a7  GPIOPinTypeGPIOInput               
000034c3  GPIOPinTypeGPIOOutput              
000034df  GPIOPinTypeUART                    
000034fb  GPIOPinTypeUSBAnalog               
00003517  GPIOPinTypeUSBDigital              
0000353d  GPIOPinRead                        
00003543  GPIOPinWrite                       
00003548  __TI_Handler_Table_Base            
00003554  __TI_Handler_Table_Limit           
00003568  __TI_CINIT_Base                    
00003578  __TI_CINIT_Limit                   
20000000  __start___llvm_prf_cnts            
20000000  __stop___llvm_prf_cnts             
200020a0  adcTP0_                            
200020bc  adcTP1_                            
20002128  buttonServiceTP_                   
20002150  __stack                            
20002350  __STACK_END                        
20002350  __STACK_TOP                        
20002350  pxCurrentTCB                       
20002388  activationCounterJ1_               
ffffffff  __TI_pprof_out_hndl                
ffffffff  __TI_prof_data_size                
ffffffff  __TI_prof_data_start               
ffffffff  __binit__                          
ffffffff  __c_args__                         
ffffffff  binit                              
UNDEFED   __mpu_init                         
UNDEFED   _system_post_cinit                 

[141 symbols]
