<?xml version="1.0" encoding="ISO-8859-1" ?>
<link_info>
   <banner>TI ARM Linker PC v20.2.7.LTS</banner>
   <copyright>Copyright (c) 1996-2018 Texas Instruments Incorporated</copyright>
   <link_time>0x667bebb7</link_time>
   <link_errors>0x0</link_errors>
   <output_file>OSLAB4.out</output_file>
   <entry_point>
      <name>_c_int00_noargs</name>
      <address>0x2c21</address>
   </entry_point>
   <input_file_list>
      <input_file id="fl-2">
         <path>.\</path>
         <kind>object</kind>
         <file>isr.obj</file>
         <name>isr.obj</name>
      </input_file>
      <input_file id="fl-3">
         <path>.\</path>
         <kind>object</kind>
         <file>main.obj</file>
         <name>main.obj</name>
      </input_file>
      <input_file id="fl-4">
         <path>.\</path>
         <kind>object</kind>
         <file>pinout.obj</file>
         <name>pinout.obj</name>
      </input_file>
      <input_file id="fl-5">
         <path>.\</path>
         <kind>object</kind>
         <file>tm4c1294ncpdt_startup_ccs.obj</file>
         <name>tm4c1294ncpdt_startup_ccs.obj</name>
      </input_file>
      <input_file id="fl-6">
         <path>.\rtos\FreeRTOS\source\</path>
         <kind>object</kind>
         <file>croutine.obj</file>
         <name>croutine.obj</name>
      </input_file>
      <input_file id="fl-7">
         <path>.\rtos\FreeRTOS\source\</path>
         <kind>object</kind>
         <file>event_groups.obj</file>
         <name>event_groups.obj</name>
      </input_file>
      <input_file id="fl-8">
         <path>.\rtos\FreeRTOS\source\</path>
         <kind>object</kind>
         <file>list.obj</file>
         <name>list.obj</name>
      </input_file>
      <input_file id="fl-9">
         <path>.\rtos\FreeRTOS\source\</path>
         <kind>object</kind>
         <file>queue.obj</file>
         <name>queue.obj</name>
      </input_file>
      <input_file id="fl-a">
         <path>.\rtos\FreeRTOS\source\</path>
         <kind>object</kind>
         <file>stream_buffer.obj</file>
         <name>stream_buffer.obj</name>
      </input_file>
      <input_file id="fl-b">
         <path>.\rtos\FreeRTOS\source\</path>
         <kind>object</kind>
         <file>tasks.obj</file>
         <name>tasks.obj</name>
      </input_file>
      <input_file id="fl-c">
         <path>.\rtos\FreeRTOS\source\</path>
         <kind>object</kind>
         <file>timers.obj</file>
         <name>timers.obj</name>
      </input_file>
      <input_file id="fl-d">
         <path>.\rtos\FreeRTOS\source\portable\CCS\ARM_CM4F\</path>
         <kind>object</kind>
         <file>port.obj</file>
         <name>port.obj</name>
      </input_file>
      <input_file id="fl-e">
         <path>.\rtos\FreeRTOS\source\portable\CCS\ARM_CM4F\</path>
         <kind>object</kind>
         <file>portasm.obj</file>
         <name>portasm.obj</name>
      </input_file>
      <input_file id="fl-f">
         <path>.\rtos\FreeRTOS\source\portable\MemMang\</path>
         <kind>object</kind>
         <file>heap_1.obj</file>
         <name>heap_1.obj</name>
      </input_file>
      <input_file id="fl-14">
         <kind>object</kind>
         <file>&lt;internal&gt;</file>
         <name>&lt;internal&gt;</name>
      </input_file>
      <input_file id="fl-ca">
         <path>C:\ti\ccs1250\ccs\tools\compiler\ti-cgt-arm_20.2.7.LTS\lib\</path>
         <kind>archive</kind>
         <file>rtsv7M4_T_le_v4SPD16_eabi.lib</file>
         <name>memcpy_t2.asm.obj</name>
      </input_file>
      <input_file id="fl-cb">
         <path>C:\ti\ccs1250\ccs\tools\compiler\ti-cgt-arm_20.2.7.LTS\lib\</path>
         <kind>archive</kind>
         <file>rtsv7M4_T_le_v4SPD16_eabi.lib</file>
         <name>memset_t2.asm.obj</name>
      </input_file>
      <input_file id="fl-cc">
         <path>C:\ti\ccs1250\ccs\tools\compiler\ti-cgt-arm_20.2.7.LTS\lib\</path>
         <kind>archive</kind>
         <file>rtsv7M4_T_le_v4SPD16_eabi.lib</file>
         <name>copy_zero_init.c.obj</name>
      </input_file>
      <input_file id="fl-cd">
         <path>C:\ti\ccs1250\ccs\tools\compiler\ti-cgt-arm_20.2.7.LTS\lib\</path>
         <kind>archive</kind>
         <file>rtsv7M4_T_le_v4SPD16_eabi.lib</file>
         <name>copy_decompress_none.c.obj</name>
      </input_file>
      <input_file id="fl-ce">
         <path>C:\ti\ccs1250\ccs\tools\compiler\ti-cgt-arm_20.2.7.LTS\lib\</path>
         <kind>archive</kind>
         <file>rtsv7M4_T_le_v4SPD16_eabi.lib</file>
         <name>copy_decompress_lzss.c.obj</name>
      </input_file>
      <input_file id="fl-cf">
         <path>C:\ti\ccs1250\ccs\tools\compiler\ti-cgt-arm_20.2.7.LTS\lib\</path>
         <kind>archive</kind>
         <file>rtsv7M4_T_le_v4SPD16_eabi.lib</file>
         <name>strcmp.c.obj</name>
      </input_file>
      <input_file id="fl-d0">
         <path>C:\ti\ccs1250\ccs\tools\compiler\ti-cgt-arm_20.2.7.LTS\lib\</path>
         <kind>archive</kind>
         <file>rtsv7M4_T_le_v4SPD16_eabi.lib</file>
         <name>boot_cortex_m.c.obj</name>
      </input_file>
      <input_file id="fl-d1">
         <path>C:\ti\ccs1250\ccs\tools\compiler\ti-cgt-arm_20.2.7.LTS\lib\</path>
         <kind>archive</kind>
         <file>rtsv7M4_T_le_v4SPD16_eabi.lib</file>
         <name>autoinit.c.obj</name>
      </input_file>
      <input_file id="fl-d2">
         <path>C:\ti\ccs1250\ccs\tools\compiler\ti-cgt-arm_20.2.7.LTS\lib\</path>
         <kind>archive</kind>
         <file>rtsv7M4_T_le_v4SPD16_eabi.lib</file>
         <name>pre_init.c.obj</name>
      </input_file>
      <input_file id="fl-d3">
         <path>C:\ti\ccs1250\ccs\tools\compiler\ti-cgt-arm_20.2.7.LTS\lib\</path>
         <kind>archive</kind>
         <file>rtsv7M4_T_le_v4SPD16_eabi.lib</file>
         <name>cpy_tbl.c.obj</name>
      </input_file>
      <input_file id="fl-d4">
         <path>C:\ti\ccs1250\ccs\tools\compiler\ti-cgt-arm_20.2.7.LTS\lib\</path>
         <kind>archive</kind>
         <file>rtsv7M4_T_le_v4SPD16_eabi.lib</file>
         <name>exit.c.obj</name>
      </input_file>
      <input_file id="fl-d5">
         <path>C:\ti\ccs1250\ccs\tools\compiler\ti-cgt-arm_20.2.7.LTS\lib\</path>
         <kind>archive</kind>
         <file>rtsv7M4_T_le_v4SPD16_eabi.lib</file>
         <name>_lock.c.obj</name>
      </input_file>
      <input_file id="fl-d6">
         <path>C:\ti\ccs1250\ccs\tools\compiler\ti-cgt-arm_20.2.7.LTS\lib\</path>
         <kind>archive</kind>
         <file>rtsv7M4_T_le_v4SPD16_eabi.lib</file>
         <name>args_main.c.obj</name>
      </input_file>
      <input_file id="fl-d7">
         <path>C:\ti\TivaWare_C_Series-2.2.0.295\driverlib\gcc\</path>
         <kind>archive</kind>
         <file>libdriver.a</file>
         <name>gpio.o</name>
      </input_file>
      <input_file id="fl-d8">
         <path>C:\ti\TivaWare_C_Series-2.2.0.295\driverlib\gcc\</path>
         <kind>archive</kind>
         <file>libdriver.a</file>
         <name>interrupt.o</name>
      </input_file>
      <input_file id="fl-d9">
         <path>C:\ti\TivaWare_C_Series-2.2.0.295\driverlib\gcc\</path>
         <kind>archive</kind>
         <file>libdriver.a</file>
         <name>sysctl.o</name>
      </input_file>
      <input_file id="fl-da">
         <path>C:\ti\TivaWare_C_Series-2.2.0.295\driverlib\gcc\</path>
         <kind>archive</kind>
         <file>libdriver.a</file>
         <name>cpu.o</name>
      </input_file>
   </input_file_list>
   <object_component_list>
      <object_component id="oc-12">
         <name>.intvecs</name>
         <load_address>0x0</load_address>
         <run_address>0x0</run_address>
         <size>0x200</size>
         <input_file_ref idref="fl-5"/>
      </object_component>
      <object_component id="oc-85">
         <name>.text</name>
         <load_address>0x200</load_address>
         <run_address>0x200</run_address>
         <size>0x1264</size>
         <input_file_ref idref="fl-b"/>
      </object_component>
      <object_component id="oc-9b">
         <name>.text</name>
         <load_address>0x1464</load_address>
         <run_address>0x1464</run_address>
         <size>0xb16</size>
         <input_file_ref idref="fl-9"/>
      </object_component>
      <object_component id="oc-eb">
         <name>.text</name>
         <load_address>0x1f7c</load_address>
         <run_address>0x1f7c</run_address>
         <size>0x3e8</size>
         <input_file_ref idref="fl-3"/>
      </object_component>
      <object_component id="oc-15c">
         <name>.text</name>
         <load_address>0x2364</load_address>
         <run_address>0x2364</run_address>
         <size>0x290</size>
         <input_file_ref idref="fl-4"/>
      </object_component>
      <object_component id="oc-32">
         <name>.text</name>
         <load_address>0x25f4</load_address>
         <run_address>0x25f4</run_address>
         <size>0x13c</size>
         <input_file_ref idref="fl-d"/>
      </object_component>
      <object_component id="oc-10d">
         <name>.text</name>
         <load_address>0x2730</load_address>
         <run_address>0x2730</run_address>
         <size>0x12a</size>
         <input_file_ref idref="fl-8"/>
      </object_component>
      <object_component id="oc-2d">
         <name>.text</name>
         <load_address>0x285c</load_address>
         <run_address>0x285c</run_address>
         <size>0xda</size>
         <input_file_ref idref="fl-e"/>
      </object_component>
      <object_component id="oc-107">
         <name>.text</name>
         <load_address>0x2938</load_address>
         <run_address>0x2938</run_address>
         <size>0x9c</size>
         <input_file_ref idref="fl-f"/>
      </object_component>
      <object_component id="oc-4c">
         <name>.text</name>
         <load_address>0x29d4</load_address>
         <run_address>0x29d4</run_address>
         <size>0x9c</size>
         <input_file_ref idref="fl-ca"/>
      </object_component>
      <object_component id="oc-38">
         <name>.text</name>
         <load_address>0x2a70</load_address>
         <run_address>0x2a70</run_address>
         <size>0x88</size>
         <input_file_ref idref="fl-2"/>
      </object_component>
      <object_component id="oc-df">
         <name>.text</name>
         <load_address>0x2af8</load_address>
         <run_address>0x2af8</run_address>
         <size>0x7a</size>
         <input_file_ref idref="fl-cb"/>
      </object_component>
      <object_component id="oc-15">
         <name>.text:decompress:lzss:__TI_decompress_lzss</name>
         <load_address>0x2b72</load_address>
         <run_address>0x2b72</run_address>
         <size>0x68</size>
         <input_file_ref idref="fl-ce"/>
      </object_component>
      <object_component id="oc-180">
         <name>.text:__TI_auto_init_nobinit_nopinit:__TI_auto_init_nobinit_nopinit</name>
         <load_address>0x2bdc</load_address>
         <run_address>0x2bdc</run_address>
         <size>0x44</size>
         <input_file_ref idref="fl-d1"/>
      </object_component>
      <object_component id="oc-6a">
         <name>.text:_c_int00_noargs:_c_int00_noargs</name>
         <load_address>0x2c20</load_address>
         <run_address>0x2c20</run_address>
         <size>0x34</size>
         <input_file_ref idref="fl-d0"/>
      </object_component>
      <object_component id="oc-14e">
         <name>.text:strcmp</name>
         <load_address>0x2c54</load_address>
         <run_address>0x2c54</run_address>
         <size>0x18</size>
         <input_file_ref idref="fl-cf"/>
      </object_component>
      <object_component id="oc-1b">
         <name>.text:decompress:none:__TI_decompress_none</name>
         <load_address>0x2c6c</load_address>
         <run_address>0x2c6c</run_address>
         <size>0xe</size>
         <input_file_ref idref="fl-cd"/>
      </object_component>
      <object_component id="oc-5e">
         <name>.text:decompress:ZI:__TI_zero_init</name>
         <load_address>0x2c7a</load_address>
         <run_address>0x2c7a</run_address>
         <size>0xc</size>
         <input_file_ref idref="fl-cc"/>
      </object_component>
      <object_component id="oc-27">
         <name>.text</name>
         <load_address>0x2c86</load_address>
         <run_address>0x2c86</run_address>
         <size>0xc</size>
         <input_file_ref idref="fl-5"/>
      </object_component>
      <object_component id="oc-e5">
         <name>.text:_system_pre_init</name>
         <load_address>0x2c92</load_address>
         <run_address>0x2c92</run_address>
         <size>0x4</size>
         <input_file_ref idref="fl-d2"/>
      </object_component>
      <object_component id="oc-174">
         <name>.text:abort:abort</name>
         <load_address>0x2c96</load_address>
         <run_address>0x2c96</run_address>
         <size>0x4</size>
         <input_file_ref idref="fl-d4"/>
      </object_component>
      <object_component id="oc-2cd">
         <name>.tramp.GPIOPinTypeEthernetLED.1</name>
         <load_address>0x2c9c</load_address>
         <run_address>0x2c9c</run_address>
         <size>0x8</size>
         <input_file_ref idref="fl-d7"/>
      </object_component>
      <object_component id="oc-2cc">
         <name>.tramp.GPIOPadConfigSet.1</name>
         <load_address>0x2ca4</load_address>
         <run_address>0x2ca4</run_address>
         <size>0x8</size>
         <input_file_ref idref="fl-d7"/>
      </object_component>
      <object_component id="oc-2cb">
         <name>.tramp.GPIOPinTypeUSBDigital.1</name>
         <load_address>0x2cac</load_address>
         <run_address>0x2cac</run_address>
         <size>0x8</size>
         <input_file_ref idref="fl-d7"/>
      </object_component>
      <object_component id="oc-2ca">
         <name>.tramp.GPIOPinTypeUSBAnalog.1</name>
         <load_address>0x2cb4</load_address>
         <run_address>0x2cb4</run_address>
         <size>0x8</size>
         <input_file_ref idref="fl-d7"/>
      </object_component>
      <object_component id="oc-2c9">
         <name>.tramp.GPIOPinTypeUART.1</name>
         <load_address>0x2cbc</load_address>
         <run_address>0x2cbc</run_address>
         <size>0x8</size>
         <input_file_ref idref="fl-d7"/>
      </object_component>
      <object_component id="oc-2c8">
         <name>.tramp.GPIOPinConfigure.1</name>
         <load_address>0x2cc4</load_address>
         <run_address>0x2cc4</run_address>
         <size>0x8</size>
         <input_file_ref idref="fl-d7"/>
      </object_component>
      <object_component id="oc-2c7">
         <name>.tramp.GPIOPinTypeGPIOInput.1</name>
         <load_address>0x2ccc</load_address>
         <run_address>0x2ccc</run_address>
         <size>0x8</size>
         <input_file_ref idref="fl-d7"/>
      </object_component>
      <object_component id="oc-2c6">
         <name>.tramp.GPIOPinTypeGPIOOutput.1</name>
         <load_address>0x2cd4</load_address>
         <run_address>0x2cd4</run_address>
         <size>0x8</size>
         <input_file_ref idref="fl-d7"/>
      </object_component>
      <object_component id="oc-2c5">
         <name>.tramp.SysCtlPeripheralReady.1</name>
         <load_address>0x2cdc</load_address>
         <run_address>0x2cdc</run_address>
         <size>0x8</size>
         <input_file_ref idref="fl-d9"/>
      </object_component>
      <object_component id="oc-2c4">
         <name>.tramp.SysCtlPeripheralEnable.1</name>
         <load_address>0x2ce4</load_address>
         <run_address>0x2ce4</run_address>
         <size>0x8</size>
         <input_file_ref idref="fl-d9"/>
      </object_component>
      <object_component id="oc-2c3">
         <name>.tramp.SysCtlClockFreqSet.1</name>
         <load_address>0x2cec</load_address>
         <run_address>0x2cec</run_address>
         <size>0x8</size>
         <input_file_ref idref="fl-d9"/>
      </object_component>
      <object_component id="oc-2c2">
         <name>.tramp.GPIOPinRead.1</name>
         <load_address>0x2cf4</load_address>
         <run_address>0x2cf4</run_address>
         <size>0x8</size>
         <input_file_ref idref="fl-d7"/>
      </object_component>
      <object_component id="oc-2c1">
         <name>.tramp.GPIOPinWrite.1</name>
         <load_address>0x2cfc</load_address>
         <run_address>0x2cfc</run_address>
         <size>0x8</size>
         <input_file_ref idref="fl-d7"/>
      </object_component>
      <object_component id="oc-82">
         <name>.const</name>
         <load_address>0x2d04</load_address>
         <run_address>0x2d04</run_address>
         <size>0x4</size>
         <input_file_ref idref="fl-d"/>
      </object_component>
      <object_component id="oc-2bb">
         <name>__TI_handler_table</name>
         <load_address>0x3548</load_address>
         <run_address>0x3548</run_address>
         <size>0xc</size>
      </object_component>
      <object_component id="oc-2bd">
         <name>.cinit..data.load</name>
         <load_address>0x3554</load_address>
         <run_address>0x3554</run_address>
         <size>0xb</size>
      </object_component>
      <object_component id="oc-2be">
         <name>.cinit..bss.load</name>
         <load_address>0x3560</load_address>
         <run_address>0x3560</run_address>
         <size>0x8</size>
      </object_component>
      <object_component id="oc-2bc">
         <name>__TI_cinit_table</name>
         <load_address>0x3568</load_address>
         <run_address>0x3568</run_address>
         <size>0x10</size>
      </object_component>
      <object_component id="oc-166">
         <name>.data</name>
         <load_address>0x20002388</load_address>
         <run_address>0x20002388</run_address>
         <size>0x4</size>
         <input_file_ref idref="fl-3"/>
      </object_component>
      <object_component id="oc-7f">
         <name>.data</name>
         <load_address>0x20002350</load_address>
         <run_address>0x20002350</run_address>
         <size>0x30</size>
         <input_file_ref idref="fl-b"/>
      </object_component>
      <object_component id="oc-8c">
         <name>.data</name>
         <load_address>0x2000238c</load_address>
         <run_address>0x2000238c</run_address>
         <size>0x4</size>
         <input_file_ref idref="fl-d"/>
      </object_component>
      <object_component id="oc-1c8">
         <name>.data</name>
         <load_address>0x20002380</load_address>
         <run_address>0x20002380</run_address>
         <size>0x8</size>
         <input_file_ref idref="fl-f"/>
      </object_component>
      <object_component id="oc-a1">
         <name>.bss</name>
         <uninitialized>true</uninitialized>
         <run_address>0x20002138</run_address>
         <size>0xc</size>
         <input_file_ref idref="fl-2"/>
      </object_component>
      <object_component id="oc-113">
         <name>.bss:pxReadyTasksLists</name>
         <uninitialized>true</uninitialized>
         <run_address>0x20002000</run_address>
         <size>0xa0</size>
         <input_file_ref idref="fl-b"/>
      </object_component>
      <object_component id="oc-11f">
         <name>.bss:xDelayedTaskList1</name>
         <uninitialized>true</uninitialized>
         <run_address>0x200020d8</run_address>
         <size>0x14</size>
         <input_file_ref idref="fl-b"/>
      </object_component>
      <object_component id="oc-122">
         <name>.bss:xDelayedTaskList2</name>
         <uninitialized>true</uninitialized>
         <run_address>0x200020ec</run_address>
         <size>0x14</size>
         <input_file_ref idref="fl-b"/>
      </object_component>
      <object_component id="oc-11c">
         <name>.bss</name>
         <uninitialized>true</uninitialized>
         <run_address>0x20002144</run_address>
         <size>0x8</size>
         <input_file_ref idref="fl-b"/>
      </object_component>
      <object_component id="oc-119">
         <name>.bss:xPendingReadyList</name>
         <uninitialized>true</uninitialized>
         <run_address>0x20002100</run_address>
         <size>0x14</size>
         <input_file_ref idref="fl-b"/>
      </object_component>
      <object_component id="oc-116">
         <name>.bss:xSuspendedTaskList</name>
         <uninitialized>true</uninitialized>
         <run_address>0x20002114</run_address>
         <size>0x14</size>
         <input_file_ref idref="fl-b"/>
      </object_component>
      <object_component id="oc-1cb">
         <name>.bss:ucHeap</name>
         <uninitialized>true</uninitialized>
         <run_address>0x20000000</run_address>
         <size>0x2000</size>
         <input_file_ref idref="fl-f"/>
      </object_component>
      <object_component id="oc-156">
         <name>.common:adcTP0_</name>
         <uninitialized>true</uninitialized>
         <run_address>0x200020a0</run_address>
         <size>0x1c</size>
      </object_component>
      <object_component id="oc-159">
         <name>.common:adcTP1_</name>
         <uninitialized>true</uninitialized>
         <run_address>0x200020bc</run_address>
         <size>0x1c</size>
      </object_component>
      <object_component id="oc-165">
         <name>.common:buttonServiceTP_</name>
         <uninitialized>true</uninitialized>
         <run_address>0x20002128</run_address>
         <size>0x10</size>
      </object_component>
      <object_component id="oc-24">
         <name>.stack</name>
         <uninitialized>true</uninitialized>
         <run_address>0x20002150</run_address>
         <size>0x4</size>
         <input_file_ref idref="fl-d0"/>
      </object_component>
      <object_component id="oc-2c0">
         <name>.stack</name>
         <uninitialized>true</uninitialized>
         <run_address>0x20002150</run_address>
         <size>0x0</size>
      </object_component>
      <object_component id="oc-12a">
         <name>.debug_info</name>
         <load_address>0x0</load_address>
         <run_address>0x0</run_address>
         <size>0x401</size>
         <input_file_ref idref="fl-2"/>
      </object_component>
      <object_component id="oc-a2">
         <name>.debug_info</name>
         <load_address>0x401</load_address>
         <run_address>0x401</run_address>
         <size>0x13c</size>
         <input_file_ref idref="fl-2"/>
      </object_component>
      <object_component id="oc-3a">
         <name>.debug_info</name>
         <load_address>0x53d</load_address>
         <run_address>0x53d</run_address>
         <size>0x309</size>
         <input_file_ref idref="fl-2"/>
      </object_component>
      <object_component id="oc-aa">
         <name>.debug_info</name>
         <load_address>0x846</load_address>
         <run_address>0x846</run_address>
         <size>0x315</size>
         <input_file_ref idref="fl-2"/>
      </object_component>
      <object_component id="oc-bb">
         <name>.debug_info</name>
         <load_address>0xb5b</load_address>
         <run_address>0xb5b</run_address>
         <size>0x26b</size>
         <input_file_ref idref="fl-2"/>
      </object_component>
      <object_component id="oc-c5">
         <name>.debug_info</name>
         <load_address>0xdc6</load_address>
         <run_address>0xdc6</run_address>
         <size>0x3e3</size>
         <input_file_ref idref="fl-2"/>
      </object_component>
      <object_component id="oc-a5">
         <name>.debug_info</name>
         <load_address>0x11a9</load_address>
         <run_address>0x11a9</run_address>
         <size>0x4f</size>
         <input_file_ref idref="fl-2"/>
      </object_component>
      <object_component id="oc-47">
         <name>.debug_info</name>
         <load_address>0x11f8</load_address>
         <run_address>0x11f8</run_address>
         <size>0x84</size>
         <input_file_ref idref="fl-2"/>
      </object_component>
      <object_component id="oc-91">
         <name>.debug_info</name>
         <load_address>0x127c</load_address>
         <run_address>0x127c</run_address>
         <size>0x2c</size>
         <input_file_ref idref="fl-2"/>
      </object_component>
      <object_component id="oc-139">
         <name>.debug_info</name>
         <load_address>0x12a8</load_address>
         <run_address>0x12a8</run_address>
         <size>0x2a4</size>
         <input_file_ref idref="fl-2"/>
      </object_component>
      <object_component id="oc-af">
         <name>.debug_info</name>
         <load_address>0x154c</load_address>
         <run_address>0x154c</run_address>
         <size>0xbb</size>
         <input_file_ref idref="fl-2"/>
      </object_component>
      <object_component id="oc-b6">
         <name>.debug_info</name>
         <load_address>0x1607</load_address>
         <run_address>0x1607</run_address>
         <size>0x53</size>
         <input_file_ref idref="fl-2"/>
      </object_component>
      <object_component id="oc-96">
         <name>.debug_info</name>
         <load_address>0x165a</load_address>
         <run_address>0x165a</run_address>
         <size>0x53</size>
         <input_file_ref idref="fl-2"/>
      </object_component>
      <object_component id="oc-c0">
         <name>.debug_info</name>
         <load_address>0x16ad</load_address>
         <run_address>0x16ad</run_address>
         <size>0x14c</size>
         <input_file_ref idref="fl-2"/>
      </object_component>
      <object_component id="oc-157">
         <name>.debug_info</name>
         <load_address>0x17f9</load_address>
         <run_address>0x17f9</run_address>
         <size>0x98c</size>
         <input_file_ref idref="fl-3"/>
      </object_component>
      <object_component id="oc-167">
         <name>.debug_info</name>
         <load_address>0x2185</load_address>
         <run_address>0x2185</run_address>
         <size>0xd4</size>
         <input_file_ref idref="fl-3"/>
      </object_component>
      <object_component id="oc-ec">
         <name>.debug_info</name>
         <load_address>0x2259</load_address>
         <run_address>0x2259</run_address>
         <size>0xb72</size>
         <input_file_ref idref="fl-3"/>
      </object_component>
      <object_component id="oc-16a">
         <name>.debug_info</name>
         <load_address>0x2dcb</load_address>
         <run_address>0x2dcb</run_address>
         <size>0x2c</size>
         <input_file_ref idref="fl-3"/>
      </object_component>
      <object_component id="oc-16f">
         <name>.debug_info</name>
         <load_address>0x2df7</load_address>
         <run_address>0x2df7</run_address>
         <size>0x8b</size>
         <input_file_ref idref="fl-3"/>
      </object_component>
      <object_component id="oc-1b9">
         <name>.debug_info</name>
         <load_address>0x2e82</load_address>
         <run_address>0x2e82</run_address>
         <size>0x35</size>
         <input_file_ref idref="fl-3"/>
      </object_component>
      <object_component id="oc-1ec">
         <name>.debug_info</name>
         <load_address>0x2eb7</load_address>
         <run_address>0x2eb7</run_address>
         <size>0x117</size>
         <input_file_ref idref="fl-3"/>
      </object_component>
      <object_component id="oc-1fc">
         <name>.debug_info</name>
         <load_address>0x2fce</load_address>
         <run_address>0x2fce</run_address>
         <size>0x4de</size>
         <input_file_ref idref="fl-4"/>
      </object_component>
      <object_component id="oc-160">
         <name>.debug_info</name>
         <load_address>0x34ac</load_address>
         <run_address>0x34ac</run_address>
         <size>0x730</size>
         <input_file_ref idref="fl-4"/>
      </object_component>
      <object_component id="oc-40">
         <name>.debug_info</name>
         <load_address>0x3bdc</load_address>
         <run_address>0x3bdc</run_address>
         <size>0x43b</size>
         <input_file_ref idref="fl-5"/>
      </object_component>
      <object_component id="oc-13">
         <name>.debug_info</name>
         <load_address>0x4017</load_address>
         <run_address>0x4017</run_address>
         <size>0xd9</size>
         <input_file_ref idref="fl-5"/>
      </object_component>
      <object_component id="oc-29">
         <name>.debug_info</name>
         <load_address>0x40f0</load_address>
         <run_address>0x40f0</run_address>
         <size>0x257</size>
         <input_file_ref idref="fl-5"/>
      </object_component>
      <object_component id="oc-1e7">
         <name>.debug_info</name>
         <load_address>0x4347</load_address>
         <run_address>0x4347</run_address>
         <size>0x628</size>
         <input_file_ref idref="fl-7"/>
      </object_component>
      <object_component id="oc-132">
         <name>.debug_info</name>
         <load_address>0x496f</load_address>
         <run_address>0x496f</run_address>
         <size>0x110</size>
         <input_file_ref idref="fl-7"/>
      </object_component>
      <object_component id="oc-1c3">
         <name>.debug_info</name>
         <load_address>0x4a7f</load_address>
         <run_address>0x4a7f</run_address>
         <size>0x3e3</size>
         <input_file_ref idref="fl-7"/>
      </object_component>
      <object_component id="oc-22a">
         <name>.debug_info</name>
         <load_address>0x4e62</load_address>
         <run_address>0x4e62</run_address>
         <size>0x62</size>
         <input_file_ref idref="fl-7"/>
      </object_component>
      <object_component id="oc-22f">
         <name>.debug_info</name>
         <load_address>0x4ec4</load_address>
         <run_address>0x4ec4</run_address>
         <size>0x39</size>
         <input_file_ref idref="fl-7"/>
      </object_component>
      <object_component id="oc-1b4">
         <name>.debug_info</name>
         <load_address>0x4efd</load_address>
         <run_address>0x4efd</run_address>
         <size>0x4f</size>
         <input_file_ref idref="fl-7"/>
      </object_component>
      <object_component id="oc-1d1">
         <name>.debug_info</name>
         <load_address>0x4f4c</load_address>
         <run_address>0x4f4c</run_address>
         <size>0x35a</size>
         <input_file_ref idref="fl-8"/>
      </object_component>
      <object_component id="oc-110">
         <name>.debug_info</name>
         <load_address>0x52a6</load_address>
         <run_address>0x52a6</run_address>
         <size>0x518</size>
         <input_file_ref idref="fl-8"/>
      </object_component>
      <object_component id="oc-131">
         <name>.debug_info</name>
         <load_address>0x57be</load_address>
         <run_address>0x57be</run_address>
         <size>0x7b4</size>
         <input_file_ref idref="fl-9"/>
      </object_component>
      <object_component id="oc-9c">
         <name>.debug_info</name>
         <load_address>0x5f72</load_address>
         <run_address>0x5f72</run_address>
         <size>0x2e7e</size>
         <input_file_ref idref="fl-9"/>
      </object_component>
      <object_component id="oc-1e2">
         <name>.debug_info</name>
         <load_address>0x8df0</load_address>
         <run_address>0x8df0</run_address>
         <size>0x1c7</size>
         <input_file_ref idref="fl-9"/>
      </object_component>
      <object_component id="oc-12c">
         <name>.debug_info</name>
         <load_address>0x8fb7</load_address>
         <run_address>0x8fb7</run_address>
         <size>0x46</size>
         <input_file_ref idref="fl-9"/>
      </object_component>
      <object_component id="oc-145">
         <name>.debug_info</name>
         <load_address>0x8ffd</load_address>
         <run_address>0x8ffd</run_address>
         <size>0x2c</size>
         <input_file_ref idref="fl-a"/>
      </object_component>
      <object_component id="oc-ff">
         <name>.debug_info</name>
         <load_address>0x9029</load_address>
         <run_address>0x9029</run_address>
         <size>0x6ea</size>
         <input_file_ref idref="fl-b"/>
      </object_component>
      <object_component id="oc-80">
         <name>.debug_info</name>
         <load_address>0x9713</load_address>
         <run_address>0x9713</run_address>
         <size>0x2f4</size>
         <input_file_ref idref="fl-b"/>
      </object_component>
      <object_component id="oc-114">
         <name>.debug_info</name>
         <load_address>0x9a07</load_address>
         <run_address>0x9a07</run_address>
         <size>0xe4</size>
         <input_file_ref idref="fl-b"/>
      </object_component>
      <object_component id="oc-120">
         <name>.debug_info</name>
         <load_address>0x9aeb</load_address>
         <run_address>0x9aeb</run_address>
         <size>0xe4</size>
         <input_file_ref idref="fl-b"/>
      </object_component>
      <object_component id="oc-123">
         <name>.debug_info</name>
         <load_address>0x9bcf</load_address>
         <run_address>0x9bcf</run_address>
         <size>0xe4</size>
         <input_file_ref idref="fl-b"/>
      </object_component>
      <object_component id="oc-11d">
         <name>.debug_info</name>
         <load_address>0x9cb3</load_address>
         <run_address>0x9cb3</run_address>
         <size>0x127</size>
         <input_file_ref idref="fl-b"/>
      </object_component>
      <object_component id="oc-11a">
         <name>.debug_info</name>
         <load_address>0x9dda</load_address>
         <run_address>0x9dda</run_address>
         <size>0xe4</size>
         <input_file_ref idref="fl-b"/>
      </object_component>
      <object_component id="oc-117">
         <name>.debug_info</name>
         <load_address>0x9ebe</load_address>
         <run_address>0x9ebe</run_address>
         <size>0xe6</size>
         <input_file_ref idref="fl-b"/>
      </object_component>
      <object_component id="oc-89">
         <name>.debug_info</name>
         <load_address>0x9fa4</load_address>
         <run_address>0x9fa4</run_address>
         <size>0x3af4</size>
         <input_file_ref idref="fl-b"/>
      </object_component>
      <object_component id="oc-100">
         <name>.debug_info</name>
         <load_address>0xda98</load_address>
         <run_address>0xda98</run_address>
         <size>0x30c</size>
         <input_file_ref idref="fl-b"/>
      </object_component>
      <object_component id="oc-1be">
         <name>.debug_info</name>
         <load_address>0xdda4</load_address>
         <run_address>0xdda4</run_address>
         <size>0x11a</size>
         <input_file_ref idref="fl-b"/>
      </object_component>
      <object_component id="oc-90">
         <name>.debug_info</name>
         <load_address>0xdebe</load_address>
         <run_address>0xdebe</run_address>
         <size>0x3f5</size>
         <input_file_ref idref="fl-d"/>
      </object_component>
      <object_component id="oc-83">
         <name>.debug_info</name>
         <load_address>0xe2b3</load_address>
         <run_address>0xe2b3</run_address>
         <size>0x111</size>
         <input_file_ref idref="fl-d"/>
      </object_component>
      <object_component id="oc-8d">
         <name>.debug_info</name>
         <load_address>0xe3c4</load_address>
         <run_address>0xe3c4</run_address>
         <size>0xf8</size>
         <input_file_ref idref="fl-d"/>
      </object_component>
      <object_component id="oc-35">
         <name>.debug_info</name>
         <load_address>0xe4bc</load_address>
         <run_address>0xe4bc</run_address>
         <size>0x768</size>
         <input_file_ref idref="fl-d"/>
      </object_component>
      <object_component id="oc-2f">
         <name>.debug_info</name>
         <load_address>0xec24</load_address>
         <run_address>0xec24</run_address>
         <size>0x246</size>
         <input_file_ref idref="fl-e"/>
      </object_component>
      <object_component id="oc-1cf">
         <name>.debug_info</name>
         <load_address>0xee6a</load_address>
         <run_address>0xee6a</run_address>
         <size>0x3f8</size>
         <input_file_ref idref="fl-f"/>
      </object_component>
      <object_component id="oc-1cc">
         <name>.debug_info</name>
         <load_address>0xf262</load_address>
         <run_address>0xf262</run_address>
         <size>0xdf</size>
         <input_file_ref idref="fl-f"/>
      </object_component>
      <object_component id="oc-1c9">
         <name>.debug_info</name>
         <load_address>0xf341</load_address>
         <run_address>0xf341</run_address>
         <size>0xed</size>
         <input_file_ref idref="fl-f"/>
      </object_component>
      <object_component id="oc-108">
         <name>.debug_info</name>
         <load_address>0xf42e</load_address>
         <run_address>0xf42e</run_address>
         <size>0x425</size>
         <input_file_ref idref="fl-f"/>
      </object_component>
      <object_component id="oc-4d">
         <name>.debug_info</name>
         <load_address>0xf853</load_address>
         <run_address>0xf853</run_address>
         <size>0x119</size>
         <input_file_ref idref="fl-ca"/>
      </object_component>
      <object_component id="oc-e1">
         <name>.debug_info</name>
         <load_address>0xf96c</load_address>
         <run_address>0xf96c</run_address>
         <size>0x147</size>
         <input_file_ref idref="fl-cb"/>
      </object_component>
      <object_component id="oc-de">
         <name>.debug_info</name>
         <load_address>0xfab3</load_address>
         <run_address>0xfab3</run_address>
         <size>0x2d4</size>
         <input_file_ref idref="fl-cc"/>
      </object_component>
      <object_component id="oc-62">
         <name>.debug_info</name>
         <load_address>0xfd87</load_address>
         <run_address>0xfd87</run_address>
         <size>0x1b5</size>
         <input_file_ref idref="fl-cc"/>
      </object_component>
      <object_component id="oc-d9">
         <name>.debug_info</name>
         <load_address>0xff3c</load_address>
         <run_address>0xff3c</run_address>
         <size>0x46</size>
         <input_file_ref idref="fl-cc"/>
      </object_component>
      <object_component id="oc-57">
         <name>.debug_info</name>
         <load_address>0xff82</load_address>
         <run_address>0xff82</run_address>
         <size>0x2a8</size>
         <input_file_ref idref="fl-cd"/>
      </object_component>
      <object_component id="oc-1c">
         <name>.debug_info</name>
         <load_address>0x1022a</load_address>
         <run_address>0x1022a</run_address>
         <size>0x1ea</size>
         <input_file_ref idref="fl-cd"/>
      </object_component>
      <object_component id="oc-52">
         <name>.debug_info</name>
         <load_address>0x10414</load_address>
         <run_address>0x10414</run_address>
         <size>0x46</size>
         <input_file_ref idref="fl-cd"/>
      </object_component>
      <object_component id="oc-d1">
         <name>.debug_info</name>
         <load_address>0x1045a</load_address>
         <run_address>0x1045a</run_address>
         <size>0x2c</size>
         <input_file_ref idref="fl-cd"/>
      </object_component>
      <object_component id="oc-cf">
         <name>.debug_info</name>
         <load_address>0x10486</load_address>
         <run_address>0x10486</run_address>
         <size>0x29e</size>
         <input_file_ref idref="fl-ce"/>
      </object_component>
      <object_component id="oc-19">
         <name>.debug_info</name>
         <load_address>0x10724</load_address>
         <run_address>0x10724</run_address>
         <size>0x250</size>
         <input_file_ref idref="fl-ce"/>
      </object_component>
      <object_component id="oc-42">
         <name>.debug_info</name>
         <load_address>0x10974</load_address>
         <run_address>0x10974</run_address>
         <size>0x60</size>
         <input_file_ref idref="fl-ce"/>
      </object_component>
      <object_component id="oc-13e">
         <name>.debug_info</name>
         <load_address>0x109d4</load_address>
         <run_address>0x109d4</run_address>
         <size>0x46</size>
         <input_file_ref idref="fl-ce"/>
      </object_component>
      <object_component id="oc-ca">
         <name>.debug_info</name>
         <load_address>0x10a1a</load_address>
         <run_address>0x10a1a</run_address>
         <size>0x39</size>
         <input_file_ref idref="fl-ce"/>
      </object_component>
      <object_component id="oc-1e9">
         <name>.debug_info</name>
         <load_address>0x10a53</load_address>
         <run_address>0x10a53</run_address>
         <size>0x28a</size>
         <input_file_ref idref="fl-cf"/>
      </object_component>
      <object_component id="oc-150">
         <name>.debug_info</name>
         <load_address>0x10cdd</load_address>
         <run_address>0x10cdd</run_address>
         <size>0x273</size>
         <input_file_ref idref="fl-cf"/>
      </object_component>
      <object_component id="oc-25">
         <name>.debug_info</name>
         <load_address>0x10f50</load_address>
         <run_address>0x10f50</run_address>
         <size>0x10b</size>
         <input_file_ref idref="fl-d0"/>
      </object_component>
      <object_component id="oc-6c">
         <name>.debug_info</name>
         <load_address>0x1105b</load_address>
         <run_address>0x1105b</run_address>
         <size>0x1a9</size>
         <input_file_ref idref="fl-d0"/>
      </object_component>
      <object_component id="oc-20b">
         <name>.debug_info</name>
         <load_address>0x11204</load_address>
         <run_address>0x11204</run_address>
         <size>0x4b3</size>
         <input_file_ref idref="fl-d1"/>
      </object_component>
      <object_component id="oc-183">
         <name>.debug_info</name>
         <load_address>0x116b7</load_address>
         <run_address>0x116b7</run_address>
         <size>0x1a6</size>
         <input_file_ref idref="fl-d1"/>
      </object_component>
      <object_component id="oc-24a">
         <name>.debug_info</name>
         <load_address>0x1185d</load_address>
         <run_address>0x1185d</run_address>
         <size>0x39</size>
         <input_file_ref idref="fl-d1"/>
      </object_component>
      <object_component id="oc-25e">
         <name>.debug_info</name>
         <load_address>0x11896</load_address>
         <run_address>0x11896</run_address>
         <size>0x39</size>
         <input_file_ref idref="fl-d1"/>
      </object_component>
      <object_component id="oc-24f">
         <name>.debug_info</name>
         <load_address>0x118cf</load_address>
         <run_address>0x118cf</run_address>
         <size>0x39</size>
         <input_file_ref idref="fl-d1"/>
      </object_component>
      <object_component id="oc-254">
         <name>.debug_info</name>
         <load_address>0x11908</load_address>
         <run_address>0x11908</run_address>
         <size>0xcd</size>
         <input_file_ref idref="fl-d1"/>
      </object_component>
      <object_component id="oc-e8">
         <name>.debug_info</name>
         <load_address>0x119d5</load_address>
         <run_address>0x119d5</run_address>
         <size>0x153</size>
         <input_file_ref idref="fl-d2"/>
      </object_component>
      <object_component id="oc-178">
         <name>.debug_info</name>
         <load_address>0x11b28</load_address>
         <run_address>0x11b28</run_address>
         <size>0x122</size>
         <input_file_ref idref="fl-d4"/>
      </object_component>
      <object_component id="oc-2cf">
         <name>.debug_info</name>
         <load_address>0x11c4a</load_address>
         <run_address>0x11c4a</run_address>
         <size>0x4b8</size>
      </object_component>
      <object_component id="oc-1df">
         <name>.debug_line</name>
         <load_address>0x0</load_address>
         <run_address>0x0</run_address>
         <size>0x9d</size>
         <input_file_ref idref="fl-2"/>
      </object_component>
      <object_component id="oc-138">
         <name>.debug_line</name>
         <load_address>0x9d</load_address>
         <run_address>0x9d</run_address>
         <size>0x2c</size>
         <input_file_ref idref="fl-2"/>
      </object_component>
      <object_component id="oc-39">
         <name>.debug_line</name>
         <load_address>0xc9</load_address>
         <run_address>0xc9</run_address>
         <size>0x70</size>
         <input_file_ref idref="fl-2"/>
      </object_component>
      <object_component id="oc-ad">
         <name>.debug_line</name>
         <load_address>0x139</load_address>
         <run_address>0x139</run_address>
         <size>0x5e</size>
         <input_file_ref idref="fl-2"/>
      </object_component>
      <object_component id="oc-be">
         <name>.debug_line</name>
         <load_address>0x197</load_address>
         <run_address>0x197</run_address>
         <size>0x6f</size>
         <input_file_ref idref="fl-2"/>
      </object_component>
      <object_component id="oc-c8">
         <name>.debug_line</name>
         <load_address>0x206</load_address>
         <run_address>0x206</run_address>
         <size>0x62</size>
         <input_file_ref idref="fl-2"/>
      </object_component>
      <object_component id="oc-a8">
         <name>.debug_line</name>
         <load_address>0x268</load_address>
         <run_address>0x268</run_address>
         <size>0x5f</size>
         <input_file_ref idref="fl-2"/>
      </object_component>
      <object_component id="oc-4a">
         <name>.debug_line</name>
         <load_address>0x2c7</load_address>
         <run_address>0x2c7</run_address>
         <size>0x20</size>
         <input_file_ref idref="fl-2"/>
      </object_component>
      <object_component id="oc-94">
         <name>.debug_line</name>
         <load_address>0x2e7</load_address>
         <run_address>0x2e7</run_address>
         <size>0x62</size>
         <input_file_ref idref="fl-2"/>
      </object_component>
      <object_component id="oc-13c">
         <name>.debug_line</name>
         <load_address>0x349</load_address>
         <run_address>0x349</run_address>
         <size>0x73</size>
         <input_file_ref idref="fl-2"/>
      </object_component>
      <object_component id="oc-b2">
         <name>.debug_line</name>
         <load_address>0x3bc</load_address>
         <run_address>0x3bc</run_address>
         <size>0x70</size>
         <input_file_ref idref="fl-2"/>
      </object_component>
      <object_component id="oc-b9">
         <name>.debug_line</name>
         <load_address>0x42c</load_address>
         <run_address>0x42c</run_address>
         <size>0x6b</size>
         <input_file_ref idref="fl-2"/>
      </object_component>
      <object_component id="oc-99">
         <name>.debug_line</name>
         <load_address>0x497</load_address>
         <run_address>0x497</run_address>
         <size>0x71</size>
         <input_file_ref idref="fl-2"/>
      </object_component>
      <object_component id="oc-c3">
         <name>.debug_line</name>
         <load_address>0x508</load_address>
         <run_address>0x508</run_address>
         <size>0x5e</size>
         <input_file_ref idref="fl-2"/>
      </object_component>
      <object_component id="oc-1eb">
         <name>.debug_line</name>
         <load_address>0x566</load_address>
         <run_address>0x566</run_address>
         <size>0x1c3</size>
         <input_file_ref idref="fl-3"/>
      </object_component>
      <object_component id="oc-1ff">
         <name>.debug_line</name>
         <load_address>0x729</load_address>
         <run_address>0x729</run_address>
         <size>0x2d</size>
         <input_file_ref idref="fl-3"/>
      </object_component>
      <object_component id="oc-f0">
         <name>.debug_line</name>
         <load_address>0x756</load_address>
         <run_address>0x756</run_address>
         <size>0x1af</size>
         <input_file_ref idref="fl-3"/>
      </object_component>
      <object_component id="oc-16d">
         <name>.debug_line</name>
         <load_address>0x905</load_address>
         <run_address>0x905</run_address>
         <size>0x60</size>
         <input_file_ref idref="fl-3"/>
      </object_component>
      <object_component id="oc-172">
         <name>.debug_line</name>
         <load_address>0x965</load_address>
         <run_address>0x965</run_address>
         <size>0x20</size>
         <input_file_ref idref="fl-3"/>
      </object_component>
      <object_component id="oc-1bc">
         <name>.debug_line</name>
         <load_address>0x985</load_address>
         <run_address>0x985</run_address>
         <size>0x74</size>
         <input_file_ref idref="fl-3"/>
      </object_component>
      <object_component id="oc-1ef">
         <name>.debug_line</name>
         <load_address>0x9f9</load_address>
         <run_address>0x9f9</run_address>
         <size>0x2d</size>
         <input_file_ref idref="fl-3"/>
      </object_component>
      <object_component id="oc-239">
         <name>.debug_line</name>
         <load_address>0xa26</load_address>
         <run_address>0xa26</run_address>
         <size>0x8e</size>
         <input_file_ref idref="fl-4"/>
      </object_component>
      <object_component id="oc-15d">
         <name>.debug_line</name>
         <load_address>0xab4</load_address>
         <run_address>0xab4</run_address>
         <size>0xe7</size>
         <input_file_ref idref="fl-4"/>
      </object_component>
      <object_component id="oc-b5">
         <name>.debug_line</name>
         <load_address>0xb9b</load_address>
         <run_address>0xb9b</run_address>
         <size>0x4e</size>
         <input_file_ref idref="fl-5"/>
      </object_component>
      <object_component id="oc-3f">
         <name>.debug_line</name>
         <load_address>0xbe9</load_address>
         <run_address>0xbe9</run_address>
         <size>0x42</size>
         <input_file_ref idref="fl-5"/>
      </object_component>
      <object_component id="oc-28">
         <name>.debug_line</name>
         <load_address>0xc2b</load_address>
         <run_address>0xc2b</run_address>
         <size>0xa2</size>
         <input_file_ref idref="fl-5"/>
      </object_component>
      <object_component id="oc-229">
         <name>.debug_line</name>
         <load_address>0xccd</load_address>
         <run_address>0xccd</run_address>
         <size>0x12f</size>
         <input_file_ref idref="fl-7"/>
      </object_component>
      <object_component id="oc-135">
         <name>.debug_line</name>
         <load_address>0xdfc</load_address>
         <run_address>0xdfc</run_address>
         <size>0x6b</size>
         <input_file_ref idref="fl-7"/>
      </object_component>
      <object_component id="oc-1c6">
         <name>.debug_line</name>
         <load_address>0xe67</load_address>
         <run_address>0xe67</run_address>
         <size>0x62</size>
         <input_file_ref idref="fl-7"/>
      </object_component>
      <object_component id="oc-22d">
         <name>.debug_line</name>
         <load_address>0xec9</load_address>
         <run_address>0xec9</run_address>
         <size>0x4a</size>
         <input_file_ref idref="fl-7"/>
      </object_component>
      <object_component id="oc-232">
         <name>.debug_line</name>
         <load_address>0xf13</load_address>
         <run_address>0xf13</run_address>
         <size>0x66</size>
         <input_file_ref idref="fl-7"/>
      </object_component>
      <object_component id="oc-1b7">
         <name>.debug_line</name>
         <load_address>0xf79</load_address>
         <run_address>0xf79</run_address>
         <size>0x60</size>
         <input_file_ref idref="fl-7"/>
      </object_component>
      <object_component id="oc-227">
         <name>.debug_line</name>
         <load_address>0xfd9</load_address>
         <run_address>0xfd9</run_address>
         <size>0x20</size>
         <input_file_ref idref="fl-8"/>
      </object_component>
      <object_component id="oc-10e">
         <name>.debug_line</name>
         <load_address>0xff9</load_address>
         <run_address>0xff9</run_address>
         <size>0xf4</size>
         <input_file_ref idref="fl-8"/>
      </object_component>
      <object_component id="oc-1e1">
         <name>.debug_line</name>
         <load_address>0x10ed</load_address>
         <run_address>0x10ed</run_address>
         <size>0x12f</size>
         <input_file_ref idref="fl-9"/>
      </object_component>
      <object_component id="oc-9f">
         <name>.debug_line</name>
         <load_address>0x121c</load_address>
         <run_address>0x121c</run_address>
         <size>0x6c8</size>
         <input_file_ref idref="fl-9"/>
      </object_component>
      <object_component id="oc-1e5">
         <name>.debug_line</name>
         <load_address>0x18e4</load_address>
         <run_address>0x18e4</run_address>
         <size>0x43</size>
         <input_file_ref idref="fl-9"/>
      </object_component>
      <object_component id="oc-12f">
         <name>.debug_line</name>
         <load_address>0x1927</load_address>
         <run_address>0x1927</run_address>
         <size>0x5f</size>
         <input_file_ref idref="fl-9"/>
      </object_component>
      <object_component id="oc-148">
         <name>.debug_line</name>
         <load_address>0x1986</load_address>
         <run_address>0x1986</run_address>
         <size>0x6b</size>
         <input_file_ref idref="fl-a"/>
      </object_component>
      <object_component id="oc-1b3">
         <name>.debug_line</name>
         <load_address>0x19f1</load_address>
         <run_address>0x19f1</run_address>
         <size>0xf1</size>
         <input_file_ref idref="fl-b"/>
      </object_component>
      <object_component id="oc-fe">
         <name>.debug_line</name>
         <load_address>0x1ae2</load_address>
         <run_address>0x1ae2</run_address>
         <size>0x43</size>
         <input_file_ref idref="fl-b"/>
      </object_component>
      <object_component id="oc-1d3">
         <name>.debug_line</name>
         <load_address>0x1b25</load_address>
         <run_address>0x1b25</run_address>
         <size>0x43</size>
         <input_file_ref idref="fl-b"/>
      </object_component>
      <object_component id="oc-1db">
         <name>.debug_line</name>
         <load_address>0x1b68</load_address>
         <run_address>0x1b68</run_address>
         <size>0x43</size>
         <input_file_ref idref="fl-b"/>
      </object_component>
      <object_component id="oc-1dd">
         <name>.debug_line</name>
         <load_address>0x1bab</load_address>
         <run_address>0x1bab</run_address>
         <size>0x43</size>
         <input_file_ref idref="fl-b"/>
      </object_component>
      <object_component id="oc-1d9">
         <name>.debug_line</name>
         <load_address>0x1bee</load_address>
         <run_address>0x1bee</run_address>
         <size>0x43</size>
         <input_file_ref idref="fl-b"/>
      </object_component>
      <object_component id="oc-1d7">
         <name>.debug_line</name>
         <load_address>0x1c31</load_address>
         <run_address>0x1c31</run_address>
         <size>0x43</size>
         <input_file_ref idref="fl-b"/>
      </object_component>
      <object_component id="oc-1d5">
         <name>.debug_line</name>
         <load_address>0x1c74</load_address>
         <run_address>0x1c74</run_address>
         <size>0x43</size>
         <input_file_ref idref="fl-b"/>
      </object_component>
      <object_component id="oc-88">
         <name>.debug_line</name>
         <load_address>0x1cb7</load_address>
         <run_address>0x1cb7</run_address>
         <size>0x92d</size>
         <input_file_ref idref="fl-b"/>
      </object_component>
      <object_component id="oc-103">
         <name>.debug_line</name>
         <load_address>0x25e4</load_address>
         <run_address>0x25e4</run_address>
         <size>0x5e</size>
         <input_file_ref idref="fl-b"/>
      </object_component>
      <object_component id="oc-1c1">
         <name>.debug_line</name>
         <load_address>0x2642</load_address>
         <run_address>0x2642</run_address>
         <size>0x43</size>
         <input_file_ref idref="fl-b"/>
      </object_component>
      <object_component id="oc-129">
         <name>.debug_line</name>
         <load_address>0x2685</load_address>
         <run_address>0x2685</run_address>
         <size>0x96</size>
         <input_file_ref idref="fl-d"/>
      </object_component>
      <object_component id="oc-106">
         <name>.debug_line</name>
         <load_address>0x271b</load_address>
         <run_address>0x271b</run_address>
         <size>0x58</size>
         <input_file_ref idref="fl-d"/>
      </object_component>
      <object_component id="oc-127">
         <name>.debug_line</name>
         <load_address>0x2773</load_address>
         <run_address>0x2773</run_address>
         <size>0x58</size>
         <input_file_ref idref="fl-d"/>
      </object_component>
      <object_component id="oc-34">
         <name>.debug_line</name>
         <load_address>0x27cb</load_address>
         <run_address>0x27cb</run_address>
         <size>0x15a</size>
         <input_file_ref idref="fl-d"/>
      </object_component>
      <object_component id="oc-2e">
         <name>.debug_line</name>
         <load_address>0x2925</load_address>
         <run_address>0x2925</run_address>
         <size>0xed</size>
         <input_file_ref idref="fl-e"/>
      </object_component>
      <object_component id="oc-225">
         <name>.debug_line</name>
         <load_address>0x2a12</load_address>
         <run_address>0x2a12</run_address>
         <size>0x5e</size>
         <input_file_ref idref="fl-f"/>
      </object_component>
      <object_component id="oc-223">
         <name>.debug_line</name>
         <load_address>0x2a70</load_address>
         <run_address>0x2a70</run_address>
         <size>0x55</size>
         <input_file_ref idref="fl-f"/>
      </object_component>
      <object_component id="oc-221">
         <name>.debug_line</name>
         <load_address>0x2ac5</load_address>
         <run_address>0x2ac5</run_address>
         <size>0x55</size>
         <input_file_ref idref="fl-f"/>
      </object_component>
      <object_component id="oc-10c">
         <name>.debug_line</name>
         <load_address>0x2b1a</load_address>
         <run_address>0x2b1a</run_address>
         <size>0xd8</size>
         <input_file_ref idref="fl-f"/>
      </object_component>
      <object_component id="oc-50">
         <name>.debug_line</name>
         <load_address>0x2bf2</load_address>
         <run_address>0x2bf2</run_address>
         <size>0x88</size>
         <input_file_ref idref="fl-ca"/>
      </object_component>
      <object_component id="oc-e3">
         <name>.debug_line</name>
         <load_address>0x2c7a</load_address>
         <run_address>0x2c7a</run_address>
         <size>0x79</size>
         <input_file_ref idref="fl-cb"/>
      </object_component>
      <object_component id="oc-14b">
         <name>.debug_line</name>
         <load_address>0x2cf3</load_address>
         <run_address>0x2cf3</run_address>
         <size>0x92</size>
         <input_file_ref idref="fl-cc"/>
      </object_component>
      <object_component id="oc-5f">
         <name>.debug_line</name>
         <load_address>0x2d85</load_address>
         <run_address>0x2d85</run_address>
         <size>0x53</size>
         <input_file_ref idref="fl-cc"/>
      </object_component>
      <object_component id="oc-dc">
         <name>.debug_line</name>
         <load_address>0x2dd8</load_address>
         <run_address>0x2dd8</run_address>
         <size>0x34</size>
         <input_file_ref idref="fl-cc"/>
      </object_component>
      <object_component id="oc-d7">
         <name>.debug_line</name>
         <load_address>0x2e0c</load_address>
         <run_address>0x2e0c</run_address>
         <size>0x20</size>
         <input_file_ref idref="fl-cd"/>
      </object_component>
      <object_component id="oc-1f">
         <name>.debug_line</name>
         <load_address>0x2e2c</load_address>
         <run_address>0x2e2c</run_address>
         <size>0x55</size>
         <input_file_ref idref="fl-cd"/>
      </object_component>
      <object_component id="oc-55">
         <name>.debug_line</name>
         <load_address>0x2e81</load_address>
         <run_address>0x2e81</run_address>
         <size>0x3a</size>
         <input_file_ref idref="fl-cd"/>
      </object_component>
      <object_component id="oc-d4">
         <name>.debug_line</name>
         <load_address>0x2ebb</load_address>
         <run_address>0x2ebb</run_address>
         <size>0x92</size>
         <input_file_ref idref="fl-cd"/>
      </object_component>
      <object_component id="oc-144">
         <name>.debug_line</name>
         <load_address>0x2f4d</load_address>
         <run_address>0x2f4d</run_address>
         <size>0x20</size>
         <input_file_ref idref="fl-ce"/>
      </object_component>
      <object_component id="oc-16">
         <name>.debug_line</name>
         <load_address>0x2f6d</load_address>
         <run_address>0x2f6d</run_address>
         <size>0xa9</size>
         <input_file_ref idref="fl-ce"/>
      </object_component>
      <object_component id="oc-45">
         <name>.debug_line</name>
         <load_address>0x3016</load_address>
         <run_address>0x3016</run_address>
         <size>0x3a</size>
         <input_file_ref idref="fl-ce"/>
      </object_component>
      <object_component id="oc-141">
         <name>.debug_line</name>
         <load_address>0x3050</load_address>
         <run_address>0x3050</run_address>
         <size>0x9a</size>
         <input_file_ref idref="fl-ce"/>
      </object_component>
      <object_component id="oc-cd">
         <name>.debug_line</name>
         <load_address>0x30ea</load_address>
         <run_address>0x30ea</run_address>
         <size>0x96</size>
         <input_file_ref idref="fl-ce"/>
      </object_component>
      <object_component id="oc-235">
         <name>.debug_line</name>
         <load_address>0x3180</load_address>
         <run_address>0x3180</run_address>
         <size>0x20</size>
         <input_file_ref idref="fl-cf"/>
      </object_component>
      <object_component id="oc-153">
         <name>.debug_line</name>
         <load_address>0x31a0</load_address>
         <run_address>0x31a0</run_address>
         <size>0xad</size>
         <input_file_ref idref="fl-cf"/>
      </object_component>
      <object_component id="oc-7d">
         <name>.debug_line</name>
         <load_address>0x324d</load_address>
         <run_address>0x324d</run_address>
         <size>0x33</size>
         <input_file_ref idref="fl-d0"/>
      </object_component>
      <object_component id="oc-6f">
         <name>.debug_line</name>
         <load_address>0x3280</load_address>
         <run_address>0x3280</run_address>
         <size>0x45</size>
         <input_file_ref idref="fl-d0"/>
      </object_component>
      <object_component id="oc-249">
         <name>.debug_line</name>
         <load_address>0x32c5</load_address>
         <run_address>0x32c5</run_address>
         <size>0xbf</size>
         <input_file_ref idref="fl-d1"/>
      </object_component>
      <object_component id="oc-182">
         <name>.debug_line</name>
         <load_address>0x3384</load_address>
         <run_address>0x3384</run_address>
         <size>0x6f</size>
         <input_file_ref idref="fl-d1"/>
      </object_component>
      <object_component id="oc-24d">
         <name>.debug_line</name>
         <load_address>0x33f3</load_address>
         <run_address>0x33f3</run_address>
         <size>0x2e</size>
         <input_file_ref idref="fl-d1"/>
      </object_component>
      <object_component id="oc-261">
         <name>.debug_line</name>
         <load_address>0x3421</load_address>
         <run_address>0x3421</run_address>
         <size>0x9a</size>
         <input_file_ref idref="fl-d1"/>
      </object_component>
      <object_component id="oc-252">
         <name>.debug_line</name>
         <load_address>0x34bb</load_address>
         <run_address>0x34bb</run_address>
         <size>0x97</size>
         <input_file_ref idref="fl-d1"/>
      </object_component>
      <object_component id="oc-257">
         <name>.debug_line</name>
         <load_address>0x3552</load_address>
         <run_address>0x3552</run_address>
         <size>0x93</size>
         <input_file_ref idref="fl-d1"/>
      </object_component>
      <object_component id="oc-ea">
         <name>.debug_line</name>
         <load_address>0x35e5</load_address>
         <run_address>0x35e5</run_address>
         <size>0x40</size>
         <input_file_ref idref="fl-d2"/>
      </object_component>
      <object_component id="oc-176">
         <name>.debug_line</name>
         <load_address>0x3625</load_address>
         <run_address>0x3625</run_address>
         <size>0x3c</size>
         <input_file_ref idref="fl-d4"/>
      </object_component>
      <object_component id="oc-3d">
         <name>.debug_frame</name>
         <load_address>0x0</load_address>
         <run_address>0x0</run_address>
         <size>0x74</size>
         <input_file_ref idref="fl-2"/>
      </object_component>
      <object_component id="oc-ef">
         <name>.debug_frame</name>
         <load_address>0x74</load_address>
         <run_address>0x74</run_address>
         <size>0xe4</size>
         <input_file_ref idref="fl-3"/>
      </object_component>
      <object_component id="oc-15e">
         <name>.debug_frame</name>
         <load_address>0x158</load_address>
         <run_address>0x158</run_address>
         <size>0x94</size>
         <input_file_ref idref="fl-4"/>
      </object_component>
      <object_component id="oc-2c">
         <name>.debug_frame</name>
         <load_address>0x1ec</load_address>
         <run_address>0x1ec</run_address>
         <size>0x90</size>
         <input_file_ref idref="fl-5"/>
      </object_component>
      <object_component id="oc-10f">
         <name>.debug_frame</name>
         <load_address>0x27c</load_address>
         <run_address>0x27c</run_address>
         <size>0xb8</size>
         <input_file_ref idref="fl-8"/>
      </object_component>
      <object_component id="oc-a0">
         <name>.debug_frame</name>
         <load_address>0x334</load_address>
         <run_address>0x334</run_address>
         <size>0x310</size>
         <input_file_ref idref="fl-9"/>
      </object_component>
      <object_component id="oc-87">
         <name>.debug_frame</name>
         <load_address>0x644</load_address>
         <run_address>0x644</run_address>
         <size>0x50c</size>
         <input_file_ref idref="fl-b"/>
      </object_component>
      <object_component id="oc-33">
         <name>.debug_frame</name>
         <load_address>0xb50</load_address>
         <run_address>0xb50</run_address>
         <size>0xec</size>
         <input_file_ref idref="fl-d"/>
      </object_component>
      <object_component id="oc-10b">
         <name>.debug_frame</name>
         <load_address>0xc3c</load_address>
         <run_address>0xc3c</run_address>
         <size>0x9c</size>
         <input_file_ref idref="fl-f"/>
      </object_component>
      <object_component id="oc-61">
         <name>.debug_frame</name>
         <load_address>0xcd8</load_address>
         <run_address>0xcd8</run_address>
         <size>0x54</size>
         <input_file_ref idref="fl-cc"/>
      </object_component>
      <object_component id="oc-20">
         <name>.debug_frame</name>
         <load_address>0xd2c</load_address>
         <run_address>0xd2c</run_address>
         <size>0x54</size>
         <input_file_ref idref="fl-cd"/>
      </object_component>
      <object_component id="oc-17">
         <name>.debug_frame</name>
         <load_address>0xd80</load_address>
         <run_address>0xd80</run_address>
         <size>0x60</size>
         <input_file_ref idref="fl-ce"/>
      </object_component>
      <object_component id="oc-14f">
         <name>.debug_frame</name>
         <load_address>0xde0</load_address>
         <run_address>0xde0</run_address>
         <size>0x54</size>
         <input_file_ref idref="fl-cf"/>
      </object_component>
      <object_component id="oc-6b">
         <name>.debug_frame</name>
         <load_address>0xe34</load_address>
         <run_address>0xe34</run_address>
         <size>0x50</size>
         <input_file_ref idref="fl-d0"/>
      </object_component>
      <object_component id="oc-181">
         <name>.debug_frame</name>
         <load_address>0xe84</load_address>
         <run_address>0xe84</run_address>
         <size>0x5c</size>
         <input_file_ref idref="fl-d1"/>
      </object_component>
      <object_component id="oc-e7">
         <name>.debug_frame</name>
         <load_address>0xee0</load_address>
         <run_address>0xee0</run_address>
         <size>0x54</size>
         <input_file_ref idref="fl-d2"/>
      </object_component>
      <object_component id="oc-177">
         <name>.debug_frame</name>
         <load_address>0xf34</load_address>
         <run_address>0xf34</run_address>
         <size>0x54</size>
         <input_file_ref idref="fl-d4"/>
      </object_component>
      <object_component id="oc-1de">
         <name>.debug_abbrev</name>
         <load_address>0x0</load_address>
         <run_address>0x0</run_address>
         <size>0xb6</size>
         <input_file_ref idref="fl-2"/>
      </object_component>
      <object_component id="oc-137">
         <name>.debug_abbrev</name>
         <load_address>0xb6</load_address>
         <run_address>0xb6</run_address>
         <size>0x27</size>
         <input_file_ref idref="fl-2"/>
      </object_component>
      <object_component id="oc-a4">
         <name>.debug_abbrev</name>
         <load_address>0xdd</load_address>
         <run_address>0xdd</run_address>
         <size>0x7a</size>
         <input_file_ref idref="fl-2"/>
      </object_component>
      <object_component id="oc-ac">
         <name>.debug_abbrev</name>
         <load_address>0x157</load_address>
         <run_address>0x157</run_address>
         <size>0x9f</size>
         <input_file_ref idref="fl-2"/>
      </object_component>
      <object_component id="oc-bd">
         <name>.debug_abbrev</name>
         <load_address>0x1f6</load_address>
         <run_address>0x1f6</run_address>
         <size>0x69</size>
         <input_file_ref idref="fl-2"/>
      </object_component>
      <object_component id="oc-c7">
         <name>.debug_abbrev</name>
         <load_address>0x25f</load_address>
         <run_address>0x25f</run_address>
         <size>0x70</size>
         <input_file_ref idref="fl-2"/>
      </object_component>
      <object_component id="oc-a7">
         <name>.debug_abbrev</name>
         <load_address>0x2cf</load_address>
         <run_address>0x2cf</run_address>
         <size>0x33</size>
         <input_file_ref idref="fl-2"/>
      </object_component>
      <object_component id="oc-49">
         <name>.debug_abbrev</name>
         <load_address>0x302</load_address>
         <run_address>0x302</run_address>
         <size>0x1f</size>
         <input_file_ref idref="fl-2"/>
      </object_component>
      <object_component id="oc-93">
         <name>.debug_abbrev</name>
         <load_address>0x321</load_address>
         <run_address>0x321</run_address>
         <size>0x24</size>
         <input_file_ref idref="fl-2"/>
      </object_component>
      <object_component id="oc-13b">
         <name>.debug_abbrev</name>
         <load_address>0x345</load_address>
         <run_address>0x345</run_address>
         <size>0x5c</size>
         <input_file_ref idref="fl-2"/>
      </object_component>
      <object_component id="oc-b1">
         <name>.debug_abbrev</name>
         <load_address>0x3a1</load_address>
         <run_address>0x3a1</run_address>
         <size>0x24</size>
         <input_file_ref idref="fl-2"/>
      </object_component>
      <object_component id="oc-b8">
         <name>.debug_abbrev</name>
         <load_address>0x3c5</load_address>
         <run_address>0x3c5</run_address>
         <size>0x24</size>
         <input_file_ref idref="fl-2"/>
      </object_component>
      <object_component id="oc-98">
         <name>.debug_abbrev</name>
         <load_address>0x3e9</load_address>
         <run_address>0x3e9</run_address>
         <size>0x24</size>
         <input_file_ref idref="fl-2"/>
      </object_component>
      <object_component id="oc-c2">
         <name>.debug_abbrev</name>
         <load_address>0x40d</load_address>
         <run_address>0x40d</run_address>
         <size>0x61</size>
         <input_file_ref idref="fl-2"/>
      </object_component>
      <object_component id="oc-1ea">
         <name>.debug_abbrev</name>
         <load_address>0x46e</load_address>
         <run_address>0x46e</run_address>
         <size>0x152</size>
         <input_file_ref idref="fl-3"/>
      </object_component>
      <object_component id="oc-1fe">
         <name>.debug_abbrev</name>
         <load_address>0x5c0</load_address>
         <run_address>0x5c0</run_address>
         <size>0x29</size>
         <input_file_ref idref="fl-3"/>
      </object_component>
      <object_component id="oc-169">
         <name>.debug_abbrev</name>
         <load_address>0x5e9</load_address>
         <run_address>0x5e9</run_address>
         <size>0x12f</size>
         <input_file_ref idref="fl-3"/>
      </object_component>
      <object_component id="oc-16c">
         <name>.debug_abbrev</name>
         <load_address>0x718</load_address>
         <run_address>0x718</run_address>
         <size>0x24</size>
         <input_file_ref idref="fl-3"/>
      </object_component>
      <object_component id="oc-171">
         <name>.debug_abbrev</name>
         <load_address>0x73c</load_address>
         <run_address>0x73c</run_address>
         <size>0x1f</size>
         <input_file_ref idref="fl-3"/>
      </object_component>
      <object_component id="oc-1bb">
         <name>.debug_abbrev</name>
         <load_address>0x75b</load_address>
         <run_address>0x75b</run_address>
         <size>0x33</size>
         <input_file_ref idref="fl-3"/>
      </object_component>
      <object_component id="oc-1ee">
         <name>.debug_abbrev</name>
         <load_address>0x78e</load_address>
         <run_address>0x78e</run_address>
         <size>0x3a</size>
         <input_file_ref idref="fl-3"/>
      </object_component>
      <object_component id="oc-238">
         <name>.debug_abbrev</name>
         <load_address>0x7c8</load_address>
         <run_address>0x7c8</run_address>
         <size>0x72</size>
         <input_file_ref idref="fl-4"/>
      </object_component>
      <object_component id="oc-1fb">
         <name>.debug_abbrev</name>
         <load_address>0x83a</load_address>
         <run_address>0x83a</run_address>
         <size>0xa7</size>
         <input_file_ref idref="fl-4"/>
      </object_component>
      <object_component id="oc-b4">
         <name>.debug_abbrev</name>
         <load_address>0x8e1</load_address>
         <run_address>0x8e1</run_address>
         <size>0xbf</size>
         <input_file_ref idref="fl-5"/>
      </object_component>
      <object_component id="oc-3e">
         <name>.debug_abbrev</name>
         <load_address>0x9a0</load_address>
         <run_address>0x9a0</run_address>
         <size>0x29</size>
         <input_file_ref idref="fl-5"/>
      </object_component>
      <object_component id="oc-7e">
         <name>.debug_abbrev</name>
         <load_address>0x9c9</load_address>
         <run_address>0x9c9</run_address>
         <size>0xa2</size>
         <input_file_ref idref="fl-5"/>
      </object_component>
      <object_component id="oc-228">
         <name>.debug_abbrev</name>
         <load_address>0xa6b</load_address>
         <run_address>0xa6b</run_address>
         <size>0x111</size>
         <input_file_ref idref="fl-7"/>
      </object_component>
      <object_component id="oc-134">
         <name>.debug_abbrev</name>
         <load_address>0xb7c</load_address>
         <run_address>0xb7c</run_address>
         <size>0x5a</size>
         <input_file_ref idref="fl-7"/>
      </object_component>
      <object_component id="oc-1c5">
         <name>.debug_abbrev</name>
         <load_address>0xbd6</load_address>
         <run_address>0xbd6</run_address>
         <size>0x70</size>
         <input_file_ref idref="fl-7"/>
      </object_component>
      <object_component id="oc-22c">
         <name>.debug_abbrev</name>
         <load_address>0xc46</load_address>
         <run_address>0xc46</run_address>
         <size>0x4b</size>
         <input_file_ref idref="fl-7"/>
      </object_component>
      <object_component id="oc-231">
         <name>.debug_abbrev</name>
         <load_address>0xc91</load_address>
         <run_address>0xc91</run_address>
         <size>0x24</size>
         <input_file_ref idref="fl-7"/>
      </object_component>
      <object_component id="oc-1b6">
         <name>.debug_abbrev</name>
         <load_address>0xcb5</load_address>
         <run_address>0xcb5</run_address>
         <size>0x33</size>
         <input_file_ref idref="fl-7"/>
      </object_component>
      <object_component id="oc-226">
         <name>.debug_abbrev</name>
         <load_address>0xce8</load_address>
         <run_address>0xce8</run_address>
         <size>0x88</size>
         <input_file_ref idref="fl-8"/>
      </object_component>
      <object_component id="oc-1d0">
         <name>.debug_abbrev</name>
         <load_address>0xd70</load_address>
         <run_address>0xd70</run_address>
         <size>0x9b</size>
         <input_file_ref idref="fl-8"/>
      </object_component>
      <object_component id="oc-1e0">
         <name>.debug_abbrev</name>
         <load_address>0xe0b</load_address>
         <run_address>0xe0b</run_address>
         <size>0x129</size>
         <input_file_ref idref="fl-9"/>
      </object_component>
      <object_component id="oc-12b">
         <name>.debug_abbrev</name>
         <load_address>0xf34</load_address>
         <run_address>0xf34</run_address>
         <size>0x13b</size>
         <input_file_ref idref="fl-9"/>
      </object_component>
      <object_component id="oc-1e4">
         <name>.debug_abbrev</name>
         <load_address>0x106f</load_address>
         <run_address>0x106f</run_address>
         <size>0x70</size>
         <input_file_ref idref="fl-9"/>
      </object_component>
      <object_component id="oc-12e">
         <name>.debug_abbrev</name>
         <load_address>0x10df</load_address>
         <run_address>0x10df</run_address>
         <size>0x24</size>
         <input_file_ref idref="fl-9"/>
      </object_component>
      <object_component id="oc-147">
         <name>.debug_abbrev</name>
         <load_address>0x1103</load_address>
         <run_address>0x1103</run_address>
         <size>0x24</size>
         <input_file_ref idref="fl-a"/>
      </object_component>
      <object_component id="oc-1b2">
         <name>.debug_abbrev</name>
         <load_address>0x1127</load_address>
         <run_address>0x1127</run_address>
         <size>0x11c</size>
         <input_file_ref idref="fl-b"/>
      </object_component>
      <object_component id="oc-fd">
         <name>.debug_abbrev</name>
         <load_address>0x1243</load_address>
         <run_address>0x1243</run_address>
         <size>0x3d</size>
         <input_file_ref idref="fl-b"/>
      </object_component>
      <object_component id="oc-1d2">
         <name>.debug_abbrev</name>
         <load_address>0x1280</load_address>
         <run_address>0x1280</run_address>
         <size>0x27</size>
         <input_file_ref idref="fl-b"/>
      </object_component>
      <object_component id="oc-1da">
         <name>.debug_abbrev</name>
         <load_address>0x12a7</load_address>
         <run_address>0x12a7</run_address>
         <size>0x27</size>
         <input_file_ref idref="fl-b"/>
      </object_component>
      <object_component id="oc-1dc">
         <name>.debug_abbrev</name>
         <load_address>0x12ce</load_address>
         <run_address>0x12ce</run_address>
[...]
         <object_component_ref idref="oc-38"/>
      </symbol>
      <symbol id="sm-92">
         <name>gpioPortJIsr</name>
         <value>0x2a91</value>
         <object_component_ref idref="oc-38"/>
      </symbol>
      <symbol id="sm-105">
         <name>adcTP0_</name>
         <value>0x200020a0</value>
      </symbol>
      <symbol id="sm-106">
         <name>adcTP1_</name>
         <value>0x200020bc</value>
      </symbol>
      <symbol id="sm-107">
         <name>buttonServiceTP_</name>
         <value>0x20002128</value>
      </symbol>
      <symbol id="sm-108">
         <name>main</name>
         <value>0x1f7d</value>
         <object_component_ref idref="oc-eb"/>
      </symbol>
      <symbol id="sm-109">
         <name>activationCounterJ1_</name>
         <value>0x20002388</value>
         <object_component_ref idref="oc-166"/>
      </symbol>
      <symbol id="sm-144">
         <name>LEDWrite</name>
         <value>0x249d</value>
         <object_component_ref idref="oc-15c"/>
      </symbol>
      <symbol id="sm-145">
         <name>LEDRead</name>
         <value>0x252d</value>
         <object_component_ref idref="oc-15c"/>
      </symbol>
      <symbol id="sm-146">
         <name>PinoutSet</name>
         <value>0x2365</value>
         <object_component_ref idref="oc-15c"/>
      </symbol>
      <symbol id="sm-162">
         <name>ResetISR</name>
         <value>0x2c87</value>
         <object_component_ref idref="oc-27"/>
      </symbol>
      <symbol id="sm-163">
         <name>g_pfnVectors</name>
         <value>0x0</value>
         <object_component_ref idref="oc-12"/>
      </symbol>
      <symbol id="sm-197">
         <name>uxListRemove</name>
         <value>0x2813</value>
         <object_component_ref idref="oc-10d"/>
      </symbol>
      <symbol id="sm-198">
         <name>vListInsert</name>
         <value>0x27ad</value>
         <object_component_ref idref="oc-10d"/>
      </symbol>
      <symbol id="sm-199">
         <name>vListInitialiseItem</name>
         <value>0x2761</value>
         <object_component_ref idref="oc-10d"/>
      </symbol>
      <symbol id="sm-19a">
         <name>vListInsertEnd</name>
         <value>0x2771</value>
         <object_component_ref idref="oc-10d"/>
      </symbol>
      <symbol id="sm-19b">
         <name>vListInitialise</name>
         <value>0x2731</value>
         <object_component_ref idref="oc-10d"/>
      </symbol>
      <symbol id="sm-248">
         <name>xQueuePeekFromISR</name>
         <value>0x1c73</value>
         <object_component_ref idref="oc-9b"/>
      </symbol>
      <symbol id="sm-249">
         <name>xQueueIsQueueEmptyFromISR</name>
         <value>0x1f0f</value>
         <object_component_ref idref="oc-9b"/>
      </symbol>
      <symbol id="sm-24a">
         <name>xQueueGenericSendFromISR</name>
         <value>0x1715</value>
         <object_component_ref idref="oc-9b"/>
      </symbol>
      <symbol id="sm-24b">
         <name>uxQueueMessagesWaiting</name>
         <value>0x1cc5</value>
         <object_component_ref idref="oc-9b"/>
      </symbol>
      <symbol id="sm-24c">
         <name>xQueueIsQueueFullFromISR</name>
         <value>0x1f55</value>
         <object_component_ref idref="oc-9b"/>
      </symbol>
      <symbol id="sm-24d">
         <name>xQueueGenericCreate</name>
         <value>0x1505</value>
         <object_component_ref idref="oc-9b"/>
      </symbol>
      <symbol id="sm-24e">
         <name>xQueueCreateMutex</name>
         <value>0x15b9</value>
         <object_component_ref idref="oc-9b"/>
      </symbol>
      <symbol id="sm-24f">
         <name>xQueueGenericSend</name>
         <value>0x15e5</value>
         <object_component_ref idref="oc-9b"/>
      </symbol>
      <symbol id="sm-250">
         <name>xQueueGenericReset</name>
         <value>0x1465</value>
         <object_component_ref idref="oc-9b"/>
      </symbol>
      <symbol id="sm-251">
         <name>xQueueReceiveFromISR</name>
         <value>0x1bd9</value>
         <object_component_ref idref="oc-9b"/>
      </symbol>
      <symbol id="sm-252">
         <name>uxQueueSpacesAvailable</name>
         <value>0x1cdb</value>
         <object_component_ref idref="oc-9b"/>
      </symbol>
      <symbol id="sm-253">
         <name>xQueueSemaphoreTake</name>
         <value>0x195d</value>
         <object_component_ref idref="oc-9b"/>
      </symbol>
      <symbol id="sm-254">
         <name>xQueueGiveFromISR</name>
         <value>0x17b1</value>
         <object_component_ref idref="oc-9b"/>
      </symbol>
      <symbol id="sm-255">
         <name>uxQueueMessagesWaitingFromISR</name>
         <value>0x1cfb</value>
         <object_component_ref idref="oc-9b"/>
      </symbol>
      <symbol id="sm-256">
         <name>vQueueDelete</name>
         <value>0x1d11</value>
         <object_component_ref idref="oc-9b"/>
      </symbol>
      <symbol id="sm-257">
         <name>xQueuePeek</name>
         <value>0x1ab7</value>
         <object_component_ref idref="oc-9b"/>
      </symbol>
      <symbol id="sm-258">
         <name>xQueueReceive</name>
         <value>0x1845</value>
         <object_component_ref idref="oc-9b"/>
      </symbol>
      <symbol id="sm-3d8">
         <name>vTaskDelay</name>
         <value>0x47f</value>
         <object_component_ref idref="oc-85"/>
      </symbol>
      <symbol id="sm-3d9">
         <name>vTaskSuspendAll</name>
         <value>0x745</value>
         <object_component_ref idref="oc-85"/>
      </symbol>
      <symbol id="sm-3da">
         <name>vTaskPlaceOnEventList</name>
         <value>0xa2d</value>
         <object_component_ref idref="oc-85"/>
      </symbol>
      <symbol id="sm-3db">
         <name>ulTaskNotifyTake</name>
         <value>0xfa9</value>
         <object_component_ref idref="oc-85"/>
      </symbol>
      <symbol id="sm-3dc">
         <name>pcTaskGetName</name>
         <value>0x863</value>
         <object_component_ref idref="oc-85"/>
      </symbol>
      <symbol id="sm-3dd">
         <name>xTaskCheckForTimeOut</name>
         <value>0xba9</value>
         <object_component_ref idref="oc-85"/>
      </symbol>
      <symbol id="sm-3de">
         <name>vTaskRemoveFromUnorderedEventList</name>
         <value>0xaf9</value>
         <object_component_ref idref="oc-85"/>
      </symbol>
      <symbol id="sm-3df">
         <name>xTaskPriorityDisinherit</name>
         <value>0xddd</value>
         <object_component_ref idref="oc-85"/>
      </symbol>
      <symbol id="sm-3e0">
         <name>vTaskStartScheduler</name>
         <value>0x6df</value>
         <object_component_ref idref="oc-85"/>
      </symbol>
      <symbol id="sm-3e1">
         <name>vTaskInternalSetTimeOutState</name>
         <value>0xb85</value>
         <object_component_ref idref="oc-85"/>
      </symbol>
      <symbol id="sm-3e2">
         <name>xTaskNotifyStateClear</name>
         <value>0x1369</value>
         <object_component_ref idref="oc-85"/>
      </symbol>
      <symbol id="sm-3e3">
         <name>pvTaskIncrementMutexHeldCount</name>
         <value>0xf91</value>
         <object_component_ref idref="oc-85"/>
      </symbol>
      <symbol id="sm-3e4">
         <name>xTaskGenericNotify</name>
         <value>0x10c5</value>
         <object_component_ref idref="oc-85"/>
      </symbol>
      <symbol id="sm-3e5">
         <name>vTaskPriorityDisinheritAfterTimeout</name>
         <value>0xe95</value>
         <object_component_ref idref="oc-85"/>
      </symbol>
      <symbol id="sm-3e6">
         <name>xTaskCreate</name>
         <value>0x201</value>
         <object_component_ref idref="oc-85"/>
      </symbol>
      <symbol id="sm-3e7">
         <name>vTaskDelayUntil</name>
         <value>0x3ef</value>
         <object_component_ref idref="oc-85"/>
      </symbol>
      <symbol id="sm-3e8">
         <name>vTaskEndScheduler</name>
         <value>0x729</value>
         <object_component_ref idref="oc-85"/>
      </symbol>
      <symbol id="sm-3e9">
         <name>xTaskNotifyWait</name>
         <value>0x1025</value>
         <object_component_ref idref="oc-85"/>
      </symbol>
      <symbol id="sm-3ea">
         <name>vTaskMissedYield</name>
         <value>0xc27</value>
         <object_component_ref idref="oc-85"/>
      </symbol>
      <symbol id="sm-3eb">
         <name>uxTaskGetNumberOfTasks</name>
         <value>0x85d</value>
         <object_component_ref idref="oc-85"/>
      </symbol>
      <symbol id="sm-3ec">
         <name>xTaskGenericNotifyFromISR</name>
         <value>0x11b5</value>
         <object_component_ref idref="oc-85"/>
      </symbol>
      <symbol id="sm-3ed">
         <name>xTaskResumeAll</name>
         <value>0x755</value>
         <object_component_ref idref="oc-85"/>
      </symbol>
      <symbol id="sm-3ee">
         <name>xTaskGetTickCount</name>
         <value>0x833</value>
         <object_component_ref idref="oc-85"/>
      </symbol>
      <symbol id="sm-3ef">
         <name>pxCurrentTCB</name>
         <value>0x20002350</value>
         <object_component_ref idref="oc-7f"/>
      </symbol>
      <symbol id="sm-3f0">
         <name>vTaskNotifyGiveFromISR</name>
         <value>0x12bd</value>
         <object_component_ref idref="oc-85"/>
      </symbol>
      <symbol id="sm-3f1">
         <name>vTaskSuspend</name>
         <value>0x4b5</value>
         <object_component_ref idref="oc-85"/>
      </symbol>
      <symbol id="sm-3f2">
         <name>xTaskGetTickCountFromISR</name>
         <value>0x849</value>
         <object_component_ref idref="oc-85"/>
      </symbol>
      <symbol id="sm-3f3">
         <name>vTaskResume</name>
         <value>0x5cd</value>
         <object_component_ref idref="oc-85"/>
      </symbol>
      <symbol id="sm-3f4">
         <name>vTaskSetTimeOutState</name>
         <value>0xb5b</value>
         <object_component_ref idref="oc-85"/>
      </symbol>
      <symbol id="sm-3f5">
         <name>xTaskIncrementTick</name>
         <value>0x895</value>
         <object_component_ref idref="oc-85"/>
      </symbol>
      <symbol id="sm-3f6">
         <name>vTaskSwitchContext</name>
         <value>0x9c5</value>
         <object_component_ref idref="oc-85"/>
      </symbol>
      <symbol id="sm-3f7">
         <name>uxTaskResetEventItemValue</name>
         <value>0xf69</value>
         <object_component_ref idref="oc-85"/>
      </symbol>
      <symbol id="sm-3f8">
         <name>xTaskResumeFromISR</name>
         <value>0x659</value>
         <object_component_ref idref="oc-85"/>
      </symbol>
      <symbol id="sm-3f9">
         <name>xTaskGetCurrentTaskHandle</name>
         <value>0xce1</value>
         <object_component_ref idref="oc-85"/>
      </symbol>
      <symbol id="sm-3fa">
         <name>vTaskPlaceOnUnorderedEventList</name>
         <value>0xa4d</value>
         <object_component_ref idref="oc-85"/>
      </symbol>
      <symbol id="sm-3fb">
         <name>xTaskRemoveFromEventList</name>
         <value>0xa81</value>
         <object_component_ref idref="oc-85"/>
      </symbol>
      <symbol id="sm-3fc">
         <name>xTaskPriorityInherit</name>
         <value>0xcf9</value>
         <object_component_ref idref="oc-85"/>
      </symbol>
      <symbol id="sm-42d">
         <name>ulMaxSyscallInterruptPriority</name>
         <value>0x2d04</value>
         <object_component_ref idref="oc-82"/>
      </symbol>
      <symbol id="sm-42e">
         <name>vPortSetupTimerInterrupt</name>
         <value>0x26f3</value>
         <object_component_ref idref="oc-32"/>
      </symbol>
      <symbol id="sm-42f">
         <name>vPortEndScheduler</name>
         <value>0x2695</value>
         <object_component_ref idref="oc-32"/>
      </symbol>
      <symbol id="sm-430">
         <name>xPortSysTickHandler</name>
         <value>0x26cd</value>
         <object_component_ref idref="oc-32"/>
      </symbol>
      <symbol id="sm-431">
         <name>pxPortInitialiseStack</name>
         <value>0x25f5</value>
         <object_component_ref idref="oc-32"/>
      </symbol>
      <symbol id="sm-432">
         <name>vPortExitCritical</name>
         <value>0x26b7</value>
         <object_component_ref idref="oc-32"/>
      </symbol>
      <symbol id="sm-433">
         <name>xPortStartScheduler</name>
         <value>0x265f</value>
         <object_component_ref idref="oc-32"/>
      </symbol>
      <symbol id="sm-434">
         <name>vPortEnterCritical</name>
         <value>0x2697</value>
         <object_component_ref idref="oc-32"/>
      </symbol>
      <symbol id="sm-443">
         <name>vPortStartFirstTask</name>
         <value>0x2905</value>
         <object_component_ref idref="oc-2d"/>
      </symbol>
      <symbol id="sm-444">
         <name>ulPortGetIPSR</name>
         <value>0x286d</value>
         <object_component_ref idref="oc-2d"/>
      </symbol>
      <symbol id="sm-445">
         <name>vPortEnableVFP</name>
         <value>0x2929</value>
         <object_component_ref idref="oc-2d"/>
      </symbol>
      <symbol id="sm-446">
         <name>xPortPendSVHandler</name>
         <value>0x2885</value>
         <object_component_ref idref="oc-2d"/>
      </symbol>
      <symbol id="sm-447">
         <name>vPortSVCHandler</name>
         <value>0x28e5</value>
         <object_component_ref idref="oc-2d"/>
      </symbol>
      <symbol id="sm-46d">
         <name>vPortInitialiseBlocks</name>
         <value>0x29b3</value>
         <object_component_ref idref="oc-107"/>
      </symbol>
      <symbol id="sm-46e">
         <name>xPortGetFreeHeapSize</name>
         <value>0x29bb</value>
         <object_component_ref idref="oc-107"/>
      </symbol>
      <symbol id="sm-46f">
         <name>pvPortMalloc</name>
         <value>0x2939</value>
         <object_component_ref idref="oc-107"/>
      </symbol>
      <symbol id="sm-470">
         <name>vPortFree</name>
         <value>0x29a9</value>
         <object_component_ref idref="oc-107"/>
      </symbol>
      <symbol id="sm-48b">
         <name>memcpy</name>
         <value>0x29d5</value>
         <object_component_ref idref="oc-4c"/>
      </symbol>
      <symbol id="sm-48c">
         <name>__aeabi_memcpy</name>
         <value>0x29d5</value>
         <object_component_ref idref="oc-4c"/>
      </symbol>
      <symbol id="sm-48d">
         <name>__aeabi_memcpy8</name>
         <value>0x29d5</value>
         <object_component_ref idref="oc-4c"/>
      </symbol>
      <symbol id="sm-48e">
         <name>__aeabi_memcpy4</name>
         <value>0x29d5</value>
         <object_component_ref idref="oc-4c"/>
      </symbol>
      <symbol id="sm-49d">
         <name>__aeabi_memset</name>
         <value>0x2afb</value>
         <object_component_ref idref="oc-df"/>
      </symbol>
      <symbol id="sm-49e">
         <name>memset</name>
         <value>0x2b01</value>
         <object_component_ref idref="oc-df"/>
      </symbol>
      <symbol id="sm-49f">
         <name>__aeabi_memset8</name>
         <value>0x2afb</value>
         <object_component_ref idref="oc-df"/>
      </symbol>
      <symbol id="sm-4a0">
         <name>__aeabi_memset4</name>
         <value>0x2afb</value>
         <object_component_ref idref="oc-df"/>
      </symbol>
      <symbol id="sm-4a1">
         <name>__aeabi_memclr8</name>
         <value>0x2af9</value>
         <object_component_ref idref="oc-df"/>
      </symbol>
      <symbol id="sm-4a2">
         <name>__aeabi_memclr4</name>
         <value>0x2af9</value>
         <object_component_ref idref="oc-df"/>
      </symbol>
      <symbol id="sm-4a3">
         <name>__aeabi_memclr</name>
         <value>0x2af9</value>
         <object_component_ref idref="oc-df"/>
      </symbol>
      <symbol id="sm-4b5">
         <name>__TI_zero_init</name>
         <value>0x2c7b</value>
         <object_component_ref idref="oc-5e"/>
      </symbol>
      <symbol id="sm-4cc">
         <name>__TI_decompress_none</name>
         <value>0x2c6d</value>
         <object_component_ref idref="oc-1b"/>
      </symbol>
      <symbol id="sm-4ef">
         <name>__TI_decompress_lzss</name>
         <value>0x2b73</value>
         <object_component_ref idref="oc-15"/>
      </symbol>
      <symbol id="sm-4fe">
         <name>strcmp</name>
         <value>0x2c55</value>
         <object_component_ref idref="oc-14e"/>
      </symbol>
      <symbol id="sm-511">
         <name>__stack</name>
         <value>0x20002150</value>
         <object_component_ref idref="oc-24"/>
      </symbol>
      <symbol id="sm-512">
         <name>_c_int00_noargs</name>
         <value>0x2c21</value>
         <object_component_ref idref="oc-6a"/>
      </symbol>
      <symbol id="sm-53a">
         <name>__TI_auto_init_nobinit_nopinit</name>
         <value>0x2bdd</value>
         <object_component_ref idref="oc-180"/>
      </symbol>
      <symbol id="sm-544">
         <name>_system_pre_init</name>
         <value>0x2c93</value>
         <object_component_ref idref="oc-e5"/>
      </symbol>
      <symbol id="sm-550">
         <name>C$$EXIT</name>
         <value>0x2c97</value>
         <object_component_ref idref="oc-174"/>
      </symbol>
      <symbol id="sm-551">
         <name>abort</name>
         <value>0x2c97</value>
         <object_component_ref idref="oc-174"/>
      </symbol>
      <symbol id="sm-570">
         <name>GPIODirModeSet</name>
         <value>0x33f1</value>
         <object_component_ref idref="oc-1fd"/>
      </symbol>
      <symbol id="sm-571">
         <name>GPIOPadConfigSet</name>
         <value>0x3109</value>
         <object_component_ref idref="oc-1f9"/>
      </symbol>
      <symbol id="sm-572">
         <name>GPIOPinRead</name>
         <value>0x353d</value>
         <object_component_ref idref="oc-155"/>
      </symbol>
      <symbol id="sm-573">
         <name>GPIOPinWrite</name>
         <value>0x3543</value>
         <object_component_ref idref="oc-154"/>
      </symbol>
      <symbol id="sm-574">
         <name>GPIOPinTypeEthernetLED</name>
         <value>0x348b</value>
         <object_component_ref idref="oc-1fa"/>
      </symbol>
      <symbol id="sm-575">
         <name>GPIOPinTypeGPIOInput</name>
         <value>0x34a7</value>
         <object_component_ref idref="oc-164"/>
      </symbol>
      <symbol id="sm-576">
         <name>GPIOPinTypeGPIOOutput</name>
         <value>0x34c3</value>
         <object_component_ref idref="oc-163"/>
      </symbol>
      <symbol id="sm-577">
         <name>GPIOPinTypeUART</name>
         <value>0x34df</value>
         <object_component_ref idref="oc-1f6"/>
      </symbol>
      <symbol id="sm-578">
         <name>GPIOPinTypeUSBAnalog</name>
         <value>0x34fb</value>
         <object_component_ref idref="oc-1f7"/>
      </symbol>
      <symbol id="sm-579">
         <name>GPIOPinTypeUSBDigital</name>
         <value>0x3517</value>
         <object_component_ref idref="oc-1f8"/>
      </symbol>
      <symbol id="sm-57a">
         <name>GPIOPinConfigure</name>
         <value>0x3375</value>
         <object_component_ref idref="oc-1f5"/>
      </symbol>
      <symbol id="sm-5a8">
         <name>SysCtlPeripheralReady</name>
         <value>0x341f</value>
         <object_component_ref idref="oc-162"/>
      </symbol>
      <symbol id="sm-5a9">
         <name>SysCtlPeripheralEnable</name>
         <value>0x3469</value>
         <object_component_ref idref="oc-15b"/>
      </symbol>
      <symbol id="sm-5aa">
         <name>SysCtlClockFreqSet</name>
         <value>0x2d09</value>
         <object_component_ref idref="oc-15a"/>
      </symbol>
      <symbol id="sm-5b4">
         <name>__TI_static_base__</name>
         <value>0x0</value>
      </symbol>
      <symbol id="sm-5b9">
         <name>__mpu_init</name>
         <value>0x0</value>
      </symbol>
      <symbol id="sm-5ba">
         <name>_system_post_cinit</name>
         <value>0x0</value>
      </symbol>
   </symbol_table>
   <title>Link successful</title>
</link_info>
