******************************************************************************
                  TI ARM Linker PC v20.2.7                     
******************************************************************************
>> Linked Wed Jun 26 14:32:54 2024

OUTPUT FILE NAME:   <OSLAB4.out>
ENTRY POINT SYMBOL: "_c_int00_noargs"  address: 000042d1


MEMORY CONFIGURATION

         name            origin    length      used     unused   attr    fill
----------------------  --------  ---------  --------  --------  ----  --------
  FLASH                 00000000   00100000  00004dd6  000fb22a  R  X
  SRAM                  20000000   00040000  000023a8  0003dc58  RW X


SEGMENT ALLOCATION MAP

run origin  load origin   length   init length attrs members
----------  ----------- ---------- ----------- ----- -------
00000000    00000000    00004de0   00004de0    r-x
  00000000    00000000    00000200   00000200    r-- .intvecs
  00000200    00000200    00004204   00004204    r-x .text
  00004408    00004408    0000015c   0000015c    r-- .const
  00004564    00004564    00000250   00000250    r-x .text.SysCtlClockFreqSet
  000047b4    000047b4    000001b0   000001b0    r-- .rodata.g_pppui32XTALtoVCO
  00004964    00004964    00000170   00000170    r-x .text.GPIOPadConfigSet
  00004ad4    00004ad4    00000090   00000090    r-- .rodata.g_pui32GPIOBaseAddrs
  00004b64    00004b64    0000006c   0000006c    r-- .rodata.g_pui32Xtals
  00004bd0    00004bd0    0000004c   0000004c    r-x .text.GPIOPinConfigure
  00004c1c    00004c1c    00000030   00000030    r-- .rodata.g_sXTALtoMEMTIM
  00004c4c    00004c4c    0000002e   0000002e    r-x .text.GPIODirModeSet
  00004c7a    00004c7a    00000026   00000026    r-x .text.SysCtlPeripheralReady
  00004ca0    00004ca0    00000024   00000024    r-x .text._SysCtlMemTimingGet
  00004cc4    00004cc4    00000022   00000022    r-x .text.SysCtlPeripheralEnable
  00004ce6    00004ce6    0000001c   0000001c    r-x .text.GPIOPinTypeEthernetLED
  00004d02    00004d02    0000001c   0000001c    r-x .text.GPIOPinTypeGPIOInput
  00004d1e    00004d1e    0000001c   0000001c    r-x .text.GPIOPinTypeGPIOOutput
  00004d3a    00004d3a    0000001c   0000001c    r-x .text.GPIOPinTypeUART
  00004d56    00004d56    0000001c   0000001c    r-x .text.GPIOPinTypeUSBAnalog
  00004d72    00004d72    0000001c   0000001c    r-x .text.GPIOPinTypeUSBDigital
  00004d90    00004d90    00000008   00000008    r-- .rodata.g_pui32VCOFrequencies
  00004d98    00004d98    00000006   00000006    r-x .text.GPIOPinRead
  00004d9e    00004d9e    00000006   00000006    r-x .text.GPIOPinWrite
  00004da8    00004da8    00000038   00000038    r-- .cinit
20000000    20000000    000023a8   00000000    rw-
  20000000    20000000    00002160   00000000    rw- .bss
  20002160    20002160    00000200   00000000    rw- .stack
  20002360    20002360    00000048   00000000    rw- .data


SECTION ALLOCATION MAP

 output                                  attributes/
section   page    origin      length       input sections
--------  ----  ----------  ----------   ----------------
.intvecs   0    00000000    00000200     
                  00000000    00000200     tm4c1294ncpdt_startup_ccs.obj (.intvecs)

.text      0    00000200    00004204     
                  00000200    00001264     tasks.obj (.text)
                  00001464    00000b16     queue.obj (.text)
                  00001f7a    00000002     --HOLE-- [fill = 0]
                  00001f7c    00000738     rtsv7M4_T_le_v4SPD16_eabi.lib : k_rem_pio2.c.obj (.text:__kernel_rem_pio2)
                  000026b4    000005dc                                   : s_cos.c.obj (.text:cos)
                  00002c90    00000490     main.obj (.text)
                  00003120    00000290     pinout.obj (.text)
                  000033b0    000001b6     rtsv7M4_T_le_v4SPD16_eabi.lib : fd_add_t2.asm.obj (.text)
                  00003566    00000002     --HOLE-- [fill = 0]
                  00003568    00000174                                   : k_sin.c.obj (.text:__kernel_sin)
                  000036dc    00000170                                   : k_cos.c.obj (.text:__kernel_cos)
                  0000384c    0000013c     port.obj (.text)
                  00003988    0000012a     list.obj (.text)
                  00003ab2    00000002     --HOLE-- [fill = 0]
                  00003ab4    00000110     rtsv7M4_T_le_v4SPD16_eabi.lib : s_scalbn.c.obj (.text:scalbn)
                  00003bc4    000000fc                                   : fd_mul_t2.asm.obj (.text)
                  00003cc0    000000f8                                   : s_floor.c.obj (.text:floor)
                  00003db8    000000da     portasm.obj (.text)
                  00003e92    00000002     --HOLE-- [fill = 0]
                  00003e94    0000009c     heap_1.obj (.text)
                  00003f30    0000009c     rtsv7M4_T_le_v4SPD16_eabi.lib : memcpy_t2.asm.obj (.text)
                  00003fcc    00000088     isr.obj (.text)
                  00004054    00000086     rtsv7M4_T_le_v4SPD16_eabi.lib : fd_cmp_t2.asm.obj (.text:__aeabi_cdcmple)
                  000040da    00000086                                   : fd_cmp_t2.asm.obj (.text:__aeabi_cdrcmple)
                  00004160    0000007a                                   : memset_t2.asm.obj (.text)
                  000041da    00000068                                   : copy_decompress_lzss.c.obj (.text:decompress:lzss:__TI_decompress_lzss)
                  00004242    00000048                                   : fd_toi_t2.asm.obj (.text)
                  0000428a    00000002     --HOLE-- [fill = 0]
                  0000428c    00000044                                   : autoinit.c.obj (.text:__TI_auto_init_nobinit_nopinit:__TI_auto_init_nobinit_nopinit)
                  000042d0    00000034                                   : boot_cortex_m.c.obj (.text:_c_int00_noargs:_c_int00_noargs)
                  00004304    0000002e                                   : i_tofd_t2.asm.obj (.text)
                  00004332    0000001a                                   : s_copysign.c.obj (.text:copysign)
                  0000434c    00000018                                   : strcmp.c.obj (.text:strcmp)
                  00004364    0000000e                                   : copy_decompress_none.c.obj (.text:decompress:none:__TI_decompress_none)
                  00004372    0000000c                                   : copy_zero_init.c.obj (.text:decompress:ZI:__TI_zero_init)
                  0000437e    0000000c     tm4c1294ncpdt_startup_ccs.obj (.text)
                  0000438a    00000002     --HOLE-- [fill = 0]
                  0000438c    00000008     rtsv7M4_T_le_v4SPD16_eabi.lib : errno.c.obj (.text:__aeabi_errno_addr)
                  00004394    00000004                                   : pre_init.c.obj (.text:_system_pre_init)
                  00004398    00000004                                   : exit.c.obj (.text:abort:abort)
                  0000439c    00000008     libdriver.a : gpio.o (.tramp.GPIOPinTypeEthernetLED.1)
                  000043a4    00000008                 : gpio.o (.tramp.GPIOPadConfigSet.1)
                  000043ac    00000008                 : gpio.o (.tramp.GPIOPinTypeUSBDigital.1)
                  000043b4    00000008                 : gpio.o (.tramp.GPIOPinTypeUSBAnalog.1)
                  000043bc    00000008                 : gpio.o (.tramp.GPIOPinTypeUART.1)
                  000043c4    00000008                 : gpio.o (.tramp.GPIOPinConfigure.1)
                  000043cc    00000008                 : gpio.o (.tramp.GPIOPinTypeGPIOInput.1)
                  000043d4    00000008                 : gpio.o (.tramp.GPIOPinTypeGPIOOutput.1)
                  000043dc    00000008                 : sysctl.o (.tramp.SysCtlPeripheralReady.1)
                  000043e4    00000008                 : sysctl.o (.tramp.SysCtlPeripheralEnable.1)
                  000043ec    00000008                 : sysctl.o (.tramp.SysCtlClockFreqSet.1)
                  000043f4    00000008                 : gpio.o (.tramp.GPIOPinRead.1)
                  000043fc    00000008                 : gpio.o (.tramp.GPIOPinWrite.1)

.const     0    00004408    0000015c     
                  00004408    00000158     rtsv7M4_T_le_v4SPD16_eabi.lib : k_rem_pio2.c.obj (.const:$O1$$)
                  00004560    00000004     port.obj (.const)

.text.SysCtlClockFreqSet 
*          0    00004564    00000250     
                  00004564    00000248     libdriver.a : sysctl.o (.text.SysCtlClockFreqSet)
                  000047ac    00000008                 : sysctl.o (.tramp._SysCtlMemTimingGet.1)

.rodata.g_pppui32XTALtoVCO 
*          0    000047b4    000001b0     
                  000047b4    000001b0     libdriver.a : sysctl.o (.rodata.g_pppui32XTALtoVCO)

.text.GPIOPadConfigSet 
*          0    00004964    00000170     
                  00004964    00000170     libdriver.a : gpio.o (.text.GPIOPadConfigSet)

.rodata.g_pui32GPIOBaseAddrs 
*          0    00004ad4    00000090     
                  00004ad4    00000090     libdriver.a : gpio.o (.rodata.g_pui32GPIOBaseAddrs)

.rodata.g_pui32Xtals 
*          0    00004b64    0000006c     
                  00004b64    0000006c     libdriver.a : sysctl.o (.rodata.g_pui32Xtals)

.text.GPIOPinConfigure 
*          0    00004bd0    0000004c     
                  00004bd0    0000004c     libdriver.a : gpio.o (.text.GPIOPinConfigure)

.rodata.g_sXTALtoMEMTIM 
*          0    00004c1c    00000030     
                  00004c1c    00000030     libdriver.a : sysctl.o (.rodata.g_sXTALtoMEMTIM)

.text.SysCtlPeripheralReady 
*          0    00004c7a    00000026     
                  00004c7a    00000026     libdriver.a : sysctl.o (.text.SysCtlPeripheralReady)

.text._SysCtlMemTimingGet 
*          0    00004ca0    00000024     
                  00004ca0    00000024     libdriver.a : sysctl.o (.text._SysCtlMemTimingGet)

.text.SysCtlPeripheralEnable 
*          0    00004cc4    00000022     
                  00004cc4    00000022     libdriver.a : sysctl.o (.text.SysCtlPeripheralEnable)

.text.GPIOPinTypeEthernetLED 
*          0    00004ce6    0000001c     
                  00004ce6    0000001c     libdriver.a : gpio.o (.text.GPIOPinTypeEthernetLED)

.text.GPIOPinTypeGPIOInput 
*          0    00004d02    0000001c     
                  00004d02    0000001c     libdriver.a : gpio.o (.text.GPIOPinTypeGPIOInput)

.text.GPIOPinTypeGPIOOutput 
*          0    00004d1e    0000001c     
                  00004d1e    0000001c     libdriver.a : gpio.o (.text.GPIOPinTypeGPIOOutput)

.text.GPIOPinTypeUART 
*          0    00004d3a    0000001c     
                  00004d3a    0000001c     libdriver.a : gpio.o (.text.GPIOPinTypeUART)

.text.GPIOPinTypeUSBAnalog 
*          0    00004d56    0000001c     
                  00004d56    0000001c     libdriver.a : gpio.o (.text.GPIOPinTypeUSBAnalog)

.text.GPIOPinTypeUSBDigital 
*          0    00004d72    0000001c     
                  00004d72    0000001c     libdriver.a : gpio.o (.text.GPIOPinTypeUSBDigital)

.rodata.g_pui32VCOFrequencies 
*          0    00004d90    00000008     
                  00004d90    00000008     libdriver.a : sysctl.o (.rodata.g_pui32VCOFrequencies)

.cinit     0    00004da8    00000038     
                  00004da8    0000000d     (.cinit..data.load) [load image, compression = lzss]
                  00004db5    00000003     --HOLE-- [fill = 0]
                  00004db8    0000000c     (__TI_handler_table)
                  00004dc4    00000004     --HOLE-- [fill = 0]
                  00004dc8    00000008     (.cinit..bss.load) [load image, compression = zero_init]
                  00004dd0    00000010     (__TI_cinit_table)

.init_array 
*          0    00000000    00000000     UNINITIALIZED

.bss       0    20000000    00002160     UNINITIALIZED
                  20000000    00002000     heap_1.obj (.bss:ucHeap)
                  20002000    000000a0     tasks.obj (.bss:pxReadyTasksLists)
                  200020a0    0000001c     (.common:adcTP0_)
                  200020bc    0000001c     (.common:adcTP1_)
                  200020d8    00000014     tasks.obj (.bss:xDelayedTaskList1)
                  200020ec    00000014     tasks.obj (.bss:xDelayedTaskList2)
                  20002100    00000014     tasks.obj (.bss:xPendingReadyList)
                  20002114    00000014     tasks.obj (.bss:xSuspendedTaskList)
                  20002128    00000010     (.common:buttonServiceTP_)
                  20002138    0000000c     isr.obj (.bss)
                  20002144    00000008     tasks.obj (.bss)
                  2000214c    00000004     (.common:preemptSemaphore)
                  20002150    00000008     (.common:xdat)
                  20002158    00000008     (.common:ydat)

.data      0    20002360    00000048     UNINITIALIZED
                  20002360    00000030     tasks.obj (.data)
                  20002390    00000008     heap_1.obj (.data)
                  20002398    00000008     main.obj (.data)
                  200023a0    00000004     port.obj (.data)
                  200023a4    00000004     rtsv7M4_T_le_v4SPD16_eabi.lib : errno.c.obj (.data)

.stack     0    20002160    00000200     UNINITIALIZED
                  20002160    00000004     rtsv7M4_T_le_v4SPD16_eabi.lib : boot_cortex_m.c.obj (.stack)
                  20002164    000001fc     --HOLE--

__llvm_prf_cnts 
*          0    20000000    00000000     UNINITIALIZED

.text.GPIODirModeSet 
*          0    00004c4c    0000002e     
                  00004c4c    0000002e     libdriver.a : gpio.o (.text.GPIODirModeSet)

.text.GPIOPinRead 
*          0    00004d98    00000006     
                  00004d98    00000006     libdriver.a : gpio.o (.text.GPIOPinRead)

.text.GPIOPinWrite 
*          0    00004d9e    00000006     
                  00004d9e    00000006     libdriver.a : gpio.o (.text.GPIOPinWrite)

MODULE SUMMARY

       Module                          code    ro data   rw data
       ------                          ----    -------   -------
    .\
       main.obj                        1168    0         100    
       pinout.obj                      656     0         0      
       tm4c1294ncpdt_startup_ccs.obj   12      512       0      
       isr.obj                         136     0         12     
    +--+-------------------------------+-------+---------+---------+
       Total:                          1972    512       112    
                                                                
    .\rtos\FreeRTOS\source\
       tasks.obj                       4708    0         296    
       queue.obj                       2838    0         0      
       list.obj                        298     0         0      
    +--+-------------------------------+-------+---------+---------+
       Total:                          7844    0         296    
                                                                
    .\rtos\FreeRTOS\source\portable\CCS\ARM_CM4F\
       port.obj                        316     4         4      
       portasm.obj                     218     0         0      
    +--+-------------------------------+-------+---------+---------+
       Total:                          534     4         4      
                                                                
    .\rtos\FreeRTOS\source\portable\MemMang\
       heap_1.obj                      156     0         8200   
    +--+-------------------------------+-------+---------+---------+
       Total:                          156     0         8200   
                                                                
    C:/ti/TivaWare_C_Series-2.2.0.295/driverlib/gcc/libdriver.a
       sysctl.o                        724     596       0      
       gpio.o                          750     144       0      
    +--+-------------------------------+-------+---------+---------+
       Total:                          1474    740       0      
                                                                
    C:\ti\ccs1250\ccs\tools\compiler\ti-cgt-arm_20.2.7.LTS\lib\rtsv7M4_T_le_v4SPD16_eabi.lib
       k_rem_pio2.c.obj                1848    344       0      
       s_cos.c.obj                     1500    0         0      
       fd_add_t2.asm.obj               438     0         0      
       k_sin.c.obj                     372     0         0      
       k_cos.c.obj                     368     0         0      
       s_scalbn.c.obj                  272     0         0      
       fd_cmp_t2.asm.obj               268     0         0      
       fd_mul_t2.asm.obj               252     0         0      
       s_floor.c.obj                   248     0         0      
       memcpy_t2.asm.obj               156     0         0      
       memset_t2.asm.obj               122     0         0      
       copy_decompress_lzss.c.obj      104     0         0      
       fd_toi_t2.asm.obj               72      0         0      
       autoinit.c.obj                  68      0         0      
       boot_cortex_m.c.obj             52      0         0      
       i_tofd_t2.asm.obj               46      0         0      
       s_copysign.c.obj                26      0         0      
       strcmp.c.obj                    24      0         0      
       copy_decompress_none.c.obj      14      0         0      
       copy_zero_init.c.obj            12      0         0      
       errno.c.obj                     8       0         4      
       exit.c.obj                      4       0         0      
       pre_init.c.obj                  4       0         0      
    +--+-------------------------------+-------+---------+---------+
       Total:                          6278    344       4      
                                                                
       Stack:                          0       0         512    
       Linker Generated:               0       49        0      
    +--+-------------------------------+-------+---------+---------+
       Grand Total:                    18258   1649      9128   


LINKER GENERATED COPY TABLES

__TI_cinit_table @ 00004dd0 records: 2, size/record: 8, table size: 16
	.data: load addr=00004da8, load size=0000000d bytes, run addr=20002360, run size=00000048 bytes, compression=lzss
	.bss: load addr=00004dc8, load size=00000008 bytes, run addr=20000000, run size=00002160 bytes, compression=zero_init


LINKER GENERATED HANDLER TABLE

__TI_handler_table @ 00004db8 records: 3, size/record: 4, table size: 12
	index: 0, handler: __TI_decompress_lzss
	index: 1, handler: __TI_decompress_none
	index: 2, handler: __TI_zero_init


FAR CALL TRAMPOLINES

callee name               trampoline name
   callee addr  tramp addr   call addr  call info
--------------  -----------  ---------  ----------------
GPIOPinTypeEthernetLED    $Tramp$TT$S$$GPIOPinTypeEthernetLED
   00004ce7     0000439c     00003202   pinout.obj (.text)
GPIOPadConfigSet          $Tramp$TT$S$$GPIOPadConfigSet
   00004965     000043a4     000031e6   pinout.obj (.text)
                             00003222   pinout.obj (.text)
                             00003248   pinout.obj (.text)
GPIOPinTypeUSBDigital     $Tramp$TT$S$$GPIOPinTypeUSBDigital
   00004d73     000043ac     000031c0   pinout.obj (.text)
GPIOPinTypeUSBAnalog      $Tramp$TT$S$$GPIOPinTypeUSBAnalog
   00004d57     000043b4     000031b8   pinout.obj (.text)
                             000031c8   pinout.obj (.text)
GPIOPinTypeUART           $Tramp$TT$S$$GPIOPinTypeUART
   00004d3b     000043bc     00003198   pinout.obj (.text)
GPIOPinConfigure          $Tramp$TT$S$$GPIOPinConfigure
   00004bd1     000043c4     00003186   pinout.obj (.text)
                             0000318e   pinout.obj (.text)
                             000031b0   pinout.obj (.text)
                             000031f4   pinout.obj (.text)
                             000031fa   pinout.obj (.text)
GPIOPinTypeGPIOInput      $Tramp$TT$S$$GPIOPinTypeGPIOInput
   00004d03     000043cc     00003082   main.obj (.text)
                             000031d0   pinout.obj (.text)
                             000031da   pinout.obj (.text)
                             0000322a   pinout.obj (.text)
GPIOPinTypeGPIOOutput     $Tramp$TT$S$$GPIOPinTypeGPIOOutput
   00004d1f     000043d4     00003072   main.obj (.text)
                             0000307a   main.obj (.text)
                             0000320c   pinout.obj (.text)
                             0000323c   pinout.obj (.text)
SysCtlPeripheralReady     $Tramp$TT$S$$SysCtlPeripheralReady
   00004c7b     000043dc     00003052   main.obj (.text)
                             0000305c   main.obj (.text)
                             00003066   main.obj (.text)
SysCtlPeripheralEnable    $Tramp$TT$S$$SysCtlPeripheralEnable
   00004cc5     000043e4     00003038   main.obj (.text)
                             0000303e   main.obj (.text)
                             00003044   main.obj (.text)
                             0000312c   pinout.obj (.text)
                             00003132   pinout.obj (.text)
                             00003138   pinout.obj (.text)
                             0000313e   pinout.obj (.text)
                             00003144   pinout.obj (.text)
                             0000314a   pinout.obj (.text)
                             00003150   pinout.obj (.text)
                             00003156   pinout.obj (.text)
                             0000315c   pinout.obj (.text)
                             00003162   pinout.obj (.text)
                             00003168   pinout.obj (.text)
                             0000316e   pinout.obj (.text)
                             00003174   pinout.obj (.text)
                             0000317a   pinout.obj (.text)
                             00003180   pinout.obj (.text)
SysCtlClockFreqSet        $Tramp$TT$S$$SysCtlClockFreqSet
   00004565     000043ec     00003032   main.obj (.text)
GPIOPinRead               $Tramp$TT$S$$GPIOPinRead
   00004d99     000043f4     00002ef6   main.obj (.text)
                             000032f6   pinout.obj (.text)
                             0000330a   pinout.obj (.text)
                             0000331e   pinout.obj (.text)
                             00003332   pinout.obj (.text)
GPIOPinWrite              $Tramp$TT$S$$GPIOPinWrite
   00004d9f     000043fc     00002e8c   main.obj (.text)
                             00002e9e   main.obj (.text)
                             00003216   pinout.obj (.text)
                             00003234   pinout.obj (.text)
                             00003252   pinout.obj (.text)
                             00003270   pinout.obj (.text)
                             0000327c   pinout.obj (.text)
                             00003292   pinout.obj (.text)
                             0000329e   pinout.obj (.text)
                             000032b4   pinout.obj (.text)
                             000032c0   pinout.obj (.text)
                             000032d6   pinout.obj (.text)
                             000032e2   pinout.obj (.text)
_SysCtlMemTimingGet       $Tramp$TT$S$$_SysCtlMemTimingGet
   00004ca1     000047ac     00004608   libdriver.a : sysctl.o (.text.SysCtlClockFreqSet)
                             000046b2               : sysctl.o (.text.SysCtlClockFreqSet)
                             000046ee               : sysctl.o (.text.SysCtlClockFreqSet)
                             00004724               : sysctl.o (.text.SysCtlClockFreqSet)

[14 trampolines]
[65 trampoline calls]


GLOBAL SYMBOLS: SORTED ALPHABETICALLY BY Name 

address   name                               
-------   ----                               
00004399  C$$EXIT                            
00004c4d  GPIODirModeSet                     
00004965  GPIOPadConfigSet                   
00004bd1  GPIOPinConfigure                   
00004d99  GPIOPinRead                        
00004ce7  GPIOPinTypeEthernetLED             
00004d03  GPIOPinTypeGPIOInput               
00004d1f  GPIOPinTypeGPIOOutput              
00004d3b  GPIOPinTypeUART                    
00004d57  GPIOPinTypeUSBAnalog               
00004d73  GPIOPinTypeUSBDigital              
00004d9f  GPIOPinWrite                       
000032e9  LEDRead                            
00003259  LEDWrite                           
00003121  PinoutSet                          
0000437f  ResetISR                           
00004565  SysCtlClockFreqSet                 
00004cc5  SysCtlPeripheralEnable             
00004c7b  SysCtlPeripheralReady              
20002360  __STACK_END                        
00000200  __STACK_SIZE                       
20002360  __STACK_TOP                        
00004dd0  __TI_CINIT_Base                    
00004de0  __TI_CINIT_Limit                   
00004db8  __TI_Handler_Table_Base            
00004dc4  __TI_Handler_Table_Limit           
0000428d  __TI_auto_init_nobinit_nopinit     
000041db  __TI_decompress_lzss               
00004365  __TI_decompress_none               
ffffffff  __TI_pprof_out_hndl                
ffffffff  __TI_prof_data_size                
ffffffff  __TI_prof_data_start               
00000000  __TI_static_base__                 
00004373  __TI_zero_init                     
00004055  __aeabi_cdcmpeq                    
00004055  __aeabi_cdcmple                    
000040db  __aeabi_cdrcmple                   
00004243  __aeabi_d2iz                       
000033bb  __aeabi_dadd                       
00003bc5  __aeabi_dmul                       
000033b1  __aeabi_dsub                       
0000438d  __aeabi_errno_addr                 
00004305  __aeabi_i2d                        
00004161  __aeabi_memclr                     
00004161  __aeabi_memclr4                    
00004161  __aeabi_memclr8                    
00003f31  __aeabi_memcpy                     
00003f31  __aeabi_memcpy4                    
00003f31  __aeabi_memcpy8                    
00004163  __aeabi_memset                     
00004163  __aeabi_memset4                    
00004163  __aeabi_memset8                    
ffffffff  __binit__                          
ffffffff  __c_args__                         
000036dd  __kernel_cos                       
00001f7d  __kernel_rem_pio2                  
00003569  __kernel_sin                       
UNDEFED   __mpu_init                         
20002160  __stack                            
20000000  __start___llvm_prf_cnts            
20000000  __stop___llvm_prf_cnts             
000042d1  _c_int00_noargs                    
UNDEFED   _system_post_cinit                 
00004395  _system_pre_init                   
00004399  abort                              
20002398  activationCounterJ1_               
200020a0  adcTP0_                            
200020bc  adcTP1_                            
ffffffff  binit                              
20002128  buttonServiceTP_                   
00003fcd  configureISR                       
00004333  copysign                           
00004333  copysignl                          
000026b5  cos                                
000026b5  cosl                               
200023a4  errno                              
00003cc1  floor                              
00003cc1  floorl                             
00000000  g_pfnVectors                       
00003fed  gpioPortJIsr                       
00003ab5  ldexp                              
00003ab5  ldexpl                             
00002c91  main                               
00003f31  memcpy                             
00004169  memset                             
00000863  pcTaskGetName                      
2000214c  preemptSemaphore                   
00003e95  pvPortMalloc                       
00000f91  pvTaskIncrementMutexHeldCount      
20002360  pxCurrentTCB                       
0000384d  pxPortInitialiseStack              
00003ab5  scalbn                             
00003ab5  scalbnl                            
0000434d  strcmp                             
00004560  ulMaxSyscallInterruptPriority      
00003dc9  ulPortGetIPSR                      
00000fa9  ulTaskNotifyTake                   
00003a6b  uxListRemove                       
00001cc5  uxQueueMessagesWaiting             
00001cfb  uxQueueMessagesWaitingFromISR      
00001cdb  uxQueueSpacesAvailable             
0000085d  uxTaskGetNumberOfTasks             
00000f69  uxTaskResetEventItemValue          
00003989  vListInitialise                    
000039b9  vListInitialiseItem                
00003a05  vListInsert                        
000039c9  vListInsertEnd                     
00003e85  vPortEnableVFP                     
000038ed  vPortEndScheduler                  
000038ef  vPortEnterCritical                 
0000390f  vPortExitCritical                  
00003f05  vPortFree                          
00003f0f  vPortInitialiseBlocks              
00003e41  vPortSVCHandler                    
0000394b  vPortSetupTimerInterrupt           
00003e61  vPortStartFirstTask                
00001d11  vQueueDelete                       
0000047f  vTaskDelay                         
000003ef  vTaskDelayUntil                    
00000729  vTaskEndScheduler                  
00000b85  vTaskInternalSetTimeOutState       
00000c27  vTaskMissedYield                   
000012bd  vTaskNotifyGiveFromISR             
00000a2d  vTaskPlaceOnEventList              
00000a4d  vTaskPlaceOnUnorderedEventList     
00000e95  vTaskPriorityDisinheritAfterTimeout
00000af9  vTaskRemoveFromUnorderedEventList  
000005cd  vTaskResume                        
00000b5b  vTaskSetTimeOutState               
000006df  vTaskStartScheduler                
000004b5  vTaskSuspend                       
00000745  vTaskSuspendAll                    
000009c5  vTaskSwitchContext                 
00003f17  xPortGetFreeHeapSize               
00003de1  xPortPendSVHandler                 
000038b7  xPortStartScheduler                
00003925  xPortSysTickHandler                
000015b9  xQueueCreateMutex                  
00001505  xQueueGenericCreate                
00001465  xQueueGenericReset                 
000015e5  xQueueGenericSend                  
00001715  xQueueGenericSendFromISR           
000017b1  xQueueGiveFromISR                  
00001f0f  xQueueIsQueueEmptyFromISR          
00001f55  xQueueIsQueueFullFromISR           
00001ab7  xQueuePeek                         
00001c73  xQueuePeekFromISR                  
00001845  xQueueReceive                      
00001bd9  xQueueReceiveFromISR               
0000195d  xQueueSemaphoreTake                
00000ba9  xTaskCheckForTimeOut               
00000201  xTaskCreate                        
000010c5  xTaskGenericNotify                 
000011b5  xTaskGenericNotifyFromISR          
00000ce1  xTaskGetCurrentTaskHandle          
00000833  xTaskGetTickCount                  
00000849  xTaskGetTickCountFromISR           
00000895  xTaskIncrementTick                 
00001369  xTaskNotifyStateClear              
00001025  xTaskNotifyWait                    
00000ddd  xTaskPriorityDisinherit            
00000cf9  xTaskPriorityInherit               
00000a81  xTaskRemoveFromEventList           
00000755  xTaskResumeAll                     
00000659  xTaskResumeFromISR                 
20002150  xdat                               
20002158  ydat                               


GLOBAL SYMBOLS: SORTED BY Symbol Address 

address   name                               
-------   ----                               
00000000  __TI_static_base__                 
00000000  g_pfnVectors                       
00000200  __STACK_SIZE                       
00000201  xTaskCreate                        
000003ef  vTaskDelayUntil                    
0000047f  vTaskDelay                         
000004b5  vTaskSuspend                       
000005cd  vTaskResume                        
00000659  xTaskResumeFromISR                 
000006df  vTaskStartScheduler                
00000729  vTaskEndScheduler                  
00000745  vTaskSuspendAll                    
00000755  xTaskResumeAll                     
00000833  xTaskGetTickCount                  
00000849  xTaskGetTickCountFromISR           
0000085d  uxTaskGetNumberOfTasks             
00000863  pcTaskGetName                      
00000895  xTaskIncrementTick                 
000009c5  vTaskSwitchContext                 
00000a2d  vTaskPlaceOnEventList              
00000a4d  vTaskPlaceOnUnorderedEventList     
00000a81  xTaskRemoveFromEventList           
00000af9  vTaskRemoveFromUnorderedEventList  
00000b5b  vTaskSetTimeOutState               
00000b85  vTaskInternalSetTimeOutState       
00000ba9  xTaskCheckForTimeOut               
00000c27  vTaskMissedYield                   
00000ce1  xTaskGetCurrentTaskHandle          
00000cf9  xTaskPriorityInherit               
00000ddd  xTaskPriorityDisinherit            
00000e95  vTaskPriorityDisinheritAfterTimeout
00000f69  uxTaskResetEventItemValue          
00000f91  pvTaskIncrementMutexHeldCount      
00000fa9  ulTaskNotifyTake                   
00001025  xTaskNotifyWait                    
000010c5  xTaskGenericNotify                 
000011b5  xTaskGenericNotifyFromISR          
000012bd  vTaskNotifyGiveFromISR             
00001369  xTaskNotifyStateClear              
00001465  xQueueGenericReset                 
00001505  xQueueGenericCreate                
000015b9  xQueueCreateMutex                  
000015e5  xQueueGenericSend                  
00001715  xQueueGenericSendFromISR           
000017b1  xQueueGiveFromISR                  
00001845  xQueueReceive                      
0000195d  xQueueSemaphoreTake                
00001ab7  xQueuePeek                         
00001bd9  xQueueReceiveFromISR               
00001c73  xQueuePeekFromISR                  
00001cc5  uxQueueMessagesWaiting             
00001cdb  uxQueueSpacesAvailable             
00001cfb  uxQueueMessagesWaitingFromISR      
00001d11  vQueueDelete                       
00001f0f  xQueueIsQueueEmptyFromISR          
00001f55  xQueueIsQueueFullFromISR           
00001f7d  __kernel_rem_pio2                  
000026b5  cos                                
000026b5  cosl                               
00002c91  main                               
00003121  PinoutSet                          
00003259  LEDWrite                           
000032e9  LEDRead                            
000033b1  __aeabi_dsub                       
000033bb  __aeabi_dadd                       
00003569  __kernel_sin                       
000036dd  __kernel_cos                       
0000384d  pxPortInitialiseStack              
000038b7  xPortStartScheduler                
000038ed  vPortEndScheduler                  
000038ef  vPortEnterCritical                 
0000390f  vPortExitCritical                  
00003925  xPortSysTickHandler                
0000394b  vPortSetupTimerInterrupt           
00003989  vListInitialise                    
000039b9  vListInitialiseItem                
000039c9  vListInsertEnd                     
00003a05  vListInsert                        
00003a6b  uxListRemove                       
00003ab5  ldexp                              
00003ab5  ldexpl                             
00003ab5  scalbn                             
00003ab5  scalbnl                            
00003bc5  __aeabi_dmul                       
00003cc1  floor                              
00003cc1  floorl                             
00003dc9  ulPortGetIPSR                      
00003de1  xPortPendSVHandler                 
00003e41  vPortSVCHandler                    
00003e61  vPortStartFirstTask                
00003e85  vPortEnableVFP                     
00003e95  pvPortMalloc                       
00003f05  vPortFree                          
00003f0f  vPortInitialiseBlocks              
00003f17  xPortGetFreeHeapSize               
00003f31  __aeabi_memcpy                     
00003f31  __aeabi_memcpy4                    
00003f31  __aeabi_memcpy8                    
00003f31  memcpy                             
00003fcd  configureISR                       
00003fed  gpioPortJIsr                       
00004055  __aeabi_cdcmpeq                    
00004055  __aeabi_cdcmple                    
000040db  __aeabi_cdrcmple                   
00004161  __aeabi_memclr                     
00004161  __aeabi_memclr4                    
00004161  __aeabi_memclr8                    
00004163  __aeabi_memset                     
00004163  __aeabi_memset4                    
00004163  __aeabi_memset8                    
00004169  memset                             
000041db  __TI_decompress_lzss               
00004243  __aeabi_d2iz                       
0000428d  __TI_auto_init_nobinit_nopinit     
000042d1  _c_int00_noargs                    
00004305  __aeabi_i2d                        
00004333  copysign                           
00004333  copysignl                          
0000434d  strcmp                             
00004365  __TI_decompress_none               
00004373  __TI_zero_init                     
0000437f  ResetISR                           
0000438d  __aeabi_errno_addr                 
00004395  _system_pre_init                   
00004399  C$$EXIT                            
00004399  abort                              
00004560  ulMaxSyscallInterruptPriority      
00004565  SysCtlClockFreqSet                 
00004965  GPIOPadConfigSet                   
00004bd1  GPIOPinConfigure                   
00004c4d  GPIODirModeSet                     
00004c7b  SysCtlPeripheralReady              
00004cc5  SysCtlPeripheralEnable             
00004ce7  GPIOPinTypeEthernetLED             
00004d03  GPIOPinTypeGPIOInput               
00004d1f  GPIOPinTypeGPIOOutput              
00004d3b  GPIOPinTypeUART                    
00004d57  GPIOPinTypeUSBAnalog               
00004d73  GPIOPinTypeUSBDigital              
00004d99  GPIOPinRead                        
00004d9f  GPIOPinWrite                       
00004db8  __TI_Handler_Table_Base            
00004dc4  __TI_Handler_Table_Limit           
00004dd0  __TI_CINIT_Base                    
00004de0  __TI_CINIT_Limit                   
20000000  __start___llvm_prf_cnts            
20000000  __stop___llvm_prf_cnts             
200020a0  adcTP0_                            
200020bc  adcTP1_                            
20002128  buttonServiceTP_                   
2000214c  preemptSemaphore                   
20002150  xdat                               
20002158  ydat                               
20002160  __stack                            
20002360  __STACK_END                        
20002360  __STACK_TOP                        
20002360  pxCurrentTCB                       
20002398  activationCounterJ1_               
200023a4  errno                              
ffffffff  __TI_pprof_out_hndl                
ffffffff  __TI_prof_data_size                
ffffffff  __TI_prof_data_start               
ffffffff  __binit__                          
ffffffff  __c_args__                         
ffffffff  binit                              
UNDEFED   __mpu_init                         
UNDEFED   _system_post_cinit                 

[167 symbols]
