******************************************************************************
                  TI ARM Linker PC v20.2.7                     
******************************************************************************
>> Linked Wed Jun 26 14:19:41 2024

OUTPUT FILE NAME:   <OSLAB4.out>
ENTRY POINT SYMBOL: "_c_int00_noargs"  address: 00004271


MEMORY CONFIGURATION

         name            origin    length      used     unused   attr    fill
----------------------  --------  ---------  --------  --------  ----  --------
  FLASH                 00000000   00100000  00004d76  000fb28a  R  X
  SRAM                  20000000   00040000  000023a4  0003dc5c  RW X


SEGMENT ALLOCATION MAP

run origin  load origin   length   init length attrs members
----------  ----------- ---------- ----------- ----- -------
00000000    00000000    00004d80   00004d80    r-x
  00000000    00000000    00000200   00000200    r-- .intvecs
  00000200    00000200    000041a4   000041a4    r-x .text
  000043a8    000043a8    0000015c   0000015c    r-- .const
  00004504    00004504    00000250   00000250    r-x .text.SysCtlClockFreqSet
  00004754    00004754    000001b0   000001b0    r-- .rodata.g_pppui32XTALtoVCO
  00004904    00004904    00000170   00000170    r-x .text.GPIOPadConfigSet
  00004a74    00004a74    00000090   00000090    r-- .rodata.g_pui32GPIOBaseAddrs
  00004b04    00004b04    0000006c   0000006c    r-- .rodata.g_pui32Xtals
  00004b70    00004b70    0000004c   0000004c    r-x .text.GPIOPinConfigure
  00004bbc    00004bbc    00000030   00000030    r-- .rodata.g_sXTALtoMEMTIM
  00004bec    00004bec    0000002e   0000002e    r-x .text.GPIODirModeSet
  00004c1a    00004c1a    00000026   00000026    r-x .text.SysCtlPeripheralReady
  00004c40    00004c40    00000024   00000024    r-x .text._SysCtlMemTimingGet
  00004c64    00004c64    00000022   00000022    r-x .text.SysCtlPeripheralEnable
  00004c86    00004c86    0000001c   0000001c    r-x .text.GPIOPinTypeEthernetLED
  00004ca2    00004ca2    0000001c   0000001c    r-x .text.GPIOPinTypeGPIOInput
  00004cbe    00004cbe    0000001c   0000001c    r-x .text.GPIOPinTypeGPIOOutput
  00004cda    00004cda    0000001c   0000001c    r-x .text.GPIOPinTypeUART
  00004cf6    00004cf6    0000001c   0000001c    r-x .text.GPIOPinTypeUSBAnalog
  00004d12    00004d12    0000001c   0000001c    r-x .text.GPIOPinTypeUSBDigital
  00004d30    00004d30    00000008   00000008    r-- .rodata.g_pui32VCOFrequencies
  00004d38    00004d38    00000006   00000006    r-x .text.GPIOPinRead
  00004d3e    00004d3e    00000006   00000006    r-x .text.GPIOPinWrite
  00004d48    00004d48    00000038   00000038    r-- .cinit
20000000    20000000    000023a4   00000000    rw-
  20000000    20000000    00002160   00000000    rw- .bss
  20002160    20002160    00000200   00000000    rw- .stack
  20002360    20002360    00000044   00000000    rw- .data


SECTION ALLOCATION MAP

 output                                  attributes/
section   page    origin      length       input sections
--------  ----  ----------  ----------   ----------------
.intvecs   0    00000000    00000200     
                  00000000    00000200     tm4c1294ncpdt_startup_ccs.obj (.intvecs)

.text      0    00000200    000041a4     
                  00000200    00001264     tasks.obj (.text)
                  00001464    00000b16     queue.obj (.text)
                  00001f7a    00000002     --HOLE-- [fill = 0]
                  00001f7c    00000738     rtsv7M4_T_le_v4SPD16_eabi.lib : k_rem_pio2.c.obj (.text:__kernel_rem_pio2)
                  000026b4    000005dc                                   : s_cos.c.obj (.text:cos)
                  00002c90    00000430     main.obj (.text)
                  000030c0    00000290     pinout.obj (.text)
                  00003350    000001b6     rtsv7M4_T_le_v4SPD16_eabi.lib : fd_add_t2.asm.obj (.text)
                  00003506    00000002     --HOLE-- [fill = 0]
                  00003508    00000174                                   : k_sin.c.obj (.text:__kernel_sin)
                  0000367c    00000170                                   : k_cos.c.obj (.text:__kernel_cos)
                  000037ec    0000013c     port.obj (.text)
                  00003928    0000012a     list.obj (.text)
                  00003a52    00000002     --HOLE-- [fill = 0]
                  00003a54    00000110     rtsv7M4_T_le_v4SPD16_eabi.lib : s_scalbn.c.obj (.text:scalbn)
                  00003b64    000000fc                                   : fd_mul_t2.asm.obj (.text)
                  00003c60    000000f8                                   : s_floor.c.obj (.text:floor)
                  00003d58    000000da     portasm.obj (.text)
                  00003e32    00000002     --HOLE-- [fill = 0]
                  00003e34    0000009c     heap_1.obj (.text)
                  00003ed0    0000009c     rtsv7M4_T_le_v4SPD16_eabi.lib : memcpy_t2.asm.obj (.text)
                  00003f6c    00000088     isr.obj (.text)
                  00003ff4    00000086     rtsv7M4_T_le_v4SPD16_eabi.lib : fd_cmp_t2.asm.obj (.text:__aeabi_cdcmple)
                  0000407a    00000086                                   : fd_cmp_t2.asm.obj (.text:__aeabi_cdrcmple)
                  00004100    0000007a                                   : memset_t2.asm.obj (.text)
                  0000417a    00000068                                   : copy_decompress_lzss.c.obj (.text:decompress:lzss:__TI_decompress_lzss)
                  000041e2    00000048                                   : fd_toi_t2.asm.obj (.text)
                  0000422a    00000002     --HOLE-- [fill = 0]
                  0000422c    00000044                                   : autoinit.c.obj (.text:__TI_auto_init_nobinit_nopinit:__TI_auto_init_nobinit_nopinit)
                  00004270    00000034                                   : boot_cortex_m.c.obj (.text:_c_int00_noargs:_c_int00_noargs)
                  000042a4    0000002e                                   : i_tofd_t2.asm.obj (.text)
                  000042d2    0000001a                                   : s_copysign.c.obj (.text:copysign)
                  000042ec    00000018                                   : strcmp.c.obj (.text:strcmp)
                  00004304    0000000e                                   : copy_decompress_none.c.obj (.text:decompress:none:__TI_decompress_none)
                  00004312    0000000c                                   : copy_zero_init.c.obj (.text:decompress:ZI:__TI_zero_init)
                  0000431e    0000000c     tm4c1294ncpdt_startup_ccs.obj (.text)
                  0000432a    00000002     --HOLE-- [fill = 0]
                  0000432c    00000008     rtsv7M4_T_le_v4SPD16_eabi.lib : errno.c.obj (.text:__aeabi_errno_addr)
                  00004334    00000004                                   : pre_init.c.obj (.text:_system_pre_init)
                  00004338    00000004                                   : exit.c.obj (.text:abort:abort)
                  0000433c    00000008     libdriver.a : gpio.o (.tramp.GPIOPinTypeEthernetLED.1)
                  00004344    00000008                 : gpio.o (.tramp.GPIOPadConfigSet.1)
                  0000434c    00000008                 : gpio.o (.tramp.GPIOPinTypeUSBDigital.1)
                  00004354    00000008                 : gpio.o (.tramp.GPIOPinTypeUSBAnalog.1)
                  0000435c    00000008                 : gpio.o (.tramp.GPIOPinTypeUART.1)
                  00004364    00000008                 : gpio.o (.tramp.GPIOPinConfigure.1)
                  0000436c    00000008                 : gpio.o (.tramp.GPIOPinTypeGPIOInput.1)
                  00004374    00000008                 : gpio.o (.tramp.GPIOPinTypeGPIOOutput.1)
                  0000437c    00000008                 : sysctl.o (.tramp.SysCtlPeripheralReady.1)
                  00004384    00000008                 : sysctl.o (.tramp.SysCtlPeripheralEnable.1)
                  0000438c    00000008                 : sysctl.o (.tramp.SysCtlClockFreqSet.1)
                  00004394    00000008                 : gpio.o (.tramp.GPIOPinRead.1)
                  0000439c    00000008                 : gpio.o (.tramp.GPIOPinWrite.1)

.const     0    000043a8    0000015c     
                  000043a8    00000158     rtsv7M4_T_le_v4SPD16_eabi.lib : k_rem_pio2.c.obj (.const:$O1$$)
                  00004500    00000004     port.obj (.const)

.text.SysCtlClockFreqSet 
*          0    00004504    00000250     
                  00004504    00000248     libdriver.a : sysctl.o (.text.SysCtlClockFreqSet)
                  0000474c    00000008                 : sysctl.o (.tramp._SysCtlMemTimingGet.1)

.rodata.g_pppui32XTALtoVCO 
*          0    00004754    000001b0     
                  00004754    000001b0     libdriver.a : sysctl.o (.rodata.g_pppui32XTALtoVCO)

.text.GPIOPadConfigSet 
*          0    00004904    00000170     
                  00004904    00000170     libdriver.a : gpio.o (.text.GPIOPadConfigSet)

.rodata.g_pui32GPIOBaseAddrs 
*          0    00004a74    00000090     
                  00004a74    00000090     libdriver.a : gpio.o (.rodata.g_pui32GPIOBaseAddrs)

.rodata.g_pui32Xtals 
*          0    00004b04    0000006c     
                  00004b04    0000006c     libdriver.a : sysctl.o (.rodata.g_pui32Xtals)

.text.GPIOPinConfigure 
*          0    00004b70    0000004c     
                  00004b70    0000004c     libdriver.a : gpio.o (.text.GPIOPinConfigure)

.rodata.g_sXTALtoMEMTIM 
*          0    00004bbc    00000030     
                  00004bbc    00000030     libdriver.a : sysctl.o (.rodata.g_sXTALtoMEMTIM)

.text.SysCtlPeripheralReady 
*          0    00004c1a    00000026     
                  00004c1a    00000026     libdriver.a : sysctl.o (.text.SysCtlPeripheralReady)

.text._SysCtlMemTimingGet 
*          0    00004c40    00000024     
                  00004c40    00000024     libdriver.a : sysctl.o (.text._SysCtlMemTimingGet)

.text.SysCtlPeripheralEnable 
*          0    00004c64    00000022     
                  00004c64    00000022     libdriver.a : sysctl.o (.text.SysCtlPeripheralEnable)

.text.GPIOPinTypeEthernetLED 
*          0    00004c86    0000001c     
                  00004c86    0000001c     libdriver.a : gpio.o (.text.GPIOPinTypeEthernetLED)

.text.GPIOPinTypeGPIOInput 
*          0    00004ca2    0000001c     
                  00004ca2    0000001c     libdriver.a : gpio.o (.text.GPIOPinTypeGPIOInput)

.text.GPIOPinTypeGPIOOutput 
*          0    00004cbe    0000001c     
                  00004cbe    0000001c     libdriver.a : gpio.o (.text.GPIOPinTypeGPIOOutput)

.text.GPIOPinTypeUART 
*          0    00004cda    0000001c     
                  00004cda    0000001c     libdriver.a : gpio.o (.text.GPIOPinTypeUART)

.text.GPIOPinTypeUSBAnalog 
*          0    00004cf6    0000001c     
                  00004cf6    0000001c     libdriver.a : gpio.o (.text.GPIOPinTypeUSBAnalog)

.text.GPIOPinTypeUSBDigital 
*          0    00004d12    0000001c     
                  00004d12    0000001c     libdriver.a : gpio.o (.text.GPIOPinTypeUSBDigital)

.rodata.g_pui32VCOFrequencies 
*          0    00004d30    00000008     
                  00004d30    00000008     libdriver.a : sysctl.o (.rodata.g_pui32VCOFrequencies)

.cinit     0    00004d48    00000038     
                  00004d48    0000000d     (.cinit..data.load) [load image, compression = lzss]
                  00004d55    00000003     --HOLE-- [fill = 0]
                  00004d58    0000000c     (__TI_handler_table)
                  00004d64    00000004     --HOLE-- [fill = 0]
                  00004d68    00000008     (.cinit..bss.load) [load image, compression = zero_init]
                  00004d70    00000010     (__TI_cinit_table)

.init_array 
*          0    00000000    00000000     UNINITIALIZED

.bss       0    20000000    00002160     UNINITIALIZED
                  20000000    00002000     heap_1.obj (.bss:ucHeap)
                  20002000    000000a0     tasks.obj (.bss:pxReadyTasksLists)
                  200020a0    0000001c     (.common:adcTP0_)
                  200020bc    0000001c     (.common:adcTP1_)
                  200020d8    00000014     tasks.obj (.bss:xDelayedTaskList1)
                  200020ec    00000014     tasks.obj (.bss:xDelayedTaskList2)
                  20002100    00000014     tasks.obj (.bss:xPendingReadyList)
                  20002114    00000014     tasks.obj (.bss:xSuspendedTaskList)
                  20002128    00000010     (.common:buttonServiceTP_)
                  20002138    0000000c     isr.obj (.bss)
                  20002144    00000008     tasks.obj (.bss)
                  2000214c    00000004     --HOLE--
                  20002150    00000008     (.common:xdat)
                  20002158    00000008     (.common:ydat)

.data      0    20002360    00000044     UNINITIALIZED
                  20002360    00000030     tasks.obj (.data)
                  20002390    00000008     heap_1.obj (.data)
                  20002398    00000004     main.obj (.data)
                  2000239c    00000004     port.obj (.data)
                  200023a0    00000004     rtsv7M4_T_le_v4SPD16_eabi.lib : errno.c.obj (.data)

.stack     0    20002160    00000200     UNINITIALIZED
                  20002160    00000004     rtsv7M4_T_le_v4SPD16_eabi.lib : boot_cortex_m.c.obj (.stack)
                  20002164    000001fc     --HOLE--

__llvm_prf_cnts 
*          0    20000000    00000000     UNINITIALIZED

.text.GPIODirModeSet 
*          0    00004bec    0000002e     
                  00004bec    0000002e     libdriver.a : gpio.o (.text.GPIODirModeSet)

.text.GPIOPinRead 
*          0    00004d38    00000006     
                  00004d38    00000006     libdriver.a : gpio.o (.text.GPIOPinRead)

.text.GPIOPinWrite 
*          0    00004d3e    00000006     
                  00004d3e    00000006     libdriver.a : gpio.o (.text.GPIOPinWrite)

MODULE SUMMARY

       Module                          code    ro data   rw data
       ------                          ----    -------   -------
    .\
       main.obj                        1072    0         92     
       pinout.obj                      656     0         0      
       tm4c1294ncpdt_startup_ccs.obj   12      512       0      
       isr.obj                         136     0         12     
    +--+-------------------------------+-------+---------+---------+
       Total:                          1876    512       104    
                                                                
    .\rtos\FreeRTOS\source\
       tasks.obj                       4708    0         296    
       queue.obj                       2838    0         0      
       list.obj                        298     0         0      
    +--+-------------------------------+-------+---------+---------+
       Total:                          7844    0         296    
                                                                
    .\rtos\FreeRTOS\source\portable\CCS\ARM_CM4F\
       port.obj                        316     4         4      
       portasm.obj                     218     0         0      
    +--+-------------------------------+-------+---------+---------+
       Total:                          534     4         4      
                                                                
    .\rtos\FreeRTOS\source\portable\MemMang\
       heap_1.obj                      156     0         8200   
    +--+-------------------------------+-------+---------+---------+
       Total:                          156     0         8200   
                                                                
    C:/ti/TivaWare_C_Series-2.2.0.295/driverlib/gcc/libdriver.a
       sysctl.o                        724     596       0      
       gpio.o                          750     144       0      
    +--+-------------------------------+-------+---------+---------+
       Total:                          1474    740       0      
                                                                
    C:\ti\ccs1250\ccs\tools\compiler\ti-cgt-arm_20.2.7.LTS\lib\rtsv7M4_T_le_v4SPD16_eabi.lib
       k_rem_pio2.c.obj                1848    344       0      
       s_cos.c.obj                     1500    0         0      
       fd_add_t2.asm.obj               438     0         0      
       k_sin.c.obj                     372     0         0      
       k_cos.c.obj                     368     0         0      
       s_scalbn.c.obj                  272     0         0      
       fd_cmp_t2.asm.obj               268     0         0      
       fd_mul_t2.asm.obj               252     0         0      
       s_floor.c.obj                   248     0         0      
       memcpy_t2.asm.obj               156     0         0      
       memset_t2.asm.obj               122     0         0      
       copy_decompress_lzss.c.obj      104     0         0      
       fd_toi_t2.asm.obj               72      0         0      
       autoinit.c.obj                  68      0         0      
       boot_cortex_m.c.obj             52      0         0      
       i_tofd_t2.asm.obj               46      0         0      
       s_copysign.c.obj                26      0         0      
       strcmp.c.obj                    24      0         0      
       copy_decompress_none.c.obj      14      0         0      
       copy_zero_init.c.obj            12      0         0      
       errno.c.obj                     8       0         4      
       exit.c.obj                      4       0         0      
       pre_init.c.obj                  4       0         0      
    +--+-------------------------------+-------+---------+---------+
       Total:                          6278    344       4      
                                                                
       Stack:                          0       0         512    
       Linker Generated:               0       49        0      
    +--+-------------------------------+-------+---------+---------+
       Grand Total:                    18162   1649      9120   


LINKER GENERATED COPY TABLES

__TI_cinit_table @ 00004d70 records: 2, size/record: 8, table size: 16
	.data: load addr=00004d48, load size=0000000d bytes, run addr=20002360, run size=00000044 bytes, compression=lzss
	.bss: load addr=00004d68, load size=00000008 bytes, run addr=20000000, run size=00002160 bytes, compression=zero_init


LINKER GENERATED HANDLER TABLE

__TI_handler_table @ 00004d58 records: 3, size/record: 4, table size: 12
	index: 0, handler: __TI_decompress_lzss
	index: 1, handler: __TI_decompress_none
	index: 2, handler: __TI_zero_init


FAR CALL TRAMPOLINES

callee name               trampoline name
   callee addr  tramp addr   call addr  call info
--------------  -----------  ---------  ----------------
GPIOPinTypeEthernetLED    $Tramp$TT$S$$GPIOPinTypeEthernetLED
   00004c87     0000433c     000031a2   pinout.obj (.text)
GPIOPadConfigSet          $Tramp$TT$S$$GPIOPadConfigSet
   00004905     00004344     00003186   pinout.obj (.text)
                             000031c2   pinout.obj (.text)
                             000031e8   pinout.obj (.text)
GPIOPinTypeUSBDigital     $Tramp$TT$S$$GPIOPinTypeUSBDigital
   00004d13     0000434c     00003160   pinout.obj (.text)
GPIOPinTypeUSBAnalog      $Tramp$TT$S$$GPIOPinTypeUSBAnalog
   00004cf7     00004354     00003158   pinout.obj (.text)
                             00003168   pinout.obj (.text)
GPIOPinTypeUART           $Tramp$TT$S$$GPIOPinTypeUART
   00004cdb     0000435c     00003138   pinout.obj (.text)
GPIOPinConfigure          $Tramp$TT$S$$GPIOPinConfigure
   00004b71     00004364     00003126   pinout.obj (.text)
                             0000312e   pinout.obj (.text)
                             00003150   pinout.obj (.text)
                             00003194   pinout.obj (.text)
                             0000319a   pinout.obj (.text)
GPIOPinTypeGPIOInput      $Tramp$TT$S$$GPIOPinTypeGPIOInput
   00004ca3     0000436c     00002ffe   main.obj (.text)
                             00003170   pinout.obj (.text)
                             0000317a   pinout.obj (.text)
                             000031ca   pinout.obj (.text)
GPIOPinTypeGPIOOutput     $Tramp$TT$S$$GPIOPinTypeGPIOOutput
   00004cbf     00004374     00002fee   main.obj (.text)
                             00002ff6   main.obj (.text)
                             000031ac   pinout.obj (.text)
                             000031dc   pinout.obj (.text)
SysCtlPeripheralReady     $Tramp$TT$S$$SysCtlPeripheralReady
   00004c1b     0000437c     00002fce   main.obj (.text)
                             00002fd8   main.obj (.text)
                             00002fe2   main.obj (.text)
SysCtlPeripheralEnable    $Tramp$TT$S$$SysCtlPeripheralEnable
   00004c65     00004384     00002fb4   main.obj (.text)
                             00002fba   main.obj (.text)
                             00002fc0   main.obj (.text)
                             000030cc   pinout.obj (.text)
                             000030d2   pinout.obj (.text)
                             000030d8   pinout.obj (.text)
                             000030de   pinout.obj (.text)
                             000030e4   pinout.obj (.text)
                             000030ea   pinout.obj (.text)
                             000030f0   pinout.obj (.text)
                             000030f6   pinout.obj (.text)
                             000030fc   pinout.obj (.text)
                             00003102   pinout.obj (.text)
                             00003108   pinout.obj (.text)
                             0000310e   pinout.obj (.text)
                             00003114   pinout.obj (.text)
                             0000311a   pinout.obj (.text)
                             00003120   pinout.obj (.text)
SysCtlClockFreqSet        $Tramp$TT$S$$SysCtlClockFreqSet
   00004505     0000438c     00002fae   main.obj (.text)
GPIOPinRead               $Tramp$TT$S$$GPIOPinRead
   00004d39     00004394     00002e96   main.obj (.text)
                             00003296   pinout.obj (.text)
                             000032aa   pinout.obj (.text)
                             000032be   pinout.obj (.text)
                             000032d2   pinout.obj (.text)
GPIOPinWrite              $Tramp$TT$S$$GPIOPinWrite
   00004d3f     0000439c     00002e2c   main.obj (.text)
                             00002e3e   main.obj (.text)
                             000031b6   pinout.obj (.text)
                             000031d4   pinout.obj (.text)
                             000031f2   pinout.obj (.text)
                             00003210   pinout.obj (.text)
                             0000321c   pinout.obj (.text)
                             00003232   pinout.obj (.text)
                             0000323e   pinout.obj (.text)
                             00003254   pinout.obj (.text)
                             00003260   pinout.obj (.text)
                             00003276   pinout.obj (.text)
                             00003282   pinout.obj (.text)
_SysCtlMemTimingGet       $Tramp$TT$S$$_SysCtlMemTimingGet
   00004c41     0000474c     000045a8   libdriver.a : sysctl.o (.text.SysCtlClockFreqSet)
                             00004652               : sysctl.o (.text.SysCtlClockFreqSet)
                             0000468e               : sysctl.o (.text.SysCtlClockFreqSet)
                             000046c4               : sysctl.o (.text.SysCtlClockFreqSet)

[14 trampolines]
[65 trampoline calls]


GLOBAL SYMBOLS: SORTED ALPHABETICALLY BY Name 

address   name                               
-------   ----                               
00004339  C$$EXIT                            
00004bed  GPIODirModeSet                     
00004905  GPIOPadConfigSet                   
00004b71  GPIOPinConfigure                   
00004d39  GPIOPinRead                        
00004c87  GPIOPinTypeEthernetLED             
00004ca3  GPIOPinTypeGPIOInput               
00004cbf  GPIOPinTypeGPIOOutput              
00004cdb  GPIOPinTypeUART                    
00004cf7  GPIOPinTypeUSBAnalog               
00004d13  GPIOPinTypeUSBDigital              
00004d3f  GPIOPinWrite                       
00003289  LEDRead                            
000031f9  LEDWrite                           
000030c1  PinoutSet                          
0000431f  ResetISR                           
00004505  SysCtlClockFreqSet                 
00004c65  SysCtlPeripheralEnable             
00004c1b  SysCtlPeripheralReady              
20002360  __STACK_END                        
00000200  __STACK_SIZE                       
20002360  __STACK_TOP                        
00004d70  __TI_CINIT_Base                    
00004d80  __TI_CINIT_Limit                   
00004d58  __TI_Handler_Table_Base            
00004d64  __TI_Handler_Table_Limit           
0000422d  __TI_auto_init_nobinit_nopinit     
0000417b  __TI_decompress_lzss               
00004305  __TI_decompress_none               
ffffffff  __TI_pprof_out_hndl                
ffffffff  __TI_prof_data_size                
ffffffff  __TI_prof_data_start               
00000000  __TI_static_base__                 
00004313  __TI_zero_init                     
00003ff5  __aeabi_cdcmpeq                    
00003ff5  __aeabi_cdcmple                    
0000407b  __aeabi_cdrcmple                   
000041e3  __aeabi_d2iz                       
0000335b  __aeabi_dadd                       
00003b65  __aeabi_dmul                       
00003351  __aeabi_dsub                       
0000432d  __aeabi_errno_addr                 
000042a5  __aeabi_i2d                        
00004101  __aeabi_memclr                     
00004101  __aeabi_memclr4                    
00004101  __aeabi_memclr8                    
00003ed1  __aeabi_memcpy                     
00003ed1  __aeabi_memcpy4                    
00003ed1  __aeabi_memcpy8                    
00004103  __aeabi_memset                     
00004103  __aeabi_memset4                    
00004103  __aeabi_memset8                    
ffffffff  __binit__                          
ffffffff  __c_args__                         
0000367d  __kernel_cos                       
00001f7d  __kernel_rem_pio2                  
00003509  __kernel_sin                       
UNDEFED   __mpu_init                         
20002160  __stack                            
20000000  __start___llvm_prf_cnts            
20000000  __stop___llvm_prf_cnts             
00004271  _c_int00_noargs                    
UNDEFED   _system_post_cinit                 
00004335  _system_pre_init                   
00004339  abort                              
20002398  activationCounterJ1_               
200020a0  adcTP0_                            
200020bc  adcTP1_                            
ffffffff  binit                              
20002128  buttonServiceTP_                   
00003f6d  configureISR                       
000042d3  copysign                           
000042d3  copysignl                          
000026b5  cos                                
000026b5  cosl                               
200023a0  errno                              
00003c61  floor                              
00003c61  floorl                             
00000000  g_pfnVectors                       
00003f8d  gpioPortJIsr                       
00003a55  ldexp                              
00003a55  ldexpl                             
00002c91  main                               
00003ed1  memcpy                             
00004109  memset                             
00000863  pcTaskGetName                      
00003e35  pvPortMalloc                       
00000f91  pvTaskIncrementMutexHeldCount      
20002360  pxCurrentTCB                       
000037ed  pxPortInitialiseStack              
00003a55  scalbn                             
00003a55  scalbnl                            
000042ed  strcmp                             
00004500  ulMaxSyscallInterruptPriority      
00003d69  ulPortGetIPSR                      
00000fa9  ulTaskNotifyTake                   
00003a0b  uxListRemove                       
00001cc5  uxQueueMessagesWaiting             
00001cfb  uxQueueMessagesWaitingFromISR      
00001cdb  uxQueueSpacesAvailable             
0000085d  uxTaskGetNumberOfTasks             
00000f69  uxTaskResetEventItemValue          
00003929  vListInitialise                    
00003959  vListInitialiseItem                
000039a5  vListInsert                        
00003969  vListInsertEnd                     
00003e25  vPortEnableVFP                     
0000388d  vPortEndScheduler                  
0000388f  vPortEnterCritical                 
000038af  vPortExitCritical                  
00003ea5  vPortFree                          
00003eaf  vPortInitialiseBlocks              
00003de1  vPortSVCHandler                    
000038eb  vPortSetupTimerInterrupt           
00003e01  vPortStartFirstTask                
00001d11  vQueueDelete                       
0000047f  vTaskDelay                         
000003ef  vTaskDelayUntil                    
00000729  vTaskEndScheduler                  
00000b85  vTaskInternalSetTimeOutState       
00000c27  vTaskMissedYield                   
000012bd  vTaskNotifyGiveFromISR             
00000a2d  vTaskPlaceOnEventList              
00000a4d  vTaskPlaceOnUnorderedEventList     
00000e95  vTaskPriorityDisinheritAfterTimeout
00000af9  vTaskRemoveFromUnorderedEventList  
000005cd  vTaskResume                        
00000b5b  vTaskSetTimeOutState               
000006df  vTaskStartScheduler                
000004b5  vTaskSuspend                       
00000745  vTaskSuspendAll                    
000009c5  vTaskSwitchContext                 
00003eb7  xPortGetFreeHeapSize               
00003d81  xPortPendSVHandler                 
00003857  xPortStartScheduler                
000038c5  xPortSysTickHandler                
000015b9  xQueueCreateMutex                  
00001505  xQueueGenericCreate                
00001465  xQueueGenericReset                 
000015e5  xQueueGenericSend                  
00001715  xQueueGenericSendFromISR           
000017b1  xQueueGiveFromISR                  
00001f0f  xQueueIsQueueEmptyFromISR          
00001f55  xQueueIsQueueFullFromISR           
00001ab7  xQueuePeek                         
00001c73  xQueuePeekFromISR                  
00001845  xQueueReceive                      
00001bd9  xQueueReceiveFromISR               
0000195d  xQueueSemaphoreTake                
00000ba9  xTaskCheckForTimeOut               
00000201  xTaskCreate                        
000010c5  xTaskGenericNotify                 
000011b5  xTaskGenericNotifyFromISR          
00000ce1  xTaskGetCurrentTaskHandle          
00000833  xTaskGetTickCount                  
00000849  xTaskGetTickCountFromISR           
00000895  xTaskIncrementTick                 
00001369  xTaskNotifyStateClear              
00001025  xTaskNotifyWait                    
00000ddd  xTaskPriorityDisinherit            
00000cf9  xTaskPriorityInherit               
00000a81  xTaskRemoveFromEventList           
00000755  xTaskResumeAll                     
00000659  xTaskResumeFromISR                 
20002150  xdat                               
20002158  ydat                               


GLOBAL SYMBOLS: SORTED BY Symbol Address 

address   name                               
-------   ----                               
00000000  __TI_static_base__                 
00000000  g_pfnVectors                       
00000200  __STACK_SIZE                       
00000201  xTaskCreate                        
000003ef  vTaskDelayUntil                    
0000047f  vTaskDelay                         
000004b5  vTaskSuspend                       
000005cd  vTaskResume                        
00000659  xTaskResumeFromISR                 
000006df  vTaskStartScheduler                
00000729  vTaskEndScheduler                  
00000745  vTaskSuspendAll                    
00000755  xTaskResumeAll                     
00000833  xTaskGetTickCount                  
00000849  xTaskGetTickCountFromISR           
0000085d  uxTaskGetNumberOfTasks             
00000863  pcTaskGetName                      
00000895  xTaskIncrementTick                 
000009c5  vTaskSwitchContext                 
00000a2d  vTaskPlaceOnEventList              
00000a4d  vTaskPlaceOnUnorderedEventList     
00000a81  xTaskRemoveFromEventList           
00000af9  vTaskRemoveFromUnorderedEventList  
00000b5b  vTaskSetTimeOutState               
00000b85  vTaskInternalSetTimeOutState       
00000ba9  xTaskCheckForTimeOut               
00000c27  vTaskMissedYield                   
00000ce1  xTaskGetCurrentTaskHandle          
00000cf9  xTaskPriorityInherit               
00000ddd  xTaskPriorityDisinherit            
00000e95  vTaskPriorityDisinheritAfterTimeout
00000f69  uxTaskResetEventItemValue          
00000f91  pvTaskIncrementMutexHeldCount      
00000fa9  ulTaskNotifyTake                   
00001025  xTaskNotifyWait                    
000010c5  xTaskGenericNotify                 
000011b5  xTaskGenericNotifyFromISR          
000012bd  vTaskNotifyGiveFromISR             
00001369  xTaskNotifyStateClear              
00001465  xQueueGenericReset                 
00001505  xQueueGenericCreate                
000015b9  xQueueCreateMutex                  
000015e5  xQueueGenericSend                  
00001715  xQueueGenericSendFromISR           
000017b1  xQueueGiveFromISR                  
00001845  xQueueReceive                      
0000195d  xQueueSemaphoreTake                
00001ab7  xQueuePeek                         
00001bd9  xQueueReceiveFromISR               
00001c73  xQueuePeekFromISR                  
00001cc5  uxQueueMessagesWaiting             
00001cdb  uxQueueSpacesAvailable             
00001cfb  uxQueueMessagesWaitingFromISR      
00001d11  vQueueDelete                       
00001f0f  xQueueIsQueueEmptyFromISR          
00001f55  xQueueIsQueueFullFromISR           
00001f7d  __kernel_rem_pio2                  
000026b5  cos                                
000026b5  cosl                               
00002c91  main                               
000030c1  PinoutSet                          
000031f9  LEDWrite                           
00003289  LEDRead                            
00003351  __aeabi_dsub                       
0000335b  __aeabi_dadd                       
00003509  __kernel_sin                       
0000367d  __kernel_cos                       
000037ed  pxPortInitialiseStack              
00003857  xPortStartScheduler                
0000388d  vPortEndScheduler                  
0000388f  vPortEnterCritical                 
000038af  vPortExitCritical                  
000038c5  xPortSysTickHandler                
000038eb  vPortSetupTimerInterrupt           
00003929  vListInitialise                    
00003959  vListInitialiseItem                
00003969  vListInsertEnd                     
000039a5  vListInsert                        
00003a0b  uxListRemove                       
00003a55  ldexp                              
00003a55  ldexpl                             
00003a55  scalbn                             
00003a55  scalbnl                            
00003b65  __aeabi_dmul                       
00003c61  floor                              
00003c61  floorl                             
00003d69  ulPortGetIPSR                      
00003d81  xPortPendSVHandler                 
00003de1  vPortSVCHandler                    
00003e01  vPortStartFirstTask                
00003e25  vPortEnableVFP                     
00003e35  pvPortMalloc                       
00003ea5  vPortFree                          
00003eaf  vPortInitialiseBlocks              
00003eb7  xPortGetFreeHeapSize               
00003ed1  __aeabi_memcpy                     
00003ed1  __aeabi_memcpy4                    
00003ed1  __aeabi_memcpy8                    
00003ed1  memcpy                             
00003f6d  configureISR                       
00003f8d  gpioPortJIsr                       
00003ff5  __aeabi_cdcmpeq                    
00003ff5  __aeabi_cdcmple                    
0000407b  __aeabi_cdrcmple                   
00004101  __aeabi_memclr                     
00004101  __aeabi_memclr4                    
00004101  __aeabi_memclr8                    
00004103  __aeabi_memset                     
00004103  __aeabi_memset4                    
00004103  __aeabi_memset8                    
00004109  memset                             
0000417b  __TI_decompress_lzss               
000041e3  __aeabi_d2iz                       
0000422d  __TI_auto_init_nobinit_nopinit     
00004271  _c_int00_noargs                    
000042a5  __aeabi_i2d                        
000042d3  copysign                           
000042d3  copysignl                          
000042ed  strcmp                             
00004305  __TI_decompress_none               
00004313  __TI_zero_init                     
0000431f  ResetISR                           
0000432d  __aeabi_errno_addr                 
00004335  _system_pre_init                   
00004339  C$$EXIT                            
00004339  abort                              
00004500  ulMaxSyscallInterruptPriority      
00004505  SysCtlClockFreqSet                 
00004905  GPIOPadConfigSet                   
00004b71  GPIOPinConfigure                   
00004bed  GPIODirModeSet                     
00004c1b  SysCtlPeripheralReady              
00004c65  SysCtlPeripheralEnable             
00004c87  GPIOPinTypeEthernetLED             
00004ca3  GPIOPinTypeGPIOInput               
00004cbf  GPIOPinTypeGPIOOutput              
00004cdb  GPIOPinTypeUART                    
00004cf7  GPIOPinTypeUSBAnalog               
00004d13  GPIOPinTypeUSBDigital              
00004d39  GPIOPinRead                        
00004d3f  GPIOPinWrite                       
00004d58  __TI_Handler_Table_Base            
00004d64  __TI_Handler_Table_Limit           
00004d70  __TI_CINIT_Base                    
00004d80  __TI_CINIT_Limit                   
20000000  __start___llvm_prf_cnts            
20000000  __stop___llvm_prf_cnts             
200020a0  adcTP0_                            
200020bc  adcTP1_                            
20002128  buttonServiceTP_                   
20002150  xdat                               
20002158  ydat                               
20002160  __stack                            
20002360  __STACK_END                        
20002360  __STACK_TOP                        
20002360  pxCurrentTCB                       
20002398  activationCounterJ1_               
200023a0  errno                              
ffffffff  __TI_pprof_out_hndl                
ffffffff  __TI_prof_data_size                
ffffffff  __TI_prof_data_start               
ffffffff  __binit__                          
ffffffff  __c_args__                         
ffffffff  binit                              
UNDEFED   __mpu_init                         
UNDEFED   _system_post_cinit                 

[166 symbols]
